D:\SVN_code\02.Software\01.CCU01\02.src\CCU01_DCDC\CCU01_BOOT_RT1021\CMSIS/mpu_armv7.h:204:22:ARM_MPU_Disable	4	static
D:\SVN_code\02.Software\01.CCU01\02.src\CCU01_DCDC\CCU01_BOOT_RT1021\drivers/fsl_gpio.h:176:24:GPIO_PinRead	16	static
../source/main.c:78:6:FLEXSPI_NorFlash_GetConfig	16	static
../source/main.c:156:6:SysTick_DelayTicks	16	static
../source/main.c:171:6:error_trap	8	static
../source/main.c:187:6:app_finalize	8	static
../source/main.c:199:10:FLEXSPI_NorFlash_GetVendorID	72	static
../source/main.c:226:6:SBL_DisablePeripherals	24	static
../source/main.c:234:6:cleanup	8	static
../source/main.c:239:6:Jump_To_App	24	static
../source/main.c:254:6:CheckAppIntegFg	40	static
../source/main.c:274:6:FeedWatchDog	8	static
../source/main.c:280:6:BackupRunningAppArea	32	static
../source/main.c:358:6:TransferNewApp2RunningArea	32	static
../source/main.c:445:6:RecoverBackupApp2RunningArea	32	static
../source/main.c:516:6:flexspi_flash_buffer_write_a_page	24	static
../source/main.c:529:6:WriteAppInterFg2Flash	8	static
../source/main.c:534:6:EarseNewAppInteg	8	static
../source/main.c:540:6:User_NorFlashInit	16	static
../source/main.c:573:5:main	16	static
