D:\SVN_code\02.Software\01.CCU01\02.src\CCU01_DCDC\CCU01_APP_RT1021\drivers/fsl_gpio.h:176:24:GPIO_PinRead	16	static
../user_code/APP/fault/emergency_fault.c:39:6:PileFaultCodeCheck	80	static
../user_code/APP/fault/emergency_fault.c:73:6:RecoverableWarnCodeCheck	24	static
../user_code/APP/fault/emergency_fault.c:105:6:RecoverableFaultCodeCheck	24	static
../user_code/APP/fault/emergency_fault.c:132:16:FaultCodeCheck	184	static
../user_code/APP/fault/emergency_fault.c:185:13:AlarmSemRelease	8	static
../user_code/APP/fault/emergency_fault.c:201:13:ClearBitGeneric	80	static
../user_code/APP/fault/emergency_fault.c:254:6:GunAlarmResetTest	24	static
../user_code/APP/fault/emergency_fault.c:282:6:GunAlarmReset	24	static
../user_code/APP/fault/emergency_fault.c:310:6:GunAlarmSet	72	static
../user_code/APP/fault/emergency_fault.c:381:6:PileAlarmResetTest	40	static
../user_code/APP/fault/emergency_fault.c:452:6:PileAlarmReset	40	static
../user_code/APP/fault/emergency_fault.c:524:6:PileAlarmSet	32	static
../user_code/APP/fault/emergency_fault.c:578:6:GunReturnResetAlarm	16	static
../user_code/APP/fault/emergency_fault.c:610:13:GunReturnTimeoutcheck	24	static
../user_code/APP/fault/emergency_fault.c:637:13:GunRestoreReturnCheck	16	static
../user_code/APP/fault/emergency_fault.c:658:13:GunReturnCheck	16	static
../user_code/APP/fault/emergency_fault.c:684:13:RunEmergencyGunReturnCheck	8	static
../user_code/APP/fault/emergency_fault.c:752:13:RunEmergencyScram	8	static
../user_code/APP/fault/emergency_fault.c:962:13:RunSPDCheck	8	static
../user_code/APP/fault/emergency_fault.c:997:13:RunFuseIOCheck	8	static
../user_code/APP/fault/emergency_fault.c:1071:13:PositiveTempCheck	32	static
../user_code/APP/fault/emergency_fault.c:1175:13:NegativeTempCheck	32	static
../user_code/APP/fault/emergency_fault.c:1279:13:GunTempDiffCheck	32	static
../user_code/APP/fault/emergency_fault.c:1334:13:RunGunTempCheck	8	static
../user_code/APP/fault/emergency_fault.c:1349:13:GunNegativeRelay	32	static
../user_code/APP/fault/emergency_fault.c:1465:13:GunPositiveRelay	32	static
../user_code/APP/fault/emergency_fault.c:1583:13:Assist_Power_RelayCheck	32	static
../user_code/APP/fault/emergency_fault.c:1699:13:Gun_Lock_RelayCheck	32	static
../user_code/APP/fault/emergency_fault.c:1816:13:RunCigRelayCheck	16	static
../user_code/APP/fault/emergency_fault.c:1841:13:RunHighVolRelayCheck	8	static
../user_code/APP/fault/emergency_fault.c:1849:13:Emergency_Fault_Check_Task	16	static
../user_code/APP/fault/emergency_fault.c:1889:13:Scram_Check_Task	16	static
../user_code/APP/fault/emergency_fault.c:1903:6:Emergency_Fault_Init_Task	24	static
