E:\0003.Charger_Software\02.PDU01\02.src\PDU01_APP_RT1021\CMSIS/core_cm7.h:1911:22:__NVIC_EnableIRQ	16	static
E:\0003.Charger_Software\02.PDU01\02.src\PDU01_APP_RT1021\CMSIS/core_cm7.h:2041:22:__NVIC_SetPriority	16	static
E:\0003.Charger_Software\02.PDU01\02.src\PDU01_APP_RT1021\drivers/fsl_common_arm.h:570:24:EnableIRQ	24	static
E:\0003.Charger_Software\02.PDU01\02.src\PDU01_APP_RT1021\drivers/fsl_gpio.h:112:20:GPIO_PortSet	16	static
E:\0003.Charger_Software\02.PDU01\02.src\PDU01_APP_RT1021\drivers/fsl_gpio.h:136:20:GPIO_PortClear	16	static
../user_code/HAL/hal_uart/hal_uart.c:128:6:blCheckUsartUpdateMsg	40	static
../user_code/HAL/hal_uart/hal_uart.c:181:21:RecUpgradeData	16	static
../user_code/HAL/hal_uart/hal_uart.c:220:10:RecUartData	16	static
../user_code/HAL/hal_uart/hal_uart.c:237:19:Uart_recBinarySemaphore	16	static
../user_code/HAL/hal_uart/hal_uart.c:242:19:Uart_sendBinarySemaphore	16	static
../user_code/HAL/hal_uart/hal_uart.c:247:19:Uart_commMutexSemaphore	16	static
../user_code/HAL/hal_uart/hal_uart.c:252:6:Rs485_1_ConnPin_Enable	8	static
../user_code/HAL/hal_uart/hal_uart.c:257:6:Rs485_1_ConnPin_Disable	8	static
../user_code/HAL/hal_uart/hal_uart.c:262:6:Uart_Dma_Send	24	static
../user_code/HAL/hal_uart/hal_uart.c:305:6:LPUART_DmaCallback	32	static
../user_code/HAL/hal_uart/hal_uart.c:324:6:LPUART_IRQ_User_handle	24	static
../user_code/HAL/hal_uart/hal_uart.c:356:6:Uart_BaudRate_Reinit	16	static
../user_code/HAL/hal_uart/hal_uart.c:372:6:Uart_Dma_Init	16	static
../user_code/HAL/hal_uart/hal_uart.c:381:6:Uart_Init	16	static
../user_code/HAL/hal_uart/hal_uart.c:390:6:Hal_Uart_Init	24	static
