D:\svn\02.src\CCU01_APP_RT1021\drivers/fsl_gpio.h:112:20:GPIO_PortSet	16	static
D:\svn\02.src\CCU01_APP_RT1021\drivers/fsl_gpio.h:136:20:GPIO_PortClear	16	static
D:\svn\02.src\CCU01_APP_RT1021\drivers/fsl_gpio.h:176:24:GPIO_PinRead	16	static
../user_code/APP/charge_control/charge_general.c:60:30:GetSeccModelByGun	32	static
../user_code/APP/charge_control/charge_general.c:103:13:SeccModuleSelect	8	static
../user_code/APP/charge_control/charge_general.c:116:13:Send2SeccCHM	32	static
../user_code/APP/charge_control/charge_general.c:150:13:Send2SeccCRM	40	static
../user_code/APP/charge_control/charge_general.c:187:4:DECtoBCD	24	static
../user_code/APP/charge_control/charge_general.c:205:13:Send2SeccCTS	72	static
../user_code/APP/charge_control/charge_general.c:255:13:Send2SeccCML	48	static
../user_code/APP/charge_control/charge_general.c:294:13:Send2SeccCRO	32	static
../user_code/APP/charge_control/charge_general.c:329:13:Send2SeccCCS	48	static
../user_code/APP/charge_control/charge_general.c:385:13:Send2SeccCST	40	static
../user_code/APP/charge_control/charge_general.c:418:13:Send2SeccCSD	40	static
../user_code/APP/charge_control/charge_general.c:460:13:Send2SeccCEM	40	static
../user_code/APP/charge_control/charge_general.c:533:6:SeccMessageSend	24	static
../user_code/APP/charge_control/charge_general.c:572:4:AS_GetGunPrechargeStatus	16	static
../user_code/APP/charge_control/charge_general.c:587:12:GetGunStatus	16	static
../user_code/APP/charge_control/charge_general.c:597:6:CheckAnotherGunStatus	16	static
../user_code/APP/charge_control/charge_general.c:624:6:ClearChargingData	16	static
../user_code/APP/charge_control/charge_general.c:641:6:SendGunConnectAbort	32	static
../user_code/APP/charge_control/charge_general.c:674:6:SendGunRecBRMRequestPack	32	static
../user_code/APP/charge_control/charge_general.c:707:6:SendGunRecBRMEndPack	32	static
../user_code/APP/charge_control/charge_general.c:740:6:SendGunRecBCPRequestPack	32	static
../user_code/APP/charge_control/charge_general.c:773:6:SendGunRecBCPEndPack	32	static
../user_code/APP/charge_control/charge_general.c:806:6:SendGunRecBCSRequestPack	32	static
../user_code/APP/charge_control/charge_general.c:839:6:SendGunRecBCSEndPack	32	static
../user_code/APP/charge_control/charge_general.c:872:6:SendGunRecBSPRequestPack	32	static
../user_code/APP/charge_control/charge_general.c:905:6:SendGunRecBSPEndPack	32	static
../user_code/APP/charge_control/charge_general.c:938:6:SendGunRecBMVRequestPack	32	static
../user_code/APP/charge_control/charge_general.c:971:6:SendGunRecBMVEndPack	32	static
../user_code/APP/charge_control/charge_general.c:1004:6:SendGunRecBMTRequestPack	32	static
../user_code/APP/charge_control/charge_general.c:1037:6:SendGunRecBMTEndPack	32	static
../user_code/APP/charge_control/charge_general.c:1075:6:SendStopChargeMsg	24	static
../user_code/APP/charge_control/charge_general.c:1113:6:StartChargeControl	16	static
../user_code/APP/charge_control/charge_general.c:1133:6:StopChargeControl	16	static
../user_code/APP/charge_control/charge_general.c:1153:6:BmsStageSwitchCheck	16	static
../user_code/APP/charge_control/charge_general.c:1185:6:RelayControl_A	16	static
../user_code/APP/charge_control/charge_general.c:1242:6:StopRelayControl_A	8	static
../user_code/APP/charge_control/charge_general.c:1265:6:RelayControl_B	16	static
../user_code/APP/charge_control/charge_general.c:1322:6:StopRelayControl_B	8	static
../user_code/APP/charge_control/charge_general.c:1342:13:StopChargeRelayControl	16	static
../user_code/APP/charge_control/charge_general.c:1370:6:StartPrechargeRelayControl	16	static
../user_code/APP/charge_control/charge_general.c:1398:6:PrechargeFailRelayControl	16	static
../user_code/APP/charge_control/charge_general.c:1426:6:PrechargeFinishRelayControl	16	static
../user_code/APP/charge_control/charge_general.c:1456:13:StartChargeRelayControl	16	static
../user_code/APP/charge_control/charge_general.c:1484:6:AS_CheckSysChargingErr	24	static
../user_code/APP/charge_control/charge_general.c:1536:13:BmsOverVolCheck	72	static
../user_code/APP/charge_control/charge_general.c:1668:13:BmsUnderVolCheck	64	static
../user_code/APP/charge_control/charge_general.c:1773:13:BmsOverCurCheck	48	static
../user_code/APP/charge_control/charge_general.c:1881:6:BmsChargingAlarmCheck	16	static
../user_code/APP/charge_control/charge_general.c:1898:17:AS_BmsHandshakeTreat	40	static
../user_code/APP/charge_control/charge_general.c:2019:13:InsulationVolBoost	56	static
../user_code/APP/charge_control/charge_general.c:2130:13:InsulationPressureRelief	48	static
../user_code/APP/charge_control/charge_general.c:2191:6:BmsInsulationCheck	48	static
../user_code/APP/charge_control/charge_general.c:2296:17:AS_BmsConfigTreat	48	static
../user_code/APP/charge_control/charge_general.c:2478:6:PrechargeFailProcess	56	static
../user_code/APP/charge_control/charge_general.c:2526:6:AS_BmsPrechargeTreat	40	static
../user_code/APP/charge_control/charge_general.c:2623:17:AS_BmsChargingTreat	40	static
../user_code/APP/charge_control/charge_general.c:2729:6:AS_BmsTimeoutTreat	40	static
../user_code/APP/charge_control/charge_general.c:2818:6:AS_BmsStopChargeTreat	40	static
../user_code/APP/charge_control/charge_general.c:2921:6:CloseLockAndAssist	32	static
../user_code/APP/charge_control/charge_general.c:2988:6:ChargeStartVoltageCheck	40	static
../user_code/APP/charge_control/charge_general.c:3031:13:ChargeEnd	16	static
../user_code/APP/charge_control/charge_general.c:3082:6:ChargeFinishProcess	24	static
../user_code/APP/charge_control/charge_general.c:3124:13:CommonChargeControl	32	static
../user_code/APP/charge_control/charge_general.c:3147:13:Charge_CanA_Control_Task	16	static
../user_code/APP/charge_control/charge_general.c:3190:13:Charge_CanB_Control_Task	16	static
../user_code/APP/charge_control/charge_general.c:3234:13:CommonCanMsgSend	32	static
../user_code/APP/charge_control/charge_general.c:3253:13:Charge_CanA_Msg_Send_Task	16	static
../user_code/APP/charge_control/charge_general.c:3271:13:Charge_CanB_Msg_Send_Task	16	static
../user_code/APP/charge_control/charge_general.c:3286:6:Charge_Init_Task	24	static
