../user_code/APP/charge_control/RKN_can_parse_A.c:35:13:RecvMultipackTimeoutCb_A	24	static
../user_code/APP/charge_control/RKN_can_parse_A.c:70:6:RecvMultipackTimerTreat_A	32	static
../user_code/APP/charge_control/RKN_can_parse_A.c:161:6:AS_BcpPrase	40	static
../user_code/APP/charge_control/RKN_can_parse_A.c:196:6:AS_BcsPrase	32	static
../user_code/APP/charge_control/RKN_can_parse_A.c:226:13:MessageSequenceParseFunc	24	static
../user_code/APP/charge_control/RKN_can_parse_A.c:261:13:ErrorCodeByCP_ParseFunc	24	static
../user_code/APP/charge_control/RKN_can_parse_A.c:318:13:ErrorCodeIIParseFunc	24	static
../user_code/APP/charge_control/RKN_can_parse_A.c:684:13:EVErrorCodeByEV_ParseFunc	24	static
../user_code/APP/charge_control/RKN_can_parse_A.c:759:13:ErrorCodeParseFunc	24	static
../user_code/APP/charge_control/RKN_can_parse_A.c:1320:6:RKNBstMessageProcess	24	static
../user_code/APP/charge_control/RKN_can_parse_A.c:1369:6:RKNBemTimeoutProcess	24	static
../user_code/APP/charge_control/RKN_can_parse_A.c:1448:6:RKNBemErrorProcess	32	static
../user_code/APP/charge_control/RKN_can_parse_A.c:1495:6:HandleEBMultipack_A	32	static
../user_code/APP/charge_control/RKN_can_parse_A.c:1572:6:RKNCAN1Parse	40	static
