D:\svn\02.src\CCU01_APP_RT1021\drivers/fsl_gpio.h:176:24:GPIO_PinRead	16	static
../user_code/APP/charge_can/charge_can.c:42:13:ProductionDataSendToEth	120	static
../user_code/APP/charge_can/charge_can.c:81:13:ModeControlProcess	40	static
../user_code/APP/charge_can/charge_can.c:175:13:RelayDoControlProcess	40	static
../user_code/APP/charge_can/charge_can.c:307:12:GetFu1FbStatus	8	static
../user_code/APP/charge_can/charge_can.c:312:12:GetFu2FbStatus	8	static
../user_code/APP/charge_can/charge_can.c:317:12:GetPositiveRelayAFbStatus	8	static
../user_code/APP/charge_can/charge_can.c:322:12:GetNegativeRelayAFbStatus	8	static
../user_code/APP/charge_can/charge_can.c:327:12:GetPositiveRelayBFbStatus	8	static
../user_code/APP/charge_can/charge_can.c:332:12:GetNegativeRelayBFbStatus	8	static
../user_code/APP/charge_can/charge_can.c:337:12:GetGun1FbStatus	8	static
../user_code/APP/charge_can/charge_can.c:342:12:GetGun2FbStatus	8	static
../user_code/APP/charge_can/charge_can.c:347:12:GetDiScramStatus	8	static
../user_code/APP/charge_can/charge_can.c:352:12:GetDiSpdStatus	8	static
../user_code/APP/charge_can/charge_can.c:357:12:GetDiHitStatus	8	static
../user_code/APP/charge_can/charge_can.c:362:12:GetDiWaterStatus	8	static
../user_code/APP/charge_can/charge_can.c:367:12:GetDiDoorStatus	8	static
../user_code/APP/charge_can/charge_can.c:372:12:GetDiMcbStatus	8	static
../user_code/APP/charge_can/charge_can.c:377:12:GetWdiPfoStatus	8	static
../user_code/APP/charge_can/charge_can.c:382:13:RelayDiCheckProcess	48	static
../user_code/APP/charge_can/charge_can.c:451:13:TempCheckProcess	48	static
../user_code/APP/charge_can/charge_can.c:513:13:PwmCheckProcess	40	static
../user_code/APP/charge_can/charge_can.c:600:13:SoftwareCheckProcess	64	static
../user_code/APP/charge_can/charge_can.c:676:13:EepromCheckProcess	40	static
../user_code/APP/charge_can/charge_can.c:735:13:WatchdogCheckProcess	40	static
../user_code/APP/charge_can/charge_can.c:793:13:DeviceAddressCheck	40	static
../user_code/APP/charge_can/charge_can.c:882:13:DeviceLedControl	32	static
../user_code/APP/charge_can/charge_can.c:925:13:DeviceSnWrite	48	static
../user_code/APP/charge_can/charge_can.c:1038:13:DeviceSnRead	32	static
../user_code/APP/charge_can/charge_can.c:1146:6:ProductionProcess	24	static
../user_code/APP/charge_can/charge_can.c:1199:6:CAN1_ChargeDataParse	16	static
../user_code/APP/charge_can/charge_can.c:1241:6:CAN2_ChargeDataParse	16	static
../user_code/APP/charge_can/charge_can.c:1283:13:Charge_A_Can_Parse	24	static
../user_code/APP/charge_can/charge_can.c:1341:13:Charge_B_Can_Parse	24	static
../user_code/APP/charge_can/charge_can.c:1399:13:ChargeCanCommCheck	24	static
../user_code/APP/charge_can/charge_can.c:1453:13:Charge_A_Can_Parse_Task	40	static
../user_code/APP/charge_can/charge_can.c:1485:13:Charge_B_Can_Parse_Task	40	static
../user_code/APP/charge_can/charge_can.c:1517:13:Charge_Can_COMM_CHECK_Task	16	static
../user_code/APP/charge_can/charge_can.c:1534:6:Charge_Can_Comm_Init_task	24	static
