D:\SVN_code\02.Software\01.CCU01\02.src\CCU01_DCDC\CCU01_APP_RT1021\drivers/fsl_gpio.h:112:20:GPIO_PortSet	16	static
../user_code/APP/cm_backtrace/cm_backtrace.c:150:6:cm_backtrace_init	24	static
../user_code/APP/cm_backtrace/cm_backtrace.c:185:6:cm_backtrace_firmware_info	8	static
../user_code/APP/cm_backtrace/cm_backtrace.c:197:13:get_cur_thread_stack_info	24	static
../user_code/APP/cm_backtrace/cm_backtrace.c:233:20:get_cur_thread_name	8	static
../user_code/APP/cm_backtrace/cm_backtrace.c:270:13:dump_stack	32	static
../user_code/APP/cm_backtrace/cm_backtrace.c:294:13:disassembly_ins_is_bl_blx	24	static
../user_code/APP/cm_backtrace/cm_backtrace.c:313:8:cm_backtrace_call_stack_any	32	static
../user_code/APP/cm_backtrace/cm_backtrace.c:347:8:cm_backtrace_call_stack	56	static
../user_code/APP/cm_backtrace/cm_backtrace.c:416:13:print_call_stack	160	static
../user_code/APP/cm_backtrace/cm_backtrace.c:440:6:cm_backtrace_assert	40	static
../user_code/APP/cm_backtrace/cm_backtrace.c:488:13:fault_diagnosis	8	static
../user_code/APP/cm_backtrace/cm_backtrace.c:605:17:statck_del_fpu_regs	16	static
../user_code/APP/cm_backtrace/cm_backtrace.c:620:6:cm_backtrace_fault	120	static
../user_code/APP/cm_backtrace/cm_backtrace.c:726:6:HardFaultPrintf	144	static
