../user_code/APP/led/led.c:41:13:LedPwmLight	32	static
../user_code/APP/led/led.c:120:13:LedPwmTest	24	static
../user_code/APP/led/led.c:175:13:LedPwmFlash	24	static
../user_code/APP/led/led.c:218:13:LedBreathTimeoutCallback	24	static
../user_code/APP/led/led.c:298:13:LedPWMBreath	24	static
../user_code/APP/led/led.c:370:13:LedControl_B	24	static
../user_code/APP/led/led.c:434:13:LedControl_A	24	static
../user_code/APP/led/led.c:503:6:LedFlashControl	8	static
../user_code/APP/led/led.c:520:13:LED_Control_Task_A	16	static
../user_code/APP/led/led.c:552:13:LED_Control_Task_B	16	static
../user_code/APP/led/led.c:582:6:Led_Init_Task	24	static
