D:\SVN_code\02.Software\01.CCU01\02.src\CCU01_DCDC\CCU01_APP_RT1021\drivers/fsl_gpio.h:176:24:GPIO_PinRead	16	static
../user_code/APP/charge_can/charge_can.c:41:13:ProductionDataSendToEth	120	static
../user_code/APP/charge_can/charge_can.c:80:13:ModeControlProcess	40	static
../user_code/APP/charge_can/charge_can.c:174:13:RelayDoControlProcess	40	static
../user_code/APP/charge_can/charge_can.c:334:12:GetFu1FbStatus	8	static
../user_code/APP/charge_can/charge_can.c:339:12:GetFu2FbStatus	8	static
../user_code/APP/charge_can/charge_can.c:344:12:GetPositiveRelayAFbStatus	8	static
../user_code/APP/charge_can/charge_can.c:349:12:GetNegativeRelayAFbStatus	8	static
../user_code/APP/charge_can/charge_can.c:354:12:GetPositiveRelayBFbStatus	8	static
../user_code/APP/charge_can/charge_can.c:359:12:GetNegativeRelayBFbStatus	8	static
../user_code/APP/charge_can/charge_can.c:364:12:GetGun1FbStatus	8	static
../user_code/APP/charge_can/charge_can.c:369:12:GetGun2FbStatus	8	static
../user_code/APP/charge_can/charge_can.c:374:12:GetDiScramStatus	8	static
../user_code/APP/charge_can/charge_can.c:379:12:GetDiSpdStatus	8	static
../user_code/APP/charge_can/charge_can.c:384:12:GetDiHitStatus	8	static
../user_code/APP/charge_can/charge_can.c:389:12:GetDiWaterStatus	8	static
../user_code/APP/charge_can/charge_can.c:394:12:GetDiDoorStatus	8	static
../user_code/APP/charge_can/charge_can.c:399:12:GetDiMcbStatus	8	static
../user_code/APP/charge_can/charge_can.c:404:12:GetWdiPfoStatus	8	static
../user_code/APP/charge_can/charge_can.c:409:13:RelayDiCheckProcess	48	static
../user_code/APP/charge_can/charge_can.c:478:13:TempCheckProcess	48	static
../user_code/APP/charge_can/charge_can.c:540:13:PwmCheckProcess	40	static
../user_code/APP/charge_can/charge_can.c:626:13:SoftwareCheckProcess	64	static
../user_code/APP/charge_can/charge_can.c:702:13:EepromCheckProcess	40	static
../user_code/APP/charge_can/charge_can.c:761:13:WatchdogCheckProcess	40	static
../user_code/APP/charge_can/charge_can.c:819:13:DeviceAddressCheck	40	static
../user_code/APP/charge_can/charge_can.c:908:13:DeviceLedControl	32	static
../user_code/APP/charge_can/charge_can.c:951:13:DeviceSnWrite	48	static
../user_code/APP/charge_can/charge_can.c:1064:13:DeviceSnRead	32	static
../user_code/APP/charge_can/charge_can.c:1172:6:ProductionProcess	24	static
../user_code/APP/charge_can/charge_can.c:1225:6:CAN1_ChargeDataParse	16	static
../user_code/APP/charge_can/charge_can.c:1267:6:CAN2_ChargeDataParse	16	static
../user_code/APP/charge_can/charge_can.c:1309:13:Charge_A_Can_Parse	24	static
../user_code/APP/charge_can/charge_can.c:1367:13:Charge_B_Can_Parse	24	static
../user_code/APP/charge_can/charge_can.c:1425:13:ChargeCanCommCheck	24	static
../user_code/APP/charge_can/charge_can.c:1474:13:Charge_A_Can_Parse_Task	40	static
../user_code/APP/charge_can/charge_can.c:1506:13:Charge_B_Can_Parse_Task	40	static
../user_code/APP/charge_can/charge_can.c:1538:13:Charge_Can_COMM_CHECK_Task	16	static
../user_code/APP/charge_can/charge_can.c:1560:6:Charge_Can_Comm_Init_task	24	static
