E:\0003.Charger_Software\02.PDU01\02.src\PDU01_APP_RT1021\drivers/fsl_gpio.h:176:24:GPIO_PinRead	16	static
../user_code/APP/pdu_can/pdu_can.c:51:6:FillPduMsFrame_1501	56	static
../user_code/APP/pdu_can/pdu_can.c:81:6:FillPduMsFrame_1502	56	static
../user_code/APP/pdu_can/pdu_can.c:110:6:FillPduMsFrame_1401	56	static
../user_code/APP/pdu_can/pdu_can.c:140:6:FillPduMsFrame_1301	56	static
../user_code/APP/pdu_can/pdu_can.c:169:6:FillPduMsFrame_1302	56	static
../user_code/APP/pdu_can/pdu_can.c:198:6:FillPduMsFrame_13A0	56	static
../user_code/APP/pdu_can/pdu_can.c:229:6:FillPduMsFrame_13A1	48	static
../user_code/APP/pdu_can/pdu_can.c:246:6:ParseFactoryTestMsg	16	static
../user_code/APP/pdu_can/pdu_can.c:254:6:ParseLedSyncMsg	16	static
../user_code/APP/pdu_can/pdu_can.c:271:6:SoftwareInfoSend	32	static
../user_code/APP/pdu_can/pdu_can.c:311:6:HardwareInfoSend	32	static
../user_code/APP/pdu_can/pdu_can.c:352:6:Pdu_Can_Parse	32	static
../user_code/APP/pdu_can/pdu_can.c:397:6:AddrRepeatMonitor	8	static
../user_code/APP/pdu_can/pdu_can.c:414:6:PcuOfflineMonitor	8	static
../user_code/APP/pdu_can/pdu_can.c:432:6:PduSumMsgCanSendFunc	8	static
../user_code/APP/pdu_can/pdu_can.c:461:6:PeriodicSoftwareInfoSend	8	static
../user_code/APP/pdu_can/pdu_can.c:478:6:PeriodicHardwareInfoSend	8	static
../user_code/APP/pdu_can/pdu_can.c:495:6:ConfigInfoSend	32	static
../user_code/APP/pdu_can/pdu_can.c:524:6:RelayInfoSend	56	static
../user_code/APP/pdu_can/pdu_can.c:573:6:LedSyncMsgSend	48	static
../user_code/APP/pdu_can/pdu_can.c:602:6:PduInfoCanSendMonitor	8	static
../user_code/APP/pdu_can/pdu_can.c:610:6:LedSyncMonitor	16	static
../user_code/APP/pdu_can/pdu_can.c:628:6:Pdu_Can_Monitor_Task	40	static
../user_code/APP/pdu_can/pdu_can.c:667:6:Pdu_Can_Send_Task	24	static
../user_code/APP/pdu_can/pdu_can.c:691:6:Pdu_Can_Parse_Task	40	static
../user_code/APP/pdu_can/pdu_can.c:721:6:SuspendPduCanSendTaskFunc	8	static
../user_code/APP/pdu_can/pdu_can.c:742:6:ResumePduCanSendTaskFunc	8	static
../user_code/APP/pdu_can/pdu_can.c:757:6:SendResetCountMsg	32	static
../user_code/APP/pdu_can/pdu_can.c:780:6:Pdu_Can_Comm_Init_task	32	static
