../user_code/APP/imd/imd.c:32:13:ImdModuleSelect	16	static
../user_code/APP/imd/imd.c:58:6:ImdUartSend	32	static
../user_code/APP/imd/imd.c:90:13:ImdComCheck	8	static
../user_code/APP/imd/imd.c:136:13:GunAImdControl	8	static
../user_code/APP/imd/imd.c:186:13:GunBImdControl	8	static
../user_code/APP/imd/imd.c:240:13:ImdDataCheck	32	static
../user_code/APP/imd/imd.c:312:13:ImdStatusParse	32	static
../user_code/APP/imd/imd.c:401:13:ImdDataProcess	24	static
../user_code/APP/imd/imd.c:444:13:Imd_Parse_Task	24	static
../user_code/APP/imd/imd.c:475:13:Imd_Request_Task	16	static
../user_code/APP/imd/imd.c:533:6:Imd_Init_Task	24	static
