../user_code/APP/meter/meter.c:34:13:MeterModuleSelect	16	static
../user_code/APP/meter/meter.c:65:6:MeterUartSend	32	static
../user_code/APP/meter/meter.c:99:7:gHexToFloat	32	static
../user_code/APP/meter/meter.c:124:13:MeterComCheck	8	static
../user_code/APP/meter/meter.c:165:13:Meter_Request_Task	64	static
../user_code/APP/meter/meter.c:232:13:MeterDataProcess	24	static
../user_code/APP/meter/meter.c:280:13:Meter_Parse_Task	24	static
../user_code/APP/meter/meter.c:311:6:Meter_Init_Task	24	static
