../user_code/APP/led/led.c:40:13:LedPwmLight	32	static
../user_code/APP/led/led.c:111:13:LedPwmTest	24	static
../user_code/APP/led/led.c:166:13:LedPwmFlash	24	static
../user_code/APP/led/led.c:209:13:LedBreathTimeoutCallback	24	static
../user_code/APP/led/led.c:289:13:LedPWMBreath	24	static
../user_code/APP/led/led.c:361:13:LedControl_B	24	static
../user_code/APP/led/led.c:425:13:LedControl_A	24	static
../user_code/APP/led/led.c:494:6:LedFlashControl	8	static
../user_code/APP/led/led.c:511:13:LED_Control_Task_A	16	static
../user_code/APP/led/led.c:543:13:LED_Control_Task_B	16	static
../user_code/APP/led/led.c:573:6:Led_Init_Task	24	static
