../user_code/APP/secc_logAndupgrade/secc_logandupgrade.c:46:6:CANBuffer_Init	16	static
../user_code/APP/secc_logAndupgrade/secc_logandupgrade.c:55:12:CANCache_Write	24	static
../user_code/APP/secc_logAndupgrade/secc_logandupgrade.c:80:19:CANCache_Read	24	static
../user_code/APP/secc_logAndupgrade/secc_logandupgrade.c:100:11:CANCache_GetCount	24	static
../user_code/APP/secc_logAndupgrade/secc_logandupgrade.c:115:11:ReadSeccChecksum	24	static
../user_code/APP/secc_logAndupgrade/secc_logandupgrade.c:129:12:FirmwareHeaderChecksum	24	static
../user_code/APP/secc_logAndupgrade/secc_logandupgrade.c:142:13:TCP_LogAndUpgradeReply	320	static
../user_code/APP/secc_logAndupgrade/secc_logandupgrade.c:194:13:SECC_READLOG_ACK	40	static
../user_code/APP/secc_logAndupgrade/secc_logandupgrade.c:236:13:SECC_UPDATE_ACK	40	static
../user_code/APP/secc_logAndupgrade/secc_logandupgrade.c:286:11:SeccPacketAlternatelyProcess	88	static
../user_code/APP/secc_logAndupgrade/secc_logandupgrade.c:602:13:blDetcetSeccUpgradeStep	24	static
../user_code/APP/secc_logAndupgrade/secc_logandupgrade.c:659:13:SuspendSeccLogAndUpgradeTaskFunc	8	static
../user_code/APP/secc_logAndupgrade/secc_logandupgrade.c:668:13:ResumeSeccLogAndUpgradeTaskFunc	8	static
../user_code/APP/secc_logAndupgrade/secc_logandupgrade.c:677:13:SeccUpdateTimeOutFunc	8	static
../user_code/APP/secc_logAndupgrade/secc_logandupgrade.c:688:13:SeccReadLogTimeOutFunc	16	static
../user_code/APP/secc_logAndupgrade/secc_logandupgrade.c:695:6:blSeccCheckUpgradeMsg	24	static
../user_code/APP/secc_logAndupgrade/secc_logandupgrade.c:738:11:SeccUpgradeReq	32	static
../user_code/APP/secc_logAndupgrade/secc_logandupgrade.c:798:11:SeccUpgradeConfig	24	static
../user_code/APP/secc_logAndupgrade/secc_logandupgrade.c:856:11:SeccUpgradeFileInfo	40	static
../user_code/APP/secc_logAndupgrade/secc_logandupgrade.c:935:11:SeccUpgradeProgram	24	static
../user_code/APP/secc_logAndupgrade/secc_logandupgrade.c:1033:11:SeccUpgradeVerify	40	static
../user_code/APP/secc_logAndupgrade/secc_logandupgrade.c:1128:11:SeccUpgradeReboot	32	static
../user_code/APP/secc_logAndupgrade/secc_logandupgrade.c:1192:13:SeccUpgradeFunc	40	static
../user_code/APP/secc_logAndupgrade/secc_logandupgrade.c:1283:11:SeccReadLogStart	32	static
../user_code/APP/secc_logAndupgrade/secc_logandupgrade.c:1361:11:SeccReadLogData	32	static
../user_code/APP/secc_logAndupgrade/secc_logandupgrade.c:1429:11:SeccReadLogStop	32	static
../user_code/APP/secc_logAndupgrade/secc_logandupgrade.c:1476:13:SeccUpgradeFunction	16	static
../user_code/APP/secc_logAndupgrade/secc_logandupgrade.c:1507:13:SeccReadLogFunc	40	static
../user_code/APP/secc_logAndupgrade/secc_logandupgrade.c:1602:13:SeccUpgradeSendCmd	24	static
../user_code/APP/secc_logAndupgrade/secc_logandupgrade.c:1672:13:SeccLogAndUpgradeFunction	24	static
../user_code/APP/secc_logAndupgrade/secc_logandupgrade.c:1713:13:SuspendSeccALogAndUpgradeTaskFunc	8	static
../user_code/APP/secc_logAndupgrade/secc_logandupgrade.c:1722:13:ResumeSeccALogAndUpgradeTaskFunc	8	static
../user_code/APP/secc_logAndupgrade/secc_logandupgrade.c:1731:6:blSeccCheckReadLogMsg	24	static
../user_code/APP/secc_logAndupgrade/secc_logandupgrade.c:1763:13:SuspendSeccBLogAndUpgradeTaskFunc	8	static
../user_code/APP/secc_logAndupgrade/secc_logandupgrade.c:1772:13:ResumeSeccBLogAndUpgradeTaskFunc	8	static
../user_code/APP/secc_logAndupgrade/secc_logandupgrade.c:1781:6:SeccA_LogAndUpgrade_Task	16	static
../user_code/APP/secc_logAndupgrade/secc_logandupgrade.c:1789:6:SeccB_LogAndUpgrade_Task	16	static
../user_code/APP/secc_logAndupgrade/secc_logandupgrade.c:1801:6:SeccUpgrade_Task	16	static
