Archive member included to satisfy reference by file (symbol)

D:/NXP/ide/MCUXpressoIDE_11.10.0_3148/ide/plugins/com.nxp.mcuxpresso.tools.win32_11.10.0.202311280810/tools/bin/../lib/gcc/arm-none-eabi/13.2.1/../../../../arm-none-eabi/lib/thumb/v7e-m+dp/hard\libcr_nohost_nf.a(_cr__main.o)
                              ./startup/startup_mimxrt1021.o (__main)
D:/NXP/ide/MCUXpressoIDE_11.10.0_3148/ide/plugins/com.nxp.mcuxpresso.tools.win32_11.10.0.202311280810/tools/bin/../lib/gcc/arm-none-eabi/13.2.1/../../../../arm-none-eabi/lib/thumb/v7e-m+dp/hard\libcr_c.a(memset.o)
                              ./source/main.o (memset)
D:/NXP/ide/MCUXpressoIDE_11.10.0_3148/ide/plugins/com.nxp.mcuxpresso.tools.win32_11.10.0.202311280810/tools/bin/../lib/gcc/arm-none-eabi/13.2.1/../../../../arm-none-eabi/lib/thumb/v7e-m+dp/hard\libcr_c.a(alloc.o)
                              ./drivers/fsl_common.o (malloc)
D:/NXP/ide/MCUXpressoIDE_11.10.0_3148/ide/plugins/com.nxp.mcuxpresso.tools.win32_11.10.0.202311280810/tools/bin/../lib/gcc/arm-none-eabi/13.2.1/../../../../arm-none-eabi/lib/thumb/v7e-m+dp/hard\libcr_c.a(errno.o)
                              ./utilities/fsl_str.o (errno)
D:/NXP/ide/MCUXpressoIDE_11.10.0_3148/ide/plugins/com.nxp.mcuxpresso.tools.win32_11.10.0.202311280810/tools/bin/../lib/gcc/arm-none-eabi/13.2.1/../../../../arm-none-eabi/lib/thumb/v7e-m+dp/hard\libcr_c.a(initio.o)
                              D:/NXP/ide/MCUXpressoIDE_11.10.0_3148/ide/plugins/com.nxp.mcuxpresso.tools.win32_11.10.0.202311280810/tools/bin/../lib/gcc/arm-none-eabi/13.2.1/../../../../arm-none-eabi/lib/thumb/v7e-m+dp/hard\libcr_nohost_nf.a(_cr__main.o) (_initio)
D:/NXP/ide/MCUXpressoIDE_11.10.0_3148/ide/plugins/com.nxp.mcuxpresso.tools.win32_11.10.0.202311280810/tools/bin/../lib/gcc/arm-none-eabi/13.2.1/../../../../arm-none-eabi/lib/thumb/v7e-m+dp/hard\libcr_c.a(memcmp.o)
                              ./source/main.o (memcmp)
D:/NXP/ide/MCUXpressoIDE_11.10.0_3148/ide/plugins/com.nxp.mcuxpresso.tools.win32_11.10.0.202311280810/tools/bin/../lib/gcc/arm-none-eabi/13.2.1/../../../../arm-none-eabi/lib/thumb/v7e-m+dp/hard\libcr_c.a(scanf.o)
                              ./utilities/fsl_str.o (strtoul)
D:/NXP/ide/MCUXpressoIDE_11.10.0_3148/ide/plugins/com.nxp.mcuxpresso.tools.win32_11.10.0.202311280810/tools/bin/../lib/gcc/arm-none-eabi/13.2.1/../../../../arm-none-eabi/lib/thumb/v7e-m+dp/hard\libcr_c.a(setvbuf.o)
                              D:/NXP/ide/MCUXpressoIDE_11.10.0_3148/ide/plugins/com.nxp.mcuxpresso.tools.win32_11.10.0.202311280810/tools/bin/../lib/gcc/arm-none-eabi/13.2.1/../../../../arm-none-eabi/lib/thumb/v7e-m+dp/hard\libcr_c.a(initio.o) (setvbuf)
D:/NXP/ide/MCUXpressoIDE_11.10.0_3148/ide/plugins/com.nxp.mcuxpresso.tools.win32_11.10.0.202311280810/tools/bin/../lib/gcc/arm-none-eabi/13.2.1/../../../../arm-none-eabi/lib/thumb/v7e-m+dp/hard\libcr_c.a(strlen.o)
                              ./utilities/fsl_debug_console.o (strlen)
D:/NXP/ide/MCUXpressoIDE_11.10.0_3148/ide/plugins/com.nxp.mcuxpresso.tools.win32_11.10.0.202311280810/tools/bin/../lib/gcc/arm-none-eabi/13.2.1/../../../../arm-none-eabi/lib/thumb/v7e-m+dp/hard\libcr_c.a(ungetc.o)
                              D:/NXP/ide/MCUXpressoIDE_11.10.0_3148/ide/plugins/com.nxp.mcuxpresso.tools.win32_11.10.0.202311280810/tools/bin/../lib/gcc/arm-none-eabi/13.2.1/../../../../arm-none-eabi/lib/thumb/v7e-m+dp/hard\libcr_c.a(scanf.o) (ungetc)
D:/NXP/ide/MCUXpressoIDE_11.10.0_3148/ide/plugins/com.nxp.mcuxpresso.tools.win32_11.10.0.202311280810/tools/bin/../lib/gcc/arm-none-eabi/13.2.1/../../../../arm-none-eabi/lib/thumb/v7e-m+dp/hard\libcr_c.a(__fillbuf.o)
                              D:/NXP/ide/MCUXpressoIDE_11.10.0_3148/ide/plugins/com.nxp.mcuxpresso.tools.win32_11.10.0.202311280810/tools/bin/../lib/gcc/arm-none-eabi/13.2.1/../../../../arm-none-eabi/lib/thumb/v7e-m+dp/hard\libcr_c.a(scanf.o) (__filbuf)
D:/NXP/ide/MCUXpressoIDE_11.10.0_3148/ide/plugins/com.nxp.mcuxpresso.tools.win32_11.10.0.202311280810/tools/bin/../lib/gcc/arm-none-eabi/13.2.1/../../../../arm-none-eabi/lib/thumb/v7e-m+dp/hard\libcr_c.a(__init_alloc.o)
                              D:/NXP/ide/MCUXpressoIDE_11.10.0_3148/ide/plugins/com.nxp.mcuxpresso.tools.win32_11.10.0.202311280810/tools/bin/../lib/gcc/arm-none-eabi/13.2.1/../../../../arm-none-eabi/lib/thumb/v7e-m+dp/hard\libcr_c.a(alloc.o) (__heaps)
D:/NXP/ide/MCUXpressoIDE_11.10.0_3148/ide/plugins/com.nxp.mcuxpresso.tools.win32_11.10.0.202311280810/tools/bin/../lib/gcc/arm-none-eabi/13.2.1/../../../../arm-none-eabi/lib/thumb/v7e-m+dp/hard\libcr_c.a(_cr_sbrk.o)
                              D:/NXP/ide/MCUXpressoIDE_11.10.0_3148/ide/plugins/com.nxp.mcuxpresso.tools.win32_11.10.0.202311280810/tools/bin/../lib/gcc/arm-none-eabi/13.2.1/../../../../arm-none-eabi/lib/thumb/v7e-m+dp/hard\libcr_c.a(alloc.o) (_sbrk)
[...]
Memory Configuration

Name             Origin             Length             Attributes
BOARD_FLASH      0x60000000         0x00010000         xr
SRAM_DTC         0x20000000         0x00030000         xrw
SRAM_ITC         0x00000000         0x00000000         xrw
SRAM_OC          0x20200000         0x00010000         xrw
NCACHE_REGION    0x81e00000         0x00200000         xrw
*default*        0x00000000         0xffffffff

Linker script and memory map

LOAD ./xip/evkmimxrt1020_flexspi_nor_config.o
LOAD ./xip/fsl_flexspi_nor_boot.o
LOAD ./utilities/fsl_assert.o
LOAD ./utilities/fsl_debug_console.o
LOAD ./utilities/fsl_memcpy.o
LOAD ./utilities/fsl_str.o
LOAD ./startup/startup_mimxrt1021.o
LOAD ./source/main.o
LOAD ./source/semihost_hardfault.o
LOAD ./drivers/fsl_cache.o
LOAD ./drivers/fsl_clock.o
LOAD ./drivers/fsl_common.o
LOAD ./drivers/fsl_common_arm.o
LOAD ./drivers/fsl_gpio.o
LOAD ./drivers/fsl_lpuart.o
LOAD ./drivers/fsl_romapi.o
LOAD ./device/system_MIMXRT1021.o
LOAD ./component/uart/fsl_adapter_lpuart.o
LOAD ./component/lists/fsl_component_generic_list.o
LOAD ./board/board.o
LOAD ./board/clock_config.o
LOAD ./board/dcd.o
LOAD ./board/pin_mux.o
START GROUP
LOAD D:/NXP/ide/MCUXpressoIDE_11.10.0_3148/ide/plugins/com.nxp.mcuxpresso.tools.win32_11.10.0.202311280810/tools/bin/../lib/gcc/arm-none-eabi/13.2.1/../../../../arm-none-eabi/lib/thumb/v7e-m+dp/hard\libcr_nohost_nf.a
LOAD D:/NXP/ide/MCUXpressoIDE_11.10.0_3148/ide/plugins/com.nxp.mcuxpresso.tools.win32_11.10.0.202311280810/tools/bin/../lib/gcc/arm-none-eabi/13.2.1/../../../../arm-none-eabi/lib/thumb/v7e-m+dp/hard\libcr_c.a
LOAD D:/NXP/ide/MCUXpressoIDE_11.10.0_3148/ide/plugins/com.nxp.mcuxpresso.tools.win32_11.10.0.202311280810/tools/bin/../lib/gcc/arm-none-eabi/13.2.1/thumb/v7e-m+dp/hard\libcr_eabihelpers.a
LOAD D:/NXP/ide/MCUXpressoIDE_11.10.0_3148/ide/plugins/com.nxp.mcuxpresso.tools.win32_11.10.0.202311280810/tools/bin/../lib/gcc/arm-none-eabi/13.2.1/thumb/v7e-m+dp/hard\libgcc.a
END GROUP
                0x60000000                        __base_BOARD_FLASH = 0x60000000
                0x60000000                        __base_Flash = 0x60000000
                0x60010000                        __top_BOARD_FLASH = 0x60010000
                0x60010000                        __top_Flash = 0x60010000
                0x20000000                        __base_SRAM_DTC = 0x20000000
                0x20000000                        __base_RAM = 0x20000000
                0x20030000                        __top_SRAM_DTC = 0x20030000
                0x20030000                        __top_RAM = 0x20030000
                0x00000000                        __base_SRAM_ITC = 0x0
                0x00000000                        __base_RAM2 = 0x0
                0x00000000                        __top_SRAM_ITC = 0x0
                0x00000000                        __top_RAM2 = 0x0
                0x20200000                        __base_SRAM_OC = 0x20200000
                0x20200000                        __base_RAM3 = 0x20200000
                0x20210000                        __top_SRAM_OC = 0x20210000
                0x20210000                        __top_RAM3 = 0x20210000
                0x81e00000                        __base_NCACHE_REGION = 0x81e00000
                0x81e00000                        __base_RAM4 = 0x81e00000
                0x82000000                        __top_NCACHE_REGION = 0x82000000
                0x82000000                        __top_RAM4 = 0x82000000

.boot_hdr       0x60000000     0x2000
 FILL mask 0xff
                0x60000000                        __boot_hdr_start__ = ABSOLUTE (.)
 *(SORT_BY_ALIGNMENT(.boot_hdr.conf))
 .boot_hdr.conf
                0x60000000      0x200 ./xip/evkmimxrt1020_flexspi_nor_config.o
                0x60000000                qspiflash_config
                0x00001000                        . = 0x1000
 *fill*         0x60000200      0xe00 ff
 *(SORT_BY_ALIGNMENT(.boot_hdr.ivt))
 .boot_hdr.ivt  0x60001000       0x20 ./xip/fsl_flexspi_nor_boot.o
                0x60001000                image_vector_table
                0x00001020                        . = 0x1020
 *(SORT_BY_ALIGNMENT(.boot_hdr.boot_data))
 .boot_hdr.boot_data
                0x60001020       0x10 ./xip/fsl_flexspi_nor_boot.o
                0x60001020                g_boot_data
                0x00001030                        . = 0x1030
 *(SORT_BY_ALIGNMENT(.boot_hdr.dcd_data))
                0x60001030                        __boot_hdr_end__ = ABSOLUTE (.)
                0x00002000                        . = 0x2000
 *fill*         0x60001030      0xfd0 ff

.text           0x60002000     0x3fe8
 FILL mask 0xff
                0x60002000                        __vectors_start__ = ABSOLUTE (.)
 *(SORT_BY_ALIGNMENT(.isr_vector))
 .isr_vector    0x60002000      0x278 ./startup/startup_mimxrt1021.o
                0x60002000                g_pfnVectors
                0x60002000                __Vectors
                0x60002278                        . = ALIGN (0x4)
                0x60002278                        __section_table_start = .
                0x60002278                        __data_section_table = .
                0x60002278        0x4 LONG 0x60005fe8 LOADADDR (.data)
                0x6000227c        0x4 LONG 0x20001000 ADDR (.data)
                0x60002280        0x4 LONG 0x4 SIZEOF (.data)
                0x60002284        0x4 LONG 0x60005fe8 LOADADDR (.data_RAM2)
                0x60002288        0x4 LONG 0x0 ADDR (.data_RAM2)
                0x6000228c        0x4 LONG 0x0 SIZEOF (.data_RAM2)
                0x60002290        0x4 LONG 0x60005fe8 LOADADDR (.data_RAM3)
                0x60002294        0x4 LONG 0x20200000 ADDR (.data_RAM3)
                0x60002298        0x4 LONG 0x0 SIZEOF (.data_RAM3)
                0x6000229c        0x4 LONG 0x60005fe8 LOADADDR (.data_RAM4)
                0x600022a0        0x4 LONG 0x81e00000 ADDR (.data_RAM4)
                0x600022a4        0x4 LONG 0x0 SIZEOF (.data_RAM4)
                0x600022a8                        __data_section_table_end = .
                0x600022a8                        __bss_section_table = .
                0x600022a8        0x4 LONG 0x20001004 ADDR (.bss)
                0x600022ac        0x4 LONG 0x2420 SIZEOF (.bss)
                0x600022b0        0x4 LONG 0x0 ADDR (.bss_RAM2)
                0x600022b4        0x4 LONG 0x0 SIZEOF (.bss_RAM2)
                0x600022b8        0x4 LONG 0x20200000 ADDR (.bss_RAM3)
                0x600022bc        0x4 LONG 0x0 SIZEOF (.bss_RAM3)
                0x600022c0        0x4 LONG 0x81e00000 ADDR (.bss_RAM4)
                0x600022c4        0x4 LONG 0x0 SIZEOF (.bss_RAM4)
                0x600022c8                        __bss_section_table_end = .
                0x600022c8                        __section_table_end = .
 *(SORT_BY_ALIGNMENT(.after_vectors*))
 .after_vectors.reset
                0x600022c8       0x78 ./startup/startup_mimxrt1021.o
                0x600022c8                ResetISR
 .after_vectors.init_data
                0x60002340       0x1e ./startup/startup_mimxrt1021.o
                0x60002340                data_init
 .after_vectors.init_bss
                0x6000235e       0x12 ./startup/startup_mimxrt1021.o
                0x6000235e                bss_init
 .after_vectors
                0x60002370       0x14 ./startup/startup_mimxrt1021.o
                0x60002370                NMI_Handler
                0x60002374                MemManage_Handler
                0x60002376                BusFault_Handler
                0x60002378                UsageFault_Handler
                0x6000237a                SVC_Handler
                0x6000237c                DebugMon_Handler
                0x6000237e                PendSV_Handler
                0x60002380                SysTick_Handler
                0x60002382                Reserved102_DriverIRQHandler
                0x60002382                Reserved152_DriverIRQHandler
                0x60002382                DMA13_DMA29_DriverIRQHandler
                0x60002382                CCM_2_DriverIRQHandler
                0x60002382                LPSPI4_DriverIRQHandler
                0x60002382                SEMC_DriverIRQHandler
                0x60002382                SPDIF_DriverIRQHandler
                0x60002382                PIT_DriverIRQHandler
                0x60002382                FLEXRAM_DriverIRQHandler
                0x60002382                SAI3_RX_DriverIRQHandler
                0x60002382                USB_PHY_DriverIRQHandler
                0x60002382                GPIO3_Combined_0_15_DriverIRQHandler
                0x60002382                Reserved82_DriverIRQHandler
                0x60002382                DMA7_DMA23_DriverIRQHandler
                0x60002382                BEE_DriverIRQHandler
                0x60002382                LPI2C3_DriverIRQHandler
                0x60002382                GPR_IRQ_DriverIRQHandler
                0x60002382                Reserved103_DriverIRQHandler
                0x60002382                PWM2_FAULT_DriverIRQHandler
                0x60002382                Reserved56_DriverIRQHandler
                0x60002382                DMA14_DMA30_DriverIRQHandler
                0x60002382                TMR1_DriverIRQHandler
                0x60002382                TRNG_DriverIRQHandler
                0x60002382                ENET_1588_Timer_DriverIRQHandler
                0x60002382                GPIO2_Combined_16_31_DriverIRQHandler
                0x60002382                Reserved143_DriverIRQHandler
                0x60002382                LPSPI2_DriverIRQHandler
                0x60002382                Reserved151_DriverIRQHandler
                0x60002382                DMA0_DMA16_DriverIRQHandler
                0x60002382                IntDefaultHandler
                0x60002382                DMA2_DMA18_DriverIRQHandler
                0x60002382                SRC_DriverIRQHandler
                0x60002382                GPIO1_INT4_DriverIRQHandler
                0x60002382                Reserved144_DriverIRQHandler
                0x60002382                USDHC1_DriverIRQHandler
                0x60002382                SNVS_LP_HP_WRAPPER_DriverIRQHandler
                0x60002382                EWM_DriverIRQHandler
                0x60002382                KPP_DriverIRQHandler
                0x60002382                FLEXIO1_DriverIRQHandler
                0x60002382                ENET_DriverIRQHandler
                0x60002382                Reserved78_DriverIRQHandler
                0x60002382                ENC2_DriverIRQHandler
                0x60002382                ADC_ETC_IRQ2_DriverIRQHandler
                0x60002382                GPIO1_Combined_16_31_DriverIRQHandler
                0x60002382                GPIO1_INT7_DriverIRQHandler
                0x60002382                SAI1_DriverIRQHandler
                0x60002382                DCDC_DriverIRQHandler
                0x60002382                DMA12_DMA28_DriverIRQHandler
                0x60002382                ADC_ETC_ERROR_IRQ_DriverIRQHandler
                0x60002382                ACMP2_DriverIRQHandler
                0x60002382                GPIO5_Combined_0_15_DriverIRQHandler
                0x60002382                GPIO1_INT0_DriverIRQHandler
                0x60002382                GPIO1_INT2_DriverIRQHandler
                0x60002382                RTWDOG_DriverIRQHandler
                0x60002382                FLEXSPI_DriverIRQHandler
                0x60002382                GPT2_DriverIRQHandler
                0x60002382                DMA10_DMA26_DriverIRQHandler
                0x60002382                PWM2_1_DriverIRQHandler
                0x60002382                PWM1_1_DriverIRQHandler
                0x60002382                ADC1_DriverIRQHandler
                0x60002382                Reserved148_DriverIRQHandler
                0x60002382                PWM1_0_DriverIRQHandler
                0x60002382                DMA1_DMA17_DriverIRQHandler
                0x60002382                ENC1_DriverIRQHandler
                0x60002382                CAN2_DriverIRQHandler
                0x60002382                DCP_DriverIRQHandler
                0x60002382                CTI0_ERROR_DriverIRQHandler
                0x60002382                DMA8_DMA24_DriverIRQHandler
                0x60002382                GPT1_DriverIRQHandler
                0x60002382                ACMP3_DriverIRQHandler
                0x60002382                DMA6_DMA22_DriverIRQHandler
                0x60002382                CSU_DriverIRQHandler
                0x60002382                GPIO1_INT5_DriverIRQHandler
                0x60002382                TMR2_DriverIRQHandler
                0x60002382                CTI1_ERROR_DriverIRQHandler
                0x60002382                GPIO1_Combined_0_15_DriverIRQHandler
                0x60002382                USDHC2_DriverIRQHandler
                0x60002382                Reserved87_DriverIRQHandler
                0x60002382                SAI2_DriverIRQHandler
                0x60002382                CORE_DriverIRQHandler
                0x60002382                Reserved147_DriverIRQHandler
                0x60002382                WDOG1_DriverIRQHandler
                0x60002382                DMA11_DMA27_DriverIRQHandler
                0x60002382                PWM2_3_DriverIRQHandler
                0x60002382                Reserved60_DriverIRQHandler
                0x60002382                XBAR1_IRQ_2_3_DriverIRQHandler
                0x60002382                SNVS_HP_WRAPPER_TZ_DriverIRQHandler
                0x60002382                GPIO3_Combined_16_31_DriverIRQHandler
                0x60002382                PWM1_FAULT_DriverIRQHandler
                0x60002382                LPI2C1_DriverIRQHandler
                0x60002382                PWM2_2_DriverIRQHandler
                0x60002382                Reserved128_DriverIRQHandler
                0x60002382                DMA4_DMA20_DriverIRQHandler
                0x60002382                DMA9_DMA25_DriverIRQHandler
                0x60002382                SNVS_HP_WRAPPER_DriverIRQHandler
                0x60002382                XBAR1_IRQ_0_1_DriverIRQHandler
                0x60002382                ADC_ETC_IRQ1_DriverIRQHandler
                0x60002382                LPSPI1_DriverIRQHandler
                0x60002382                DMA3_DMA19_DriverIRQHandler
                0x60002382                GPIO1_INT3_DriverIRQHandler
                0x60002382                DCP_VMI_DriverIRQHandler
                0x60002382                LPI2C4_DriverIRQHandler
                0x60002382                GPC_DriverIRQHandler
                0x60002382                Reserved123_DriverIRQHandler
                0x60002382                GPIO2_Combined_0_15_DriverIRQHandler
                0x60002382                PWM1_2_DriverIRQHandler
                0x60002382                USB_OTG1_DriverIRQHandler
                0x60002382                TEMP_LOW_HIGH_DriverIRQHandler
                0x60002382                SAI3_TX_DriverIRQHandler
                0x60002382                WDOG2_DriverIRQHandler
                0x60002382                Reserved68_DriverIRQHandler
                0x60002382                PMU_DriverIRQHandler
                0x60002382                Reserved59_DriverIRQHandler
                0x60002382                GPIO5_Combined_16_31_DriverIRQHandler
                0x60002382                DMA5_DMA21_DriverIRQHandler
                0x60002382                CCM_1_DriverIRQHandler
                0x60002382                ADC2_DriverIRQHandler
                0x60002382                Reserved58_DriverIRQHandler
                0x60002382                Reserved115_DriverIRQHandler
                0x60002382                TEMP_PANIC_DriverIRQHandler
                0x60002382                ACMP4_DriverIRQHandler
                0x60002382                DMA15_DMA31_DriverIRQHandler
                0x60002382                Reserved107_DriverIRQHandler
                0x60002382                LPSPI3_DriverIRQHandler
                0x60002382                PWM1_3_DriverIRQHandler
                0x60002382                Reserved70_DriverIRQHandler
                0x60002382                ACMP1_DriverIRQHandler
                0x60002382                LPI2C2_DriverIRQHandler
                0x60002382                Reserved86_DriverIRQHandler
                0x60002382                DMA_ERROR_DriverIRQHandler
                0x60002382                ADC_ETC_IRQ0_DriverIRQHandler
                0x60002382                CAN1_DriverIRQHandler
                0x60002382                GPIO1_INT6_DriverIRQHandler
                0x60002382                GPIO1_INT1_DriverIRQHandler
                0x60002382                PWM2_0_DriverIRQHandler
 *(SORT_BY_ALIGNMENT(.text*))
 .text.__assertion_failed
                0x60002384       0x2c ./utilities/fsl_assert.o
                0x60002384                __assertion_failed
 .text.DbgConsole_Deinit
                0x600023b0       0x28 ./utilities/fsl_debug_console.o
                0x600023b0                DbgConsole_Deinit
 .text.DbgConsole_Vprintf
                0x600023d8       0x3c ./utilities/fsl_debug_console.o
                0x600023d8                DbgConsole_Vprintf
 .text.DbgConsole_Putchar
                0x60002414       0x30 ./utilities/fsl_debug_console.o
                0x60002414                DbgConsole_Putchar
 .text.DbgConsole_PrintfFormattedData
                0x60002444      0x3e0 ./utilities/fsl_debug_console.o
 .text.__sys_write
                0x60002824       0x54 ./utilities/fsl_debug_console.o
                0x60002824                __sys_write
 .text          0x60002878       0xa0 ./utilities/fsl_memcpy.o
                0x60002878                memcpy
 .text.ARM_MPU_Disable
                0x60002918       0x40 ./source/main.o
 .text.GPIO_PinRead
                0x60002958       0x30 ./source/main.o
 .text.FLEXSPI_NorFlash_GetConfig
                0x60002988      0x100 ./source/main.o
                0x60002988                FLEXSPI_NorFlash_GetConfig
 .text.SysTick_DelayTicks
                0x60002a88       0x34 ./source/main.o
                0x60002a88                SysTick_DelayTicks
 .text.error_trap
                0x60002abc       0x3c ./source/main.o
                0x60002abc                error_trap
 .text.app_finalize
                0x60002af8       0x38 ./source/main.o
                0x60002af8                app_finalize
 .text.FLEXSPI_NorFlash_GetVendorID
                0x60002b30       0x78 ./source/main.o
                0x60002b30                FLEXSPI_NorFlash_GetVendorID
 .text.SBL_DisablePeripherals
                0x60002ba8       0xe4 ./source/main.o
                0x60002ba8                SBL_DisablePeripherals
 .text.Jump_To_App
                0x60002c8c       0x4c ./source/main.o
                0x60002c8c                Jump_To_App
 .text.CheckAppIntegFg
                0x60002cd8       0x78 ./source/main.o
                0x60002cd8                CheckAppIntegFg
 .text.FeedWatchDog
                0x60002d50       0x44 ./source/main.o
                0x60002d50                FeedWatchDog
 .text.BackupRunningAppArea
                0x60002d94      0x1c0 ./source/main.o
                0x60002d94                BackupRunningAppArea
 .text.TransferNewApp2RunningArea
                0x60002f54      0x210 ./source/main.o
                0x60002f54                TransferNewApp2RunningArea
 .text.RecoverBackupApp2RunningArea
                0x60003164      0x1bc ./source/main.o
                0x60003164                RecoverBackupApp2RunningArea
 .text.flexspi_flash_buffer_write_a_page
                0x60003320       0x34 ./source/main.o
                0x60003320                flexspi_flash_buffer_write_a_page
 .text.WriteAppInterFg2Flash
                0x60003354       0x1c ./source/main.o
                0x60003354                WriteAppInterFg2Flash
 .text.EarseNewAppInteg
                0x60003370       0x20 ./source/main.o
                0x60003370                EarseNewAppInteg
 .text.User_NorFlashInit
                0x60003390       0x50 ./source/main.o
                0x60003390                User_NorFlashInit
 .text.main     0x600033e0       0xa8 ./source/main.o
                0x600033e0                main
 .text.L1CACHE_InvalidateDCacheByRange
                0x60003488       0x68 ./drivers/fsl_cache.o
 .text.CLOCK_InitExternalClk
                0x600034f0       0x6c ./drivers/fsl_clock.o
                0x600034f0                CLOCK_InitExternalClk
 .text.CLOCK_SwitchOsc
                0x6000355c       0x34 ./drivers/fsl_clock.o
                0x6000355c                CLOCK_SwitchOsc
 .text.CLOCK_InitRcOsc24M
                0x60003590       0x24 ./drivers/fsl_clock.o
                0x60003590                CLOCK_InitRcOsc24M
 .text.CLOCK_InitSysPll
                0x600035b4       0x9c ./drivers/fsl_clock.o
                0x600035b4                CLOCK_InitSysPll
 .text.CLOCK_DeinitAudioPll
                0x60003650       0x1c ./drivers/fsl_clock.o
                0x60003650                CLOCK_DeinitAudioPll
 .text.CLOCK_InitEnetPll
                0x6000366c       0xa4 ./drivers/fsl_clock.o
                0x6000366c                CLOCK_InitEnetPll
 .text.CLOCK_InitSysPfd
                0x60003710       0x64 ./drivers/fsl_clock.o
                0x60003710                CLOCK_InitSysPfd
 .text.CLOCK_ControlGate
                0x60003774       0x60 ./drivers/fsl_gpio.o
 .text.GPIO_GetInstance
                0x600037d4       0x4c ./drivers/fsl_gpio.o
 .text.GPIO_PinInit
                0x60003820       0xa4 ./drivers/fsl_gpio.o
                0x60003820                GPIO_PinInit
 .text.GPIO_PinWrite
                0x600038c4       0x48 ./drivers/fsl_gpio.o
                0x600038c4                GPIO_PinWrite
 .text.GPIO_PinSetInterruptConfig
                0x6000390c       0xfc ./drivers/fsl_gpio.o
                0x6000390c                GPIO_PinSetInterruptConfig
 .text.CLOCK_ControlGate
                0x60003a08       0x60 ./drivers/fsl_lpuart.o
 .text.LPUART_GetInstance
                0x60003a68       0x4c ./drivers/fsl_lpuart.o
                0x60003a68                LPUART_GetInstance
 .text.LPUART_Deinit
                0x60003ab4       0x70 ./drivers/fsl_lpuart.o
                0x60003ab4                LPUART_Deinit
 .text.LPUART1_DriverIRQHandler
                0x60003b24       0x28 ./drivers/fsl_lpuart.o
                0x60003b24                LPUART1_DriverIRQHandler
 .text.LPUART2_DriverIRQHandler
                0x60003b4c       0x28 ./drivers/fsl_lpuart.o
                0x60003b4c                LPUART2_DriverIRQHandler
 .text.LPUART3_DriverIRQHandler
                0x60003b74       0x28 ./drivers/fsl_lpuart.o
                0x60003b74                LPUART3_DriverIRQHandler
 .text.LPUART4_DriverIRQHandler
                0x60003b9c       0x28 ./drivers/fsl_lpuart.o
                0x60003b9c                LPUART4_DriverIRQHandler
 .text.LPUART5_DriverIRQHandler
                0x60003bc4       0x28 ./drivers/fsl_lpuart.o
                0x60003bc4                LPUART5_DriverIRQHandler
 .text.LPUART6_DriverIRQHandler
                0x60003bec       0x28 ./drivers/fsl_lpuart.o
                0x60003bec                LPUART6_DriverIRQHandler
 .text.LPUART7_DriverIRQHandler
                0x60003c14       0x28 ./drivers/fsl_lpuart.o
                0x60003c14                LPUART7_DriverIRQHandler
 .text.LPUART8_DriverIRQHandler
                0x60003c3c       0x28 ./drivers/fsl_lpuart.o
                0x60003c3c                LPUART8_DriverIRQHandler
 .text.ROM_FLEXSPI_NorFlash_Init
                0x60003c64       0x28 ./drivers/fsl_romapi.o
                0x60003c64                ROM_FLEXSPI_NorFlash_Init
 .text.ROM_FLEXSPI_NorFlash_ProgramPage
                0x60003c8c       0x30 ./drivers/fsl_romapi.o
                0x60003c8c                ROM_FLEXSPI_NorFlash_ProgramPage
 .text.ROM_FLEXSPI_NorFlash_Erase
                0x60003cbc       0x30 ./drivers/fsl_romapi.o
                0x60003cbc                ROM_FLEXSPI_NorFlash_Erase
 .text.ROM_FLEXSPI_NorFlash_CommandXfer
                0x60003cec       0x28 ./drivers/fsl_romapi.o
                0x60003cec                ROM_FLEXSPI_NorFlash_CommandXfer
 .text.ROM_FLEXSPI_NorFlash_UpdateLut
                0x60003d14       0x30 ./drivers/fsl_romapi.o
                0x60003d14                ROM_FLEXSPI_NorFlash_UpdateLut
 .text.ROM_FLEXSPI_NorFlash_ClearCache
                0x60003d44       0x20 ./drivers/fsl_romapi.o
                0x60003d44                ROM_FLEXSPI_NorFlash_ClearCache
 .text.SystemInit
                0x60003d64      0x144 ./device/system_MIMXRT1021.o
                0x60003d64                SystemInit
 .text.HAL_UartDeinit
                0x60003ea8       0x3c ./component/uart/fsl_adapter_lpuart.o
                0x60003ea8                HAL_UartDeinit
 .text.ARM_MPU_Enable
                0x60003ee4       0x44 ./board/board.o
 .text.ARM_MPU_Disable
                0x60003f28       0x40 ./board/board.o
 .text.BOARD_ConfigMPU
                0x60003f68      0x324 ./board/board.o
                0x60003f68                BOARD_ConfigMPU
 .text.CLOCK_SetMux
                0x6000428c       0x9c ./board/clock_config.o
 .text.CLOCK_SetDiv
                0x60004328       0x9c ./board/clock_config.o
 .text.CLOCK_ControlGate
                0x600043c4       0x60 ./board/clock_config.o
 .text.CLOCK_SetXtalFreq
                0x60004424       0x20 ./board/clock_config.o
 .text.CLOCK_SetRtcXtalFreq
                0x60004444       0x20 ./board/clock_config.o
 .text.IOMUXC_MQSConfig
                0x60004464       0x44 ./board/clock_config.o
 .text.BOARD_BootClockRUN
                0x600044a8      0x4ec ./board/clock_config.o
                0x600044a8                BOARD_BootClockRUN
 .text.CLOCK_ControlGate
                0x60004994       0x60 ./board/pin_mux.o
 .text.BOARD_InitPins
                0x600049f4      0x1f4 ./board/pin_mux.o
                0x600049f4                BOARD_InitPins
 .text._initio  0x60004be8       0x78 D:/NXP/ide/MCUXpressoIDE_11.10.0_3148/ide/plugins/com.nxp.mcuxpresso.tools.win32_11.10.0.202311280810/tools/bin/../lib/gcc/arm-none-eabi/13.2.1/../../../../arm-none-eabi/lib/thumb/v7e-m+dp/hard\libcr_c.a(initio.o)
                0x60004be8                _initio
 .text._Cwritebuf
                0x60004c60       0x6c D:/NXP/ide/MCUXpressoIDE_11.10.0_3148/ide/plugins/com.nxp.mcuxpresso.tools.win32_11.10.0.202311280810/tools/bin/../lib/gcc/arm-none-eabi/13.2.1/../../../../arm-none-eabi/lib/thumb/v7e-m+dp/hard\libcr_c.a(_writebuf.o)
                0x60004c60                _Cwritebuf
 .text.fflush   0x60004ccc       0x3c D:/NXP/ide/MCUXpressoIDE_11.10.0_3148/ide/plugins/com.nxp.mcuxpresso.tools.win32_11.10.0.202311280810/tools/bin/../lib/gcc/arm-none-eabi/13.2.1/../../../../arm-none-eabi/lib/thumb/v7e-m+dp/hard\libcr_c.a(fflush.o)
                0x60004ccc                fflush
 .text.fseek    0x60004d08       0xf8 D:/NXP/ide/MCUXpressoIDE_11.10.0_3148/ide/plugins/com.nxp.mcuxpresso.tools.win32_11.10.0.202311280810/tools/bin/../lib/gcc/arm-none-eabi/13.2.1/../../../../arm-none-eabi/lib/thumb/v7e-m+dp/hard\libcr_c.a(fseek.o)
                0x60004d08                fseek
 .text.ftell    0x60004e00       0x44 D:/NXP/ide/MCUXpressoIDE_11.10.0_3148/ide/plugins/com.nxp.mcuxpresso.tools.win32_11.10.0.202311280810/tools/bin/../lib/gcc/arm-none-eabi/13.2.1/../../../../arm-none-eabi/lib/thumb/v7e-m+dp/hard\libcr_c.a(ftell.o)
                0x60004e00                ftell
 .text.fsl_assert_hook
                0x60004e44       0x1a ./utilities/fsl_assert.o
                0x60004e44                fsl_assert_hook
 .text.DbgConsole_Printf
                0x60004e5e       0x2c ./utilities/fsl_debug_console.o
                0x60004e5e                DbgConsole_Printf
 .text.DbgConsole_PrintfPaddingCharacter
                0x60004e8a       0x40 ./utilities/fsl_debug_console.o
 .text.DbgConsole_ConvertRadixNumToString
                0x60004eca       0xc2 ./utilities/fsl_debug_console.o
 .text.DMA0_DMA16_IRQHandler
                0x60004f8c        0x8 ./startup/startup_mimxrt1021.o
                0x60004f8c                DMA0_DMA16_IRQHandler
 .text.DMA1_DMA17_IRQHandler
                0x60004f94        0x8 ./startup/startup_mimxrt1021.o
                0x60004f94                DMA1_DMA17_IRQHandler
 .text.DMA2_DMA18_IRQHandler
                0x60004f9c        0x8 ./startup/startup_mimxrt1021.o
                0x60004f9c                DMA2_DMA18_IRQHandler
 .text.DMA3_DMA19_IRQHandler
                0x60004fa4        0x8 ./startup/startup_mimxrt1021.o
                0x60004fa4                DMA3_DMA19_IRQHandler
 .text.DMA4_DMA20_IRQHandler
                0x60004fac        0x8 ./startup/startup_mimxrt1021.o
                0x60004fac                DMA4_DMA20_IRQHandler
 .text.DMA5_DMA21_IRQHandler
                0x60004fb4        0x8 ./startup/startup_mimxrt1021.o
                0x60004fb4                DMA5_DMA21_IRQHandler
 .text.DMA6_DMA22_IRQHandler
                0x60004fbc        0x8 ./startup/startup_mimxrt1021.o
                0x60004fbc                DMA6_DMA22_IRQHandler
 .text.DMA7_DMA23_IRQHandler
                0x60004fc4        0x8 ./startup/startup_mimxrt1021.o
                0x60004fc4                DMA7_DMA23_IRQHandler
 .text.DMA8_DMA24_IRQHandler
                0x60004fcc        0x8 ./startup/startup_mimxrt1021.o
                0x60004fcc                DMA8_DMA24_IRQHandler
 .text.DMA9_DMA25_IRQHandler
                0x60004fd4        0x8 ./startup/startup_mimxrt1021.o
                0x60004fd4                DMA9_DMA25_IRQHandler
 .text.DMA10_DMA26_IRQHandler
                0x60004fdc        0x8 ./startup/startup_mimxrt1021.o
                0x60004fdc                DMA10_DMA26_IRQHandler
 .text.DMA11_DMA27_IRQHandler
                0x60004fe4        0x8 ./startup/startup_mimxrt1021.o
                0x60004fe4                DMA11_DMA27_IRQHandler
 .text.DMA12_DMA28_IRQHandler
                0x60004fec        0x8 ./startup/startup_mimxrt1021.o
                0x60004fec                DMA12_DMA28_IRQHandler
 .text.DMA13_DMA29_IRQHandler
                0x60004ff4        0x8 ./startup/startup_mimxrt1021.o
                0x60004ff4                DMA13_DMA29_IRQHandler
 .text.DMA14_DMA30_IRQHandler
                0x60004ffc        0x8 ./startup/startup_mimxrt1021.o
                0x60004ffc                DMA14_DMA30_IRQHandler
 .text.DMA15_DMA31_IRQHandler
                0x60005004        0x8 ./startup/startup_mimxrt1021.o
                0x60005004                DMA15_DMA31_IRQHandler
 .text.DMA_ERROR_IRQHandler
                0x6000500c        0x8 ./startup/startup_mimxrt1021.o
                0x6000500c                DMA_ERROR_IRQHandler
 .text.CTI0_ERROR_IRQHandler
                0x60005014        0x8 ./startup/startup_mimxrt1021.o
                0x60005014                CTI0_ERROR_IRQHandler
 .text.CTI1_ERROR_IRQHandler
                0x6000501c        0x8 ./startup/startup_mimxrt1021.o
                0x6000501c                CTI1_ERROR_IRQHandler
 .text.CORE_IRQHandler
                0x60005024        0x8 ./startup/startup_mimxrt1021.o
                0x60005024                CORE_IRQHandler
 .text.LPUART1_IRQHandler
                0x6000502c        0x8 ./startup/startup_mimxrt1021.o
                0x6000502c                LPUART1_IRQHandler
 .text.LPUART2_IRQHandler
                0x60005034        0x8 ./startup/startup_mimxrt1021.o
                0x60005034                LPUART2_IRQHandler
 .text.LPUART3_IRQHandler
                0x6000503c        0x8 ./startup/startup_mimxrt1021.o
                0x6000503c                LPUART3_IRQHandler
 .text.LPUART4_IRQHandler
                0x60005044        0x8 ./startup/startup_mimxrt1021.o
                0x60005044                LPUART4_IRQHandler
 .text.LPUART5_IRQHandler
                0x6000504c        0x8 ./startup/startup_mimxrt1021.o
                0x6000504c                LPUART5_IRQHandler
 .text.LPUART6_IRQHandler
                0x60005054        0x8 ./startup/startup_mimxrt1021.o
                0x60005054                LPUART6_IRQHandler
 .text.LPUART7_IRQHandler
                0x6000505c        0x8 ./startup/startup_mimxrt1021.o
                0x6000505c                LPUART7_IRQHandler
 .text.LPUART8_IRQHandler
                0x60005064        0x8 ./startup/startup_mimxrt1021.o
                0x60005064                LPUART8_IRQHandler
 .text.LPI2C1_IRQHandler
                0x6000506c        0x8 ./startup/startup_mimxrt1021.o
                0x6000506c                LPI2C1_IRQHandler
 .text.LPI2C2_IRQHandler
                0x60005074        0x8 ./startup/startup_mimxrt1021.o
                0x60005074                LPI2C2_IRQHandler
 .text.LPI2C3_IRQHandler
                0x6000507c        0x8 ./startup/startup_mimxrt1021.o
                0x6000507c                LPI2C3_IRQHandler
 .text.LPI2C4_IRQHandler
                0x60005084        0x8 ./startup/startup_mimxrt1021.o
                0x60005084                LPI2C4_IRQHandler
 .text.LPSPI1_IRQHandler
                0x6000508c        0x8 ./startup/startup_mimxrt1021.o
                0x6000508c                LPSPI1_IRQHandler
 .text.LPSPI2_IRQHandler
                0x60005094        0x8 ./startup/startup_mimxrt1021.o
                0x60005094                LPSPI2_IRQHandler
 .text.LPSPI3_IRQHandler
                0x6000509c        0x8 ./startup/startup_mimxrt1021.o
                0x6000509c                LPSPI3_IRQHandler
 .text.LPSPI4_IRQHandler
                0x600050a4        0x8 ./startup/startup_mimxrt1021.o
                0x600050a4                LPSPI4_IRQHandler
 .text.CAN1_IRQHandler
                0x600050ac        0x8 ./startup/startup_mimxrt1021.o
                0x600050ac                CAN1_IRQHandler
 .text.CAN2_IRQHandler
                0x600050b4        0x8 ./startup/startup_mimxrt1021.o
                0x600050b4                CAN2_IRQHandler
 .text.FLEXRAM_IRQHandler
                0x600050bc        0x8 ./startup/startup_mimxrt1021.o
                0x600050bc                FLEXRAM_IRQHandler
 .text.KPP_IRQHandler
                0x600050c4        0x8 ./startup/startup_mimxrt1021.o
                0x600050c4                KPP_IRQHandler
 .text.Reserved56_IRQHandler
                0x600050cc        0x8 ./startup/startup_mimxrt1021.o
                0x600050cc                Reserved56_IRQHandler
 .text.GPR_IRQ_IRQHandler
                0x600050d4        0x8 ./startup/startup_mimxrt1021.o
                0x600050d4                GPR_IRQ_IRQHandler
 .text.Reserved58_IRQHandler
                0x600050dc        0x8 ./startup/startup_mimxrt1021.o
                0x600050dc                Reserved58_IRQHandler
 .text.Reserved59_IRQHandler
                0x600050e4        0x8 ./startup/startup_mimxrt1021.o
                0x600050e4                Reserved59_IRQHandler
 .text.Reserved60_IRQHandler
                0x600050ec        0x8 ./startup/startup_mimxrt1021.o
                0x600050ec                Reserved60_IRQHandler
 .text.WDOG2_IRQHandler
                0x600050f4        0x8 ./startup/startup_mimxrt1021.o
                0x600050f4                WDOG2_IRQHandler
 .text.SNVS_HP_WRAPPER_IRQHandler
                0x600050fc        0x8 ./startup/startup_mimxrt1021.o
                0x600050fc                SNVS_HP_WRAPPER_IRQHandler
 .text.SNVS_HP_WRAPPER_TZ_IRQHandler
                0x60005104        0x8 ./startup/startup_mimxrt1021.o
                0x60005104                SNVS_HP_WRAPPER_TZ_IRQHandler
 .text.SNVS_LP_HP_WRAPPER_IRQHandler
                0x6000510c        0x8 ./startup/startup_mimxrt1021.o
                0x6000510c                SNVS_LP_HP_WRAPPER_IRQHandler
 .text.CSU_IRQHandler
                0x60005114        0x8 ./startup/startup_mimxrt1021.o
                0x60005114                CSU_IRQHandler
 .text.DCP_IRQHandler
                0x6000511c        0x8 ./startup/startup_mimxrt1021.o
                0x6000511c                DCP_IRQHandler
 .text.DCP_VMI_IRQHandler
                0x60005124        0x8 ./startup/startup_mimxrt1021.o
                0x60005124                DCP_VMI_IRQHandler
 .text.Reserved68_IRQHandler
                0x6000512c        0x8 ./startup/startup_mimxrt1021.o
                0x6000512c                Reserved68_IRQHandler
 .text.TRNG_IRQHandler
                0x60005134        0x8 ./startup/startup_mimxrt1021.o
                0x60005134                TRNG_IRQHandler
 .text.Reserved70_IRQHandler
                0x6000513c        0x8 ./startup/startup_mimxrt1021.o
                0x6000513c                Reserved70_IRQHandler
 .text.BEE_IRQHandler
                0x60005144        0x8 ./startup/startup_mimxrt1021.o
                0x60005144                BEE_IRQHandler
 .text.SAI1_IRQHandler
                0x6000514c        0x8 ./startup/startup_mimxrt1021.o
                0x6000514c                SAI1_IRQHandler
 .text.SAI2_IRQHandler
                0x60005154        0x8 ./startup/startup_mimxrt1021.o
                0x60005154                SAI2_IRQHandler
 .text.SAI3_RX_IRQHandler
                0x6000515c        0x8 ./startup/startup_mimxrt1021.o
                0x6000515c                SAI3_RX_IRQHandler
 .text.SAI3_TX_IRQHandler
                0x60005164        0x8 ./startup/startup_mimxrt1021.o
                0x60005164                SAI3_TX_IRQHandler
 .text.SPDIF_IRQHandler
                0x6000516c        0x8 ./startup/startup_mimxrt1021.o
                0x6000516c                SPDIF_IRQHandler
 .text.PMU_IRQHandler
                0x60005174        0x8 ./startup/startup_mimxrt1021.o
                0x60005174                PMU_IRQHandler
 .text.Reserved78_IRQHandler
                0x6000517c        0x8 ./startup/startup_mimxrt1021.o
                0x6000517c                Reserved78_IRQHandler
 .text.TEMP_LOW_HIGH_IRQHandler
                0x60005184        0x8 ./startup/startup_mimxrt1021.o
                0x60005184                TEMP_LOW_HIGH_IRQHandler
 .text.TEMP_PANIC_IRQHandler
                0x6000518c        0x8 ./startup/startup_mimxrt1021.o
                0x6000518c                TEMP_PANIC_IRQHandler
 .text.USB_PHY_IRQHandler
                0x60005194        0x8 ./startup/startup_mimxrt1021.o
                0x60005194                USB_PHY_IRQHandler
 .text.Reserved82_IRQHandler
                0x6000519c        0x8 ./startup/startup_mimxrt1021.o
                0x6000519c                Reserved82_IRQHandler
 .text.ADC1_IRQHandler
                0x600051a4        0x8 ./startup/startup_mimxrt1021.o
                0x600051a4                ADC1_IRQHandler
 .text.ADC2_IRQHandler
                0x600051ac        0x8 ./startup/startup_mimxrt1021.o
                0x600051ac                ADC2_IRQHandler
 .text.DCDC_IRQHandler
                0x600051b4        0x8 ./startup/startup_mimxrt1021.o
                0x600051b4                DCDC_IRQHandler
 .text.Reserved86_IRQHandler
                0x600051bc        0x8 ./startup/startup_mimxrt1021.o
                0x600051bc                Reserved86_IRQHandler
 .text.Reserved87_IRQHandler
                0x600051c4        0x8 ./startup/startup_mimxrt1021.o
                0x600051c4                Reserved87_IRQHandler
 .text.GPIO1_INT0_IRQHandler
                0x600051cc        0x8 ./startup/startup_mimxrt1021.o
                0x600051cc                GPIO1_INT0_IRQHandler
 .text.GPIO1_INT1_IRQHandler
                0x600051d4        0x8 ./startup/startup_mimxrt1021.o
                0x600051d4                GPIO1_INT1_IRQHandler
 .text.GPIO1_INT2_IRQHandler
                0x600051dc        0x8 ./startup/startup_mimxrt1021.o
                0x600051dc                GPIO1_INT2_IRQHandler
 .text.GPIO1_INT3_IRQHandler
                0x600051e4        0x8 ./startup/startup_mimxrt1021.o
                0x600051e4                GPIO1_INT3_IRQHandler
 .text.GPIO1_INT4_IRQHandler
                0x600051ec        0x8 ./startup/startup_mimxrt1021.o
                0x600051ec                GPIO1_INT4_IRQHandler
 .text.GPIO1_INT5_IRQHandler
                0x600051f4        0x8 ./startup/startup_mimxrt1021.o
                0x600051f4                GPIO1_INT5_IRQHandler
 .text.GPIO1_INT6_IRQHandler
                0x600051fc        0x8 ./startup/startup_mimxrt1021.o
                0x600051fc                GPIO1_INT6_IRQHandler
 .text.GPIO1_INT7_IRQHandler
                0x60005204        0x8 ./startup/startup_mimxrt1021.o
                0x60005204                GPIO1_INT7_IRQHandler
 .text.GPIO1_Combined_0_15_IRQHandler
                0x6000520c        0x8 ./startup/startup_mimxrt1021.o
                0x6000520c                GPIO1_Combined_0_15_IRQHandler
 .text.GPIO1_Combined_16_31_IRQHandler
                0x60005214        0x8 ./startup/startup_mimxrt1021.o
                0x60005214                GPIO1_Combined_16_31_IRQHandler
 .text.GPIO2_Combined_0_15_IRQHandler
                0x6000521c        0x8 ./startup/startup_mimxrt1021.o
                0x6000521c                GPIO2_Combined_0_15_IRQHandler
 .text.GPIO2_Combined_16_31_IRQHandler
                0x60005224        0x8 ./startup/startup_mimxrt1021.o
                0x60005224                GPIO2_Combined_16_31_IRQHandler
 .text.GPIO3_Combined_0_15_IRQHandler
                0x6000522c        0x8 ./startup/startup_mimxrt1021.o
                0x6000522c                GPIO3_Combined_0_15_IRQHandler
 .text.GPIO3_Combined_16_31_IRQHandler
                0x60005234        0x8 ./startup/startup_mimxrt1021.o
                0x60005234                GPIO3_Combined_16_31_IRQHandler
 .text.Reserved102_IRQHandler
                0x6000523c        0x8 ./startup/startup_mimxrt1021.o
                0x6000523c                Reserved102_IRQHandler
 .text.Reserved103_IRQHandler
                0x60005244        0x8 ./startup/startup_mimxrt1021.o
                0x60005244                Reserved103_IRQHandler
 .text.GPIO5_Combined_0_15_IRQHandler
                0x6000524c        0x8 ./startup/startup_mimxrt1021.o
                0x6000524c                GPIO5_Combined_0_15_IRQHandler
 .text.GPIO5_Combined_16_31_IRQHandler
                0x60005254        0x8 ./startup/startup_mimxrt1021.o
                0x60005254                GPIO5_Combined_16_31_IRQHandler
 .text.FLEXIO1_IRQHandler
                0x6000525c        0x8 ./startup/startup_mimxrt1021.o
                0x6000525c                FLEXIO1_IRQHandler
 .text.Reserved107_IRQHandler
                0x60005264        0x8 ./startup/startup_mimxrt1021.o
                0x60005264                Reserved107_IRQHandler
 .text.WDOG1_IRQHandler
                0x6000526c        0x8 ./startup/startup_mimxrt1021.o
                0x6000526c                WDOG1_IRQHandler
 .text.RTWDOG_IRQHandler
                0x60005274        0x8 ./startup/startup_mimxrt1021.o
                0x60005274                RTWDOG_IRQHandler
 .text.EWM_IRQHandler
                0x6000527c        0x8 ./startup/startup_mimxrt1021.o
                0x6000527c                EWM_IRQHandler
 .text.CCM_1_IRQHandler
                0x60005284        0x8 ./startup/startup_mimxrt1021.o
                0x60005284                CCM_1_IRQHandler
 .text.CCM_2_IRQHandler
                0x6000528c        0x8 ./startup/startup_mimxrt1021.o
                0x6000528c                CCM_2_IRQHandler
 .text.GPC_IRQHandler
                0x60005294        0x8 ./startup/startup_mimxrt1021.o
                0x60005294                GPC_IRQHandler
 .text.SRC_IRQHandler
                0x6000529c        0x8 ./startup/startup_mimxrt1021.o
                0x6000529c                SRC_IRQHandler
 .text.Reserved115_IRQHandler
                0x600052a4        0x8 ./startup/startup_mimxrt1021.o
                0x600052a4                Reserved115_IRQHandler
 .text.GPT1_IRQHandler
                0x600052ac        0x8 ./startup/startup_mimxrt1021.o
                0x600052ac                GPT1_IRQHandler
 .text.GPT2_IRQHandler
                0x600052b4        0x8 ./startup/startup_mimxrt1021.o
                0x600052b4                GPT2_IRQHandler
 .text.PWM1_0_IRQHandler
                0x600052bc        0x8 ./startup/startup_mimxrt1021.o
                0x600052bc                PWM1_0_IRQHandler
 .text.PWM1_1_IRQHandler
                0x600052c4        0x8 ./startup/startup_mimxrt1021.o
                0x600052c4                PWM1_1_IRQHandler
 .text.PWM1_2_IRQHandler
                0x600052cc        0x8 ./startup/startup_mimxrt1021.o
                0x600052cc                PWM1_2_IRQHandler
 .text.PWM1_3_IRQHandler
                0x600052d4        0x8 ./startup/startup_mimxrt1021.o
                0x600052d4                PWM1_3_IRQHandler
 .text.PWM1_FAULT_IRQHandler
                0x600052dc        0x8 ./startup/startup_mimxrt1021.o
                0x600052dc                PWM1_FAULT_IRQHandler
 .text.Reserved123_IRQHandler
                0x600052e4        0x8 ./startup/startup_mimxrt1021.o
                0x600052e4                Reserved123_IRQHandler
 .text.FLEXSPI_IRQHandler
                0x600052ec        0x8 ./startup/startup_mimxrt1021.o
                0x600052ec                FLEXSPI_IRQHandler
 .text.SEMC_IRQHandler
                0x600052f4        0x8 ./startup/startup_mimxrt1021.o
                0x600052f4                SEMC_IRQHandler
 .text.USDHC1_IRQHandler
                0x600052fc        0x8 ./startup/startup_mimxrt1021.o
                0x600052fc                USDHC1_IRQHandler
 .text.USDHC2_IRQHandler
                0x60005304        0x8 ./startup/startup_mimxrt1021.o
                0x60005304                USDHC2_IRQHandler
 .text.Reserved128_IRQHandler
                0x6000530c        0x8 ./startup/startup_mimxrt1021.o
                0x6000530c                Reserved128_IRQHandler
 .text.USB_OTG1_IRQHandler
                0x60005314        0x8 ./startup/startup_mimxrt1021.o
                0x60005314                USB_OTG1_IRQHandler
 .text.ENET_IRQHandler
                0x6000531c        0x8 ./startup/startup_mimxrt1021.o
                0x6000531c                ENET_IRQHandler
 .text.ENET_1588_Timer_IRQHandler
                0x60005324        0x8 ./startup/startup_mimxrt1021.o
                0x60005324                ENET_1588_Timer_IRQHandler
 .text.XBAR1_IRQ_0_1_IRQHandler
                0x6000532c        0x8 ./startup/startup_mimxrt1021.o
                0x6000532c                XBAR1_IRQ_0_1_IRQHandler
 .text.XBAR1_IRQ_2_3_IRQHandler
                0x60005334        0x8 ./startup/startup_mimxrt1021.o
                0x60005334                XBAR1_IRQ_2_3_IRQHandler
 .text.ADC_ETC_IRQ0_IRQHandler
                0x6000533c        0x8 ./startup/startup_mimxrt1021.o
                0x6000533c                ADC_ETC_IRQ0_IRQHandler
 .text.ADC_ETC_IRQ1_IRQHandler
                0x60005344        0x8 ./startup/startup_mimxrt1021.o
                0x60005344                ADC_ETC_IRQ1_IRQHandler
 .text.ADC_ETC_IRQ2_IRQHandler
                0x6000534c        0x8 ./startup/startup_mimxrt1021.o
                0x6000534c                ADC_ETC_IRQ2_IRQHandler
 .text.ADC_ETC_ERROR_IRQ_IRQHandler
                0x60005354        0x8 ./startup/startup_mimxrt1021.o
                0x60005354                ADC_ETC_ERROR_IRQ_IRQHandler
 .text.PIT_IRQHandler
                0x6000535c        0x8 ./startup/startup_mimxrt1021.o
                0x6000535c                PIT_IRQHandler
 .text.ACMP1_IRQHandler
                0x60005364        0x8 ./startup/startup_mimxrt1021.o
                0x60005364                ACMP1_IRQHandler
 .text.ACMP2_IRQHandler
                0x6000536c        0x8 ./startup/startup_mimxrt1021.o
                0x6000536c                ACMP2_IRQHandler
 .text.ACMP3_IRQHandler
                0x60005374        0x8 ./startup/startup_mimxrt1021.o
                0x60005374                ACMP3_IRQHandler
 .text.ACMP4_IRQHandler
                0x6000537c        0x8 ./startup/startup_mimxrt1021.o
                0x6000537c                ACMP4_IRQHandler
 .text.Reserved143_IRQHandler
                0x60005384        0x8 ./startup/startup_mimxrt1021.o
                0x60005384                Reserved143_IRQHandler
 .text.Reserved144_IRQHandler
                0x6000538c        0x8 ./startup/startup_mimxrt1021.o
                0x6000538c                Reserved144_IRQHandler
 .text.ENC1_IRQHandler
                0x60005394        0x8 ./startup/startup_mimxrt1021.o
                0x60005394                ENC1_IRQHandler
 .text.ENC2_IRQHandler
                0x6000539c        0x8 ./startup/startup_mimxrt1021.o
                0x6000539c                ENC2_IRQHandler
 .text.Reserved147_IRQHandler
                0x600053a4        0x8 ./startup/startup_mimxrt1021.o
                0x600053a4                Reserved147_IRQHandler
 .text.Reserved148_IRQHandler
                0x600053ac        0x8 ./startup/startup_mimxrt1021.o
                0x600053ac                Reserved148_IRQHandler
 .text.TMR1_IRQHandler
                0x600053b4        0x8 ./startup/startup_mimxrt1021.o
                0x600053b4                TMR1_IRQHandler
 .text.TMR2_IRQHandler
                0x600053bc        0x8 ./startup/startup_mimxrt1021.o
                0x600053bc                TMR2_IRQHandler
 .text.Reserved151_IRQHandler
                0x600053c4        0x8 ./startup/startup_mimxrt1021.o
                0x600053c4                Reserved151_IRQHandler
 .text.Reserved152_IRQHandler
                0x600053cc        0x8 ./startup/startup_mimxrt1021.o
                0x600053cc                Reserved152_IRQHandler
 .text.PWM2_0_IRQHandler
                0x600053d4        0x8 ./startup/startup_mimxrt1021.o
                0x600053d4                PWM2_0_IRQHandler
 .text.PWM2_1_IRQHandler
                0x600053dc        0x8 ./startup/startup_mimxrt1021.o
                0x600053dc                PWM2_1_IRQHandler
 .text.PWM2_2_IRQHandler
                0x600053e4        0x8 ./startup/startup_mimxrt1021.o
                0x600053e4                PWM2_2_IRQHandler
 .text.PWM2_3_IRQHandler
                0x600053ec        0x8 ./startup/startup_mimxrt1021.o
                0x600053ec                PWM2_3_IRQHandler
 .text.PWM2_FAULT_IRQHandler
                0x600053f4        0x8 ./startup/startup_mimxrt1021.o
                0x600053f4                PWM2_FAULT_IRQHandler
 .text.cleanup  0x600053fc        0xc ./source/main.o
                0x600053fc                cleanup
 .text.HardFault_Handler
                0x60005408       0x36 ./source/semihost_hardfault.o
                0x60005408                HardFault_Handler
 .text.DCACHE_InvalidateByRange
                0x6000543e       0x1a ./drivers/fsl_cache.o
                0x6000543e                DCACHE_InvalidateByRange
 .text._SDK_AtomicLocalClearAndSet4Byte
                0x60005458       0x50 ./drivers/fsl_gpio.o
 .text.CLOCK_EnableClock
                0x600054a8       0x1e ./drivers/fsl_gpio.o
 .text.GPIO_SetPinInterruptConfig
                0x600054c6       0x22 ./drivers/fsl_gpio.o
 .text._SDK_AtomicLocalClearAndSet4Byte
                0x600054e8       0x50 ./drivers/fsl_lpuart.o
 .text.CLOCK_DisableClock
                0x60005538       0x1e ./drivers/fsl_lpuart.o
 .text.SystemInitHook
                0x60005556        0xe ./device/system_MIMXRT1021.o
                0x60005556                SystemInitHook
 .text._SDK_AtomicLocalClearAndSet4Byte
                0x60005564       0x50 ./board/clock_config.o
 .text.CLOCK_DisableClock
                0x600055b4       0x1e ./board/clock_config.o
 .text.CLOCK_SetPllBypass
                0x600055d2       0x4e ./board/clock_config.o
 .text.IOMUXC_SetSaiMClkClockSource
                0x60005620       0x6c ./board/clock_config.o
 .text.BOARD_InitBootClocks
                0x6000568c        0xc ./board/clock_config.o
                0x6000568c                BOARD_InitBootClocks
 .text._SDK_AtomicLocalClearAndSet4Byte
                0x60005698       0x50 ./board/pin_mux.o
 .text.CLOCK_EnableClock
                0x600056e8       0x1e ./board/pin_mux.o
 .text.IOMUXC_SetPinMux
                0x60005706       0x3a ./board/pin_mux.o
 .text.IOMUXC_SetPinConfig
                0x60005740       0x26 ./board/pin_mux.o
 .text.BOARD_InitBootPins
                0x60005766        0xc ./board/pin_mux.o
                0x60005766                BOARD_InitBootPins
 .text.__main   0x60005772        0xe D:/NXP/ide/MCUXpressoIDE_11.10.0_3148/ide/plugins/com.nxp.mcuxpresso.tools.win32_11.10.0.202311280810/tools/bin/../lib/gcc/arm-none-eabi/13.2.1/../../../../arm-none-eabi/lib/thumb/v7e-m+dp/hard\libcr_nohost_nf.a(_cr__main.o)
                0x60005772                __main
 .text.memset   0x60005780        0x4 D:/NXP/ide/MCUXpressoIDE_11.10.0_3148/ide/plugins/com.nxp.mcuxpresso.tools.win32_11.10.0.202311280810/tools/bin/../lib/gcc/arm-none-eabi/13.2.1/../../../../arm-none-eabi/lib/thumb/v7e-m+dp/hard\libcr_c.a(memset.o)
                0x60005780                memset
 .text.free     0x60005784       0x30 D:/NXP/ide/MCUXpressoIDE_11.10.0_3148/ide/plugins/com.nxp.mcuxpresso.tools.win32_11.10.0.202311280810/tools/bin/../lib/gcc/arm-none-eabi/13.2.1/../../../../arm-none-eabi/lib/thumb/v7e-m+dp/hard\libcr_c.a(alloc.o)
                0x60005784                free
 .text.memcmp   0x600057b4       0x40 D:/NXP/ide/MCUXpressoIDE_11.10.0_3148/ide/plugins/com.nxp.mcuxpresso.tools.win32_11.10.0.202311280810/tools/bin/../lib/gcc/arm-none-eabi/13.2.1/../../../../arm-none-eabi/lib/thumb/v7e-m+dp/hard\libcr_c.a(memcmp.o)
                0x600057b4                memcmp
 .text.setvbuf  0x600057f4       0x3e D:/NXP/ide/MCUXpressoIDE_11.10.0_3148/ide/plugins/com.nxp.mcuxpresso.tools.win32_11.10.0.202311280810/tools/bin/../lib/gcc/arm-none-eabi/13.2.1/../../../../arm-none-eabi/lib/thumb/v7e-m+dp/hard\libcr_c.a(setvbuf.o)
                0x600057f4                setvbuf
 .text.strlen   0x60005832       0x4e D:/NXP/ide/MCUXpressoIDE_11.10.0_3148/ide/plugins/com.nxp.mcuxpresso.tools.win32_11.10.0.202311280810/tools/bin/../lib/gcc/arm-none-eabi/13.2.1/../../../../arm-none-eabi/lib/thumb/v7e-m+dp/hard\libcr_c.a(strlen.o)
                0x60005832                strlen
 .text._deferredlazyseek
                0x60005880       0x40 D:/NXP/ide/MCUXpressoIDE_11.10.0_3148/ide/plugins/com.nxp.mcuxpresso.tools.win32_11.10.0.202311280810/tools/bin/../lib/gcc/arm-none-eabi/13.2.1/../../../../arm-none-eabi/lib/thumb/v7e-m+dp/hard\libcr_c.a(_deferredlazyseek.o)
                0x60005880                _deferredlazyseek
 .text._fdopen  0x600058c0       0x68 D:/NXP/ide/MCUXpressoIDE_11.10.0_3148/ide/plugins/com.nxp.mcuxpresso.tools.win32_11.10.0.202311280810/tools/bin/../lib/gcc/arm-none-eabi/13.2.1/../../../../arm-none-eabi/lib/thumb/v7e-m+dp/hard\libcr_c.a(_fdopen.o)
                0x600058c0                _fdopen
 .text._fflush  0x60005928       0x52 D:/NXP/ide/MCUXpressoIDE_11.10.0_3148/ide/plugins/com.nxp.mcuxpresso.tools.win32_11.10.0.202311280810/tools/bin/../lib/gcc/arm-none-eabi/13.2.1/../../../../arm-none-eabi/lib/thumb/v7e-m+dp/hard\libcr_c.a(_fflush.o)
                0x60005928                _fflush
 .text.fclose   0x6000597a       0x58 D:/NXP/ide/MCUXpressoIDE_11.10.0_3148/ide/plugins/com.nxp.mcuxpresso.tools.win32_11.10.0.202311280810/tools/bin/../lib/gcc/arm-none-eabi/13.2.1/../../../../arm-none-eabi/lib/thumb/v7e-m+dp/hard\libcr_c.a(fclose.o)
                0x6000597a                fclose
 .text.remove   0x600059d2       0x14 D:/NXP/ide/MCUXpressoIDE_11.10.0_3148/ide/plugins/com.nxp.mcuxpresso.tools.win32_11.10.0.202311280810/tools/bin/../lib/gcc/arm-none-eabi/13.2.1/../../../../arm-none-eabi/lib/thumb/v7e-m+dp/hard\libcr_c.a(remove.o)
                0x600059d2                remove
 .text._do_fflush
                0x600059e6       0x40 D:/NXP/ide/MCUXpressoIDE_11.10.0_3148/ide/plugins/com.nxp.mcuxpresso.tools.win32_11.10.0.202311280810/tools/bin/../lib/gcc/arm-none-eabi/13.2.1/../../../../arm-none-eabi/lib/thumb/v7e-m+dp/hard\libcr_c.a(_do_fflush.o)
                0x600059e6                _do_fflush
 .text.__aeabi_memset_lowlevel
                0x60005a26       0x32 D:/NXP/ide/MCUXpressoIDE_11.10.0_3148/ide/plugins/com.nxp.mcuxpresso.tools.win32_11.10.0.202311280810/tools/bin/../lib/gcc/arm-none-eabi/13.2.1/thumb/v7e-m+dp/hard\libcr_eabihelpers.a(memcpy.o)
                0x60005a26                __aeabi_lowlevel_memset
 .text.__sys_close
                0x60005a58        0x6 D:/NXP/ide/MCUXpressoIDE_11.10.0_3148/ide/plugins/com.nxp.mcuxpresso.tools.win32_11.10.0.202311280810/tools/bin/../lib/gcc/arm-none-eabi/13.2.1/../../../../arm-none-eabi/lib/thumb/v7e-m+dp/hard\libcr_nohost_nf.a(__sys_close.o)
                0x60005a58                __sys_close
 .text.__sys_flen
                0x60005a5e        0x6 D:/NXP/ide/MCUXpressoIDE_11.10.0_3148/ide/plugins/com.nxp.mcuxpresso.tools.win32_11.10.0.202311280810/tools/bin/../lib/gcc/arm-none-eabi/13.2.1/../../../../arm-none-eabi/lib/thumb/v7e-m+dp/hard\libcr_nohost_nf.a(__sys_flen.o)
                0x60005a5e                __sys_flen
 .text.__sys_istty
                0x60005a64        0x6 D:/NXP/ide/MCUXpressoIDE_11.10.0_3148/ide/plugins/com.nxp.mcuxpresso.tools.win32_11.10.0.202311280810/tools/bin/../lib/gcc/arm-none-eabi/13.2.1/../../../../arm-none-eabi/lib/thumb/v7e-m+dp/hard\libcr_nohost_nf.a(__sys_istty.o)
                0x60005a64                __sys_istty
 .text.__sys_remove
                0x60005a6a        0x6 D:/NXP/ide/MCUXpressoIDE_11.10.0_3148/ide/plugins/com.nxp.mcuxpresso.tools.win32_11.10.0.202311280810/tools/bin/../lib/gcc/arm-none-eabi/13.2.1/../../../../arm-none-eabi/lib/thumb/v7e-m+dp/hard\libcr_nohost_nf.a(__sys_remove.o)
                0x60005a6a                __sys_remove
 .text.__sys_seek
                0x60005a70        0x6 D:/NXP/ide/MCUXpressoIDE_11.10.0_3148/ide/plugins/com.nxp.mcuxpresso.tools.win32_11.10.0.202311280810/tools/bin/../lib/gcc/arm-none-eabi/13.2.1/../../../../arm-none-eabi/lib/thumb/v7e-m+dp/hard\libcr_nohost_nf.a(__sys_seek.o)
                0x60005a70                __sys_seek
 .text.__sys_tmpnam
                0x60005a76        0x6 D:/NXP/ide/MCUXpressoIDE_11.10.0_3148/ide/plugins/com.nxp.mcuxpresso.tools.win32_11.10.0.202311280810/tools/bin/../lib/gcc/arm-none-eabi/13.2.1/../../../../arm-none-eabi/lib/thumb/v7e-m+dp/hard\libcr_nohost_nf.a(__sys_tmpnam.o)
                0x60005a76                __sys_tmpnam
 *(SORT_BY_ALIGNMENT(.rodata) SORT_BY_ALIGNMENT(.rodata.*) SORT_BY_ALIGNMENT(.constdata) SORT_BY_ALIGNMENT(.constdata.*))
 .rodata.__assertion_failed.str1.4
                0x60005a7c      0x4c5 ./utilities/fsl_assert.o
                                 0x14 (size before relaxing)
 .rodata.GPIO_PinRead.str1.4
                0x60005f41       0x68 ./source/main.o
 .rodata.error_trap.str1.4
                0x60005f41       0x32 ./source/main.o
 .rodata.app_finalize.str1.4
                0x60005f41       0x22 ./source/main.o
 .rodata.CheckAppIntegFg.str1.4
                0x60005f41        0x9 ./source/main.o
 .rodata.BackupRunningAppArea.str1.4
                0x60005f41       0x93 ./source/main.o
 .rodata.TransferNewApp2RunningArea.str1.4
                0x60005f41       0x34 ./source/main.o
 .rodata.RecoverBackupApp2RunningArea.str1.4
                0x60005f41       0x4a ./source/main.o
 .rodata.CLOCK_InitExternalClk.str1.4
                0x60005f41       0x21 ./drivers/fsl_clock.o
 .rodata.CLOCK_ControlGate.str1.4
                0x60005f41       0x20 ./drivers/fsl_gpio.o
 *fill*         0x60005f41        0x3 ff
 .rodata.s_gpioBases
                0x60005f44       0x18 ./drivers/fsl_gpio.o
 .rodata.s_gpioClock
                0x60005f5c        0xc ./drivers/fsl_gpio.o
 .rodata.GPIO_GetInstance.str1.4
                0x60005f68       0x33 ./drivers/fsl_gpio.o
 .rodata.GPIO_PinWrite.str1.4
                0x60005f68       0x1b ./drivers/fsl_gpio.o
 .rodata.CLOCK_ControlGate.str1.4
                0x60005f68       0x20 ./drivers/fsl_lpuart.o
 .rodata.s_lpuartBases
                0x60005f68       0x24 ./drivers/fsl_lpuart.o
 .rodata.s_lpuartClock
                0x60005f8c       0x12 ./drivers/fsl_lpuart.o
 .rodata.LPUART_GetInstance.str1.4
                0x60005f9e       0x38 ./drivers/fsl_lpuart.o
 *fill*         0x60005f9e        0x2 ff
 .rodata.s_LpuartAdapterBase
                0x60005fa0       0x24 ./component/uart/fsl_adapter_lpuart.o
 .rodata.HAL_UartDeinit.str1.4
                0x60005fc4       0x2a ./component/uart/fsl_adapter_lpuart.o
 .rodata.BOARD_ConfigMPU.str1.4
                0x60005fc4       0x69 ./board/board.o
 .rodata.CLOCK_SetMux.str1.4
                0x60005fc4       0x7e ./board/clock_config.o
 .rodata.CLOCK_SetDiv.str1.4
                0x60005fc4       0x7e ./board/clock_config.o
 .rodata.CLOCK_ControlGate.str1.4
                0x60005fc4       0x6d ./board/clock_config.o
 .rodata.sysPllConfig_BOARD_BootClockRUN
                0x60005fc4       0x14 ./board/clock_config.o
                0x60005fc4                sysPllConfig_BOARD_BootClockRUN
 .rodata.enetPllConfig_BOARD_BootClockRUN
                0x60005fd8        0x5 ./board/clock_config.o
                0x60005fd8                enetPllConfig_BOARD_BootClockRUN
 .rodata.CLOCK_ControlGate.str1.4
                0x60005fdd       0x6d ./board/pin_mux.o
 *fill*         0x60005fdd        0x3 ff
 .rodata.__num_Ciob_streams
                0x60005fe0        0x4 D:/NXP/ide/MCUXpressoIDE_11.10.0_3148/ide/plugins/com.nxp.mcuxpresso.tools.win32_11.10.0.202311280810/tools/bin/../lib/gcc/arm-none-eabi/13.2.1/../../../../arm-none-eabi/lib/thumb/v7e-m+dp/hard\libcr_nohost_nf.a(__ciob.o)
                0x60005fe0                __num_Ciob_streams
 .rodata._initio.str1.1
                0x60005fe4        0x4 D:/NXP/ide/MCUXpressoIDE_11.10.0_3148/ide/plugins/com.nxp.mcuxpresso.tools.win32_11.10.0.202311280810/tools/bin/../lib/gcc/arm-none-eabi/13.2.1/../../../../arm-none-eabi/lib/thumb/v7e-m+dp/hard\libcr_c.a(initio.o)
                0x60005fe8                        . = ALIGN (0x4)

.glue_7         0x60005fe8        0x0
 .glue_7        0x60005fe8        0x0 linker stubs

.glue_7t        0x60005fe8        0x0
 .glue_7t       0x60005fe8        0x0 linker stubs

.vfp11_veneer   0x60005fe8        0x0
 .vfp11_veneer  0x60005fe8        0x0 linker stubs

.v4_bx          0x60005fe8        0x0
 .v4_bx         0x60005fe8        0x0 linker stubs

.iplt           0x60005fe8        0x0
 .iplt          0x60005fe8        0x0 ./xip/fsl_flexspi_nor_boot.o

.rel.dyn        0x60005fe8        0x0
 .rel.iplt      0x60005fe8        0x0 ./xip/fsl_flexspi_nor_boot.o

.ARM.extab
 *(SORT_BY_ALIGNMENT(.ARM.extab*) SORT_BY_ALIGNMENT(.gnu.linkonce.armextab.*))

.ARM.exidx      0x60005fe8        0x0
                0x60005fe8                        __exidx_start = .
 *(SORT_BY_ALIGNMENT(.ARM.exidx*) SORT_BY_ALIGNMENT(.gnu.linkonce.armexidx.*))
                0x60005fe8                        __exidx_end = .
                0x60005fe8                        _etext = .
                0x00001000                        _StackSize = 0x1000

.stack          0x20000000     0x1000
                0x20000000                        _vStackBase = .
                0x20001000                        . = (. + _StackSize)
 *fill*         0x20000000     0x1000 
                0x20001000                        . = ALIGN (0x4)
                0x20001000                        _vStackTop = .

.data_RAM2      0x00000000        0x0 load address 0x60005fe8
 FILL mask 0xff
                [!provide]                        PROVIDE (__start_data_RAM2 = .)
                [!provide]                        PROVIDE (__start_data_SRAM_ITC = .)
 *(SORT_BY_ALIGNMENT(.ramfunc.$RAM2))
 *(SORT_BY_ALIGNMENT(.ramfunc.$SRAM_ITC))
 *(SORT_BY_ALIGNMENT(.data.$RAM2))
 *(SORT_BY_ALIGNMENT(.data.$SRAM_ITC))
 *(SORT_BY_ALIGNMENT(.data.$RAM2.*))
 *(SORT_BY_ALIGNMENT(.data.$SRAM_ITC.*))
                0x00000000                        . = ALIGN (0x4)
                [!provide]                        PROVIDE (__end_data_RAM2 = .)
                [!provide]                        PROVIDE (__end_data_SRAM_ITC = .)

.data_RAM3      0x20200000        0x0 load address 0x60005fe8
 FILL mask 0xff
                [!provide]                        PROVIDE (__start_data_RAM3 = .)
                [!provide]                        PROVIDE (__start_data_SRAM_OC = .)
 *(SORT_BY_ALIGNMENT(.ramfunc.$RAM3))
 *(SORT_BY_ALIGNMENT(.ramfunc.$SRAM_OC))
 *(SORT_BY_ALIGNMENT(.data.$RAM3))
 *(SORT_BY_ALIGNMENT(.data.$SRAM_OC))
 *(SORT_BY_ALIGNMENT(.data.$RAM3.*))
 *(SORT_BY_ALIGNMENT(.data.$SRAM_OC.*))
                0x20200000                        . = ALIGN (0x4)
                [!provide]                        PROVIDE (__end_data_RAM3 = .)
                [!provide]                        PROVIDE (__end_data_SRAM_OC = .)

.data_RAM4      0x81e00000        0x0 load address 0x60005fe8
 FILL mask 0xff
                [!provide]                        PROVIDE (__start_data_RAM4 = .)
                [!provide]                        PROVIDE (__start_data_NCACHE_REGION = .)
 *(SORT_BY_ALIGNMENT(.ramfunc.$RAM4))
 *(SORT_BY_ALIGNMENT(.ramfunc.$NCACHE_REGION))
 *(SORT_BY_ALIGNMENT(.data.$RAM4))
 *(SORT_BY_ALIGNMENT(.data.$NCACHE_REGION))
 *(SORT_BY_ALIGNMENT(.data.$RAM4.*))
 *(SORT_BY_ALIGNMENT(.data.$NCACHE_REGION.*))
                0x81e00000                        . = ALIGN (0x4)
                [!provide]                        PROVIDE (__end_data_RAM4 = .)
                [!provide]                        PROVIDE (__end_data_NCACHE_REGION = .)

.uninit_RESERVED
                0x20001000        0x0
                0x20001000                        _start_uninit_RESERVED = .
 *(SORT_BY_ALIGNMENT(.bss.$RESERVED*))
                0x20001000                        . = ALIGN (0x4)
                0x20001000                        _end_uninit_RESERVED = .

.data           0x20001000        0x4 load address 0x60005fe8
 FILL mask 0xff
                0x20001000                        _data = .
                [!provide]                        PROVIDE (__start_data_RAM = .)
                [!provide]                        PROVIDE (__start_data_SRAM_DTC = .)
 *(SORT_BY_ALIGNMENT(vtable))
 *(SORT_BY_ALIGNMENT(.ramfunc*))
 *(SORT_BY_ALIGNMENT(CodeQuickAccess))
 *(SORT_BY_ALIGNMENT(DataQuickAccess))
 *(SORT_BY_ALIGNMENT(RamFunction))
 *(SORT_BY_ALIGNMENT(NonCacheable.init))
 *(SORT_BY_ALIGNMENT(.data*))
 .data.SystemCoreClock
                0x20001000        0x4 ./device/system_MIMXRT1021.o
                0x20001000                SystemCoreClock
                0x20001004                        . = ALIGN (0x4)
                0x20001004                        _edata = .
                [!provide]                        PROVIDE (__end_data_RAM = .)
                [!provide]                        PROVIDE (__end_data_SRAM_DTC = .)

.igot.plt       0x20001004        0x0 load address 0x60005fec
 .igot.plt      0x20001004        0x0 ./xip/fsl_flexspi_nor_boot.o

.bss_RAM2       0x00000000        0x0
                [!provide]                        PROVIDE (__start_bss_RAM2 = .)
                [!provide]                        PROVIDE (__start_bss_SRAM_ITC = .)
 *(SORT_BY_ALIGNMENT(.bss.$RAM2))
 *(SORT_BY_ALIGNMENT(.bss.$SRAM_ITC))
 *(SORT_BY_ALIGNMENT(.bss.$RAM2.*))
 *(SORT_BY_ALIGNMENT(.bss.$SRAM_ITC.*))
                0x00000000                        . = ALIGN ((. != 0x0)?0x4:0x1)
                [!provide]                        PROVIDE (__end_bss_RAM2 = .)
                [!provide]                        PROVIDE (__end_bss_SRAM_ITC = .)

.bss_RAM3       0x20200000        0x0
                [!provide]                        PROVIDE (__start_bss_RAM3 = .)
                [!provide]                        PROVIDE (__start_bss_SRAM_OC = .)
 *(SORT_BY_ALIGNMENT(.bss.$RAM3))
 *(SORT_BY_ALIGNMENT(.bss.$SRAM_OC))
 *(SORT_BY_ALIGNMENT(.bss.$RAM3.*))
 *(SORT_BY_ALIGNMENT(.bss.$SRAM_OC.*))
                0x20200000                        . = ALIGN ((. != 0x0)?0x4:0x1)
                [!provide]                        PROVIDE (__end_bss_RAM3 = .)
                [!provide]                        PROVIDE (__end_bss_SRAM_OC = .)

.bss_RAM4       0x81e00000        0x0
                [!provide]                        PROVIDE (__start_bss_RAM4 = .)
                [!provide]                        PROVIDE (__start_bss_NCACHE_REGION = .)
 *(SORT_BY_ALIGNMENT(.bss.$RAM4))
 *(SORT_BY_ALIGNMENT(.bss.$NCACHE_REGION))
 *(SORT_BY_ALIGNMENT(.bss.$RAM4.*))
 *(SORT_BY_ALIGNMENT(.bss.$NCACHE_REGION.*))
                0x81e00000                        . = ALIGN ((. != 0x0)?0x4:0x1)
                [!provide]                        PROVIDE (__end_bss_RAM4 = .)
                [!provide]                        PROVIDE (__end_bss_NCACHE_REGION = .)

.bss            0x20001004     0x2420
                0x20001004                        _bss = .
                [!provide]                        PROVIDE (__start_bss_RAM = .)
                [!provide]                        PROVIDE (__start_bss_SRAM_DTC = .)
 *(SORT_BY_ALIGNMENT(NonCacheable))
 *(SORT_BY_ALIGNMENT(.bss*))
 .bss.s_debugConsole
                0x20001004       0x14 ./utilities/fsl_debug_console.o
 .bss.norConfig
                0x20001018      0x200 ./source/main.o
 .bss.s_buffer  0x20001218     0x1000 ./source/main.o
 .bss.s_buffer_rbc
                0x20002218     0x1000 ./source/main.o
 .bss.g_systickCounter
                0x20003218        0x4 ./source/main.o
 .bss.u8AppIntegBuf
                0x2000321c      0x100 ./source/main.o
 .bss.g_xtalFreq
                0x2000331c        0x4 ./drivers/fsl_clock.o
                0x2000331c                g_xtalFreq
 .bss.g_rtcXtalFreq
                0x20003320        0x4 ./drivers/fsl_clock.o
                0x20003320                g_rtcXtalFreq
 .bss.s_lpuartHandle
                0x20003324       0x24 ./drivers/fsl_lpuart.o
                0x20003324                s_lpuartHandle
 .bss.s_lpuartIsr
                0x20003348       0x24 ./drivers/fsl_lpuart.o
                0x20003348                s_lpuartIsr
 .bss.errno     0x2000336c        0x4 D:/NXP/ide/MCUXpressoIDE_11.10.0_3148/ide/plugins/com.nxp.mcuxpresso.tools.win32_11.10.0.202311280810/tools/bin/../lib/gcc/arm-none-eabi/13.2.1/../../../../arm-none-eabi/lib/thumb/v7e-m+dp/hard\libcr_c.a(errno.o)
                0x2000336c                errno
 .bss.__Ciob    0x20003370       0xb4 D:/NXP/ide/MCUXpressoIDE_11.10.0_3148/ide/plugins/com.nxp.mcuxpresso.tools.win32_11.10.0.202311280810/tools/bin/../lib/gcc/arm-none-eabi/13.2.1/../../../../arm-none-eabi/lib/thumb/v7e-m+dp/hard\libcr_nohost_nf.a(__ciob.o)
                0x20003370                __Ciob
 *(SORT_BY_ALIGNMENT(COMMON))
                0x20003424                        . = ALIGN (0x4)
                0x20003424                        _ebss = .
                [!provide]                        PROVIDE (__end_bss_RAM = .)
                [!provide]                        PROVIDE (__end_bss_SRAM_DTC = .)
                [!provide]                        PROVIDE (end = .)

.noinit_RAM2    0x00000000        0x0
                [!provide]                        PROVIDE (__start_noinit_RAM2 = .)
                [!provide]                        PROVIDE (__start_noinit_SRAM_ITC = .)
 *(SORT_BY_ALIGNMENT(.noinit.$RAM2))
 *(SORT_BY_ALIGNMENT(.noinit.$SRAM_ITC))
 *(SORT_BY_ALIGNMENT(.noinit.$RAM2.*))
 *(SORT_BY_ALIGNMENT(.noinit.$SRAM_ITC.*))
                0x00000000                        . = ALIGN (0x4)
                [!provide]                        PROVIDE (__end_noinit_RAM2 = .)
                [!provide]                        PROVIDE (__end_noinit_SRAM_ITC = .)

.noinit_RAM3    0x20200000        0x0
                [!provide]                        PROVIDE (__start_noinit_RAM3 = .)
                [!provide]                        PROVIDE (__start_noinit_SRAM_OC = .)
 *(SORT_BY_ALIGNMENT(.noinit.$RAM3))
 *(SORT_BY_ALIGNMENT(.noinit.$SRAM_OC))
 *(SORT_BY_ALIGNMENT(.noinit.$RAM3.*))
 *(SORT_BY_ALIGNMENT(.noinit.$SRAM_OC.*))
                0x20200000                        . = ALIGN (0x4)
                [!provide]                        PROVIDE (__end_noinit_RAM3 = .)
                [!provide]                        PROVIDE (__end_noinit_SRAM_OC = .)

.noinit_RAM4    0x81e00000        0x0
                [!provide]                        PROVIDE (__start_noinit_RAM4 = .)
                [!provide]                        PROVIDE (__start_noinit_NCACHE_REGION = .)
 *(SORT_BY_ALIGNMENT(.noinit.$RAM4))
 *(SORT_BY_ALIGNMENT(.noinit.$NCACHE_REGION))
 *(SORT_BY_ALIGNMENT(.noinit.$RAM4.*))
 *(SORT_BY_ALIGNMENT(.noinit.$NCACHE_REGION.*))
                0x81e00000                        . = ALIGN (0x4)
                [!provide]                        PROVIDE (__end_noinit_RAM4 = .)
                [!provide]                        PROVIDE (__end_noinit_NCACHE_REGION = .)

.noinit         0x20003424        0x0
                0x20003424                        _noinit = .
                [!provide]                        PROVIDE (__start_noinit_RAM = .)
                [!provide]                        PROVIDE (__start_noinit_SRAM_DTC = .)
 *(SORT_BY_ALIGNMENT(.noinit*))
                0x20003424                        . = ALIGN (0x4)
                0x20003424                        _end_noinit = .
                [!provide]                        PROVIDE (__end_noinit_RAM = .)
                [!provide]                        PROVIDE (__end_noinit_SRAM_DTC = .)
                0x00001000                        _HeapSize = 0x1000

.heap           0x20003424     0x1000
                0x20003424                        _pvHeapStart = .
                0x20004424                        . = (. + _HeapSize)
 *fill*         0x20003424     0x1000 
                0x20004424                        . = ALIGN (0x4)
                0x20004424                        _pvHeapLimit = .
                0x60002000                        _image_start = LOADADDR (.text)
                0x60005fec                        _image_end = (LOADADDR (.data) + SIZEOF (.data))
                0x00003fec                        _image_size = (_image_end - _image_start)
OUTPUT(CCU01_BOOT_RT1021.axf elf32-littlearm)
LOAD linker stubs

.debug_info     0x00000000    0x12979
 .debug_info    0x00000000      0x89d ./xip/evkmimxrt1020_flexspi_nor_config.o
 .debug_info    0x0000089d      0x499 ./xip/fsl_flexspi_nor_boot.o
 .debug_info    0x00000d36      0x12e ./utilities/fsl_assert.o
 .debug_info    0x00000e64      0xd5e ./utilities/fsl_debug_console.o
 .debug_info    0x00001bc2       0x24 ./utilities/fsl_memcpy.o
 .debug_info    0x00001be6     0x154b ./startup/startup_mimxrt1021.o
 .debug_info    0x00003131     0x1881 ./source/main.o
 .debug_info    0x000049b2       0x3c ./source/semihost_hardfault.o
 .debug_info    0x000049ee      0x8a7 ./drivers/fsl_cache.o
 .debug_info    0x00005295     0x21f3 ./drivers/fsl_clock.o
 .debug_info    0x00007488      0xd91 ./drivers/fsl_gpio.o
 .debug_info    0x00008219     0x29f9 ./drivers/fsl_lpuart.o
 .debug_info    0x0000ac12      0x9ba ./drivers/fsl_romapi.o
 .debug_info    0x0000b5cc      0xb9f ./device/system_MIMXRT1021.o
 .debug_info    0x0000c16b      0xbf7 ./component/uart/fsl_adapter_lpuart.o
 .debug_info    0x0000cd62      0xfc7 ./board/board.o
 .debug_info    0x0000dd29     0x186d ./board/clock_config.o
 .debug_info    0x0000f596      0xa15 ./board/pin_mux.o
 .debug_info    0x0000ffab       0x85 D:/NXP/ide/MCUXpressoIDE_11.10.0_3148/ide/plugins/com.nxp.mcuxpresso.tools.win32_11.10.0.202311280810/tools/bin/../lib/gcc/arm-none-eabi/13.2.1/../../../../arm-none-eabi/lib/thumb/v7e-m+dp/hard\libcr_nohost_nf.a(_cr__main.o)
 .debug_info    0x00010030       0xfc D:/NXP/ide/MCUXpressoIDE_11.10.0_3148/ide/plugins/com.nxp.mcuxpresso.tools.win32_11.10.0.202311280810/tools/bin/../lib/gcc/arm-none-eabi/13.2.1/../../../../arm-none-eabi/lib/thumb/v7e-m+dp/hard\libcr_c.a(memset.o)
 .debug_info    0x0001012c      0x520 D:/NXP/ide/MCUXpressoIDE_11.10.0_3148/ide/plugins/com.nxp.mcuxpresso.tools.win32_11.10.0.202311280810/tools/bin/../lib/gcc/arm-none-eabi/13.2.1/../../../../arm-none-eabi/lib/thumb/v7e-m+dp/hard\libcr_c.a(alloc.o)
 .debug_info    0x0001064c       0x44 D:/NXP/ide/MCUXpressoIDE_11.10.0_3148/ide/plugins/com.nxp.mcuxpresso.tools.win32_11.10.0.202311280810/tools/bin/../lib/gcc/arm-none-eabi/13.2.1/../../../../arm-none-eabi/lib/thumb/v7e-m+dp/hard\libcr_c.a(errno.o)
 .debug_info    0x00010690      0x339 D:/NXP/ide/MCUXpressoIDE_11.10.0_3148/ide/plugins/com.nxp.mcuxpresso.tools.win32_11.10.0.202311280810/tools/bin/../lib/gcc/arm-none-eabi/13.2.1/../../../../arm-none-eabi/lib/thumb/v7e-m+dp/hard\libcr_c.a(initio.o)
 .debug_info    0x000109c9      0x115 D:/NXP/ide/MCUXpressoIDE_11.10.0_3148/ide/plugins/com.nxp.mcuxpresso.tools.win32_11.10.0.202311280810/tools/bin/../lib/gcc/arm-none-eabi/13.2.1/../../../../arm-none-eabi/lib/thumb/v7e-m+dp/hard\libcr_c.a(memcmp.o)
 .debug_info    0x00010ade      0x1fd D:/NXP/ide/MCUXpressoIDE_11.10.0_3148/ide/plugins/com.nxp.mcuxpresso.tools.win32_11.10.0.202311280810/tools/bin/../lib/gcc/arm-none-eabi/13.2.1/../../../../arm-none-eabi/lib/thumb/v7e-m+dp/hard\libcr_c.a(setvbuf.o)
 .debug_info    0x00010cdb       0xe1 D:/NXP/ide/MCUXpressoIDE_11.10.0_3148/ide/plugins/com.nxp.mcuxpresso.tools.win32_11.10.0.202311280810/tools/bin/../lib/gcc/arm-none-eabi/13.2.1/../../../../arm-none-eabi/lib/thumb/v7e-m+dp/hard\libcr_c.a(strlen.o)
 .debug_info    0x00010dbc      0x369 D:/NXP/ide/MCUXpressoIDE_11.10.0_3148/ide/plugins/com.nxp.mcuxpresso.tools.win32_11.10.0.202311280810/tools/bin/../lib/gcc/arm-none-eabi/13.2.1/../../../../arm-none-eabi/lib/thumb/v7e-m+dp/hard\libcr_c.a(_deferredlazyseek.o)
 .debug_info    0x00011125      0x24b D:/NXP/ide/MCUXpressoIDE_11.10.0_3148/ide/plugins/com.nxp.mcuxpresso.tools.win32_11.10.0.202311280810/tools/bin/../lib/gcc/arm-none-eabi/13.2.1/../../../../arm-none-eabi/lib/thumb/v7e-m+dp/hard\libcr_c.a(_fdopen.o)
 .debug_info    0x00011370      0x1e3 D:/NXP/ide/MCUXpressoIDE_11.10.0_3148/ide/plugins/com.nxp.mcuxpresso.tools.win32_11.10.0.202311280810/tools/bin/../lib/gcc/arm-none-eabi/13.2.1/../../../../arm-none-eabi/lib/thumb/v7e-m+dp/hard\libcr_c.a(_fflush.o)
 .debug_info    0x00011553      0x289 D:/NXP/ide/MCUXpressoIDE_11.10.0_3148/ide/plugins/com.nxp.mcuxpresso.tools.win32_11.10.0.202311280810/tools/bin/../lib/gcc/arm-none-eabi/13.2.1/../../../../arm-none-eabi/lib/thumb/v7e-m+dp/hard\libcr_c.a(_writebuf.o)
 .debug_info    0x000117dc      0x318 D:/NXP/ide/MCUXpressoIDE_11.10.0_3148/ide/plugins/com.nxp.mcuxpresso.tools.win32_11.10.0.202311280810/tools/bin/../lib/gcc/arm-none-eabi/13.2.1/../../../../arm-none-eabi/lib/thumb/v7e-m+dp/hard\libcr_c.a(fclose.o)
 .debug_info    0x00011af4      0x209 D:/NXP/ide/MCUXpressoIDE_11.10.0_3148/ide/plugins/com.nxp.mcuxpresso.tools.win32_11.10.0.202311280810/tools/bin/../lib/gcc/arm-none-eabi/13.2.1/../../../../arm-none-eabi/lib/thumb/v7e-m+dp/hard\libcr_c.a(fflush.o)
 .debug_info    0x00011cfd      0x276 D:/NXP/ide/MCUXpressoIDE_11.10.0_3148/ide/plugins/com.nxp.mcuxpresso.tools.win32_11.10.0.202311280810/tools/bin/../lib/gcc/arm-none-eabi/13.2.1/../../../../arm-none-eabi/lib/thumb/v7e-m+dp/hard\libcr_c.a(fseek.o)
 .debug_info    0x00011f73      0x197 D:/NXP/ide/MCUXpressoIDE_11.10.0_3148/ide/plugins/com.nxp.mcuxpresso.tools.win32_11.10.0.202311280810/tools/bin/../lib/gcc/arm-none-eabi/13.2.1/../../../../arm-none-eabi/lib/thumb/v7e-m+dp/hard\libcr_c.a(ftell.o)
 .debug_info    0x0001210a      0x1d7 D:/NXP/ide/MCUXpressoIDE_11.10.0_3148/ide/plugins/com.nxp.mcuxpresso.tools.win32_11.10.0.202311280810/tools/bin/../lib/gcc/arm-none-eabi/13.2.1/../../../../arm-none-eabi/lib/thumb/v7e-m+dp/hard\libcr_c.a(remove.o)
 .debug_info    0x000122e1      0x23a D:/NXP/ide/MCUXpressoIDE_11.10.0_3148/ide/plugins/com.nxp.mcuxpresso.tools.win32_11.10.0.202311280810/tools/bin/../lib/gcc/arm-none-eabi/13.2.1/../../../../arm-none-eabi/lib/thumb/v7e-m+dp/hard\libcr_c.a(_do_fflush.o)
 .debug_info    0x0001251b      0x18b D:/NXP/ide/MCUXpressoIDE_11.10.0_3148/ide/plugins/com.nxp.mcuxpresso.tools.win32_11.10.0.202311280810/tools/bin/../lib/gcc/arm-none-eabi/13.2.1/../../../../arm-none-eabi/lib/thumb/v7e-m+dp/hard\libcr_nohost_nf.a(__ciob.o)
 .debug_info    0x000126a6       0x6a D:/NXP/ide/MCUXpressoIDE_11.10.0_3148/ide/plugins/com.nxp.mcuxpresso.tools.win32_11.10.0.202311280810/tools/bin/../lib/gcc/arm-none-eabi/13.2.1/../../../../arm-none-eabi/lib/thumb/v7e-m+dp/hard\libcr_nohost_nf.a(__sys_close.o)
 .debug_info    0x00012710       0x6a D:/NXP/ide/MCUXpressoIDE_11.10.0_3148/ide/plugins/com.nxp.mcuxpresso.tools.win32_11.10.0.202311280810/tools/bin/../lib/gcc/arm-none-eabi/13.2.1/../../../../arm-none-eabi/lib/thumb/v7e-m+dp/hard\libcr_nohost_nf.a(__sys_flen.o)
 .debug_info    0x0001277a       0x6a D:/NXP/ide/MCUXpressoIDE_11.10.0_3148/ide/plugins/com.nxp.mcuxpresso.tools.win32_11.10.0.202311280810/tools/bin/../lib/gcc/arm-none-eabi/13.2.1/../../../../arm-none-eabi/lib/thumb/v7e-m+dp/hard\libcr_nohost_nf.a(__sys_istty.o)
 .debug_info    0x000127e4       0x8a D:/NXP/ide/MCUXpressoIDE_11.10.0_3148/ide/plugins/com.nxp.mcuxpresso.tools.win32_11.10.0.202311280810/tools/bin/../lib/gcc/arm-none-eabi/13.2.1/../../../../arm-none-eabi/lib/thumb/v7e-m+dp/hard\libcr_nohost_nf.a(__sys_remove.o)
 .debug_info    0x0001286e       0x78 D:/NXP/ide/MCUXpressoIDE_11.10.0_3148/ide/plugins/com.nxp.mcuxpresso.tools.win32_11.10.0.202311280810/tools/bin/../lib/gcc/arm-none-eabi/13.2.1/../../../../arm-none-eabi/lib/thumb/v7e-m+dp/hard\libcr_nohost_nf.a(__sys_seek.o)
 .debug_info    0x000128e6       0x93 D:/NXP/ide/MCUXpressoIDE_11.10.0_3148/ide/plugins/com.nxp.mcuxpresso.tools.win32_11.10.0.202311280810/tools/bin/../lib/gcc/arm-none-eabi/13.2.1/../../../../arm-none-eabi/lib/thumb/v7e-m+dp/hard\libcr_nohost_nf.a(__sys_tmpnam.o)

.debug_abbrev   0x00000000     0x3af6
 .debug_abbrev  0x00000000      0x10a ./xip/evkmimxrt1020_flexspi_nor_config.o
 .debug_abbrev  0x0000010a       0xe2 ./xip/fsl_flexspi_nor_boot.o
 .debug_abbrev  0x000001ec       0xbd ./utilities/fsl_assert.o
 .debug_abbrev  0x000002a9      0x256 ./utilities/fsl_debug_console.o
 .debug_abbrev  0x000004ff       0x14 ./utilities/fsl_memcpy.o
 .debug_abbrev  0x00000513      0x197 ./startup/startup_mimxrt1021.o
 .debug_abbrev  0x000006aa      0x490 ./source/main.o
 .debug_abbrev  0x00000b3a       0x31 ./source/semihost_hardfault.o
 .debug_abbrev  0x00000b6b      0x1f1 ./drivers/fsl_cache.o
 .debug_abbrev  0x00000d5c      0x35a ./drivers/fsl_clock.o
 .debug_abbrev  0x000010b6      0x2c0 ./drivers/fsl_gpio.o
 .debug_abbrev  0x00001376      0x45d ./drivers/fsl_lpuart.o
 .debug_abbrev  0x000017d3      0x1bc ./drivers/fsl_romapi.o
 .debug_abbrev  0x0000198f      0x16e ./device/system_MIMXRT1021.o
 .debug_abbrev  0x00001afd      0x1e7 ./component/uart/fsl_adapter_lpuart.o
 .debug_abbrev  0x00001ce4      0x2dd ./board/board.o
 .debug_abbrev  0x00001fc1      0x309 ./board/clock_config.o
 .debug_abbrev  0x000022ca      0x295 ./board/pin_mux.o
 .debug_abbrev  0x0000255f       0x70 D:/NXP/ide/MCUXpressoIDE_11.10.0_3148/ide/plugins/com.nxp.mcuxpresso.tools.win32_11.10.0.202311280810/tools/bin/../lib/gcc/arm-none-eabi/13.2.1/../../../../arm-none-eabi/lib/thumb/v7e-m+dp/hard\libcr_nohost_nf.a(_cr__main.o)
 .debug_abbrev  0x000025cf       0xa8 D:/NXP/ide/MCUXpressoIDE_11.10.0_3148/ide/plugins/com.nxp.mcuxpresso.tools.win32_11.10.0.202311280810/tools/bin/../lib/gcc/arm-none-eabi/13.2.1/../../../../arm-none-eabi/lib/thumb/v7e-m+dp/hard\libcr_c.a(memset.o)
 .debug_abbrev  0x00002677      0x284 D:/NXP/ide/MCUXpressoIDE_11.10.0_3148/ide/plugins/com.nxp.mcuxpresso.tools.win32_11.10.0.202311280810/tools/bin/../lib/gcc/arm-none-eabi/13.2.1/../../../../arm-none-eabi/lib/thumb/v7e-m+dp/hard\libcr_c.a(alloc.o)
 .debug_abbrev  0x000028fb       0x44 D:/NXP/ide/MCUXpressoIDE_11.10.0_3148/ide/plugins/com.nxp.mcuxpresso.tools.win32_11.10.0.202311280810/tools/bin/../lib/gcc/arm-none-eabi/13.2.1/../../../../arm-none-eabi/lib/thumb/v7e-m+dp/hard\libcr_c.a(errno.o)
 .debug_abbrev  0x0000293f      0x169 D:/NXP/ide/MCUXpressoIDE_11.10.0_3148/ide/plugins/com.nxp.mcuxpresso.tools.win32_11.10.0.202311280810/tools/bin/../lib/gcc/arm-none-eabi/13.2.1/../../../../arm-none-eabi/lib/thumb/v7e-m+dp/hard\libcr_c.a(initio.o)
 .debug_abbrev  0x00002aa8       0x9d D:/NXP/ide/MCUXpressoIDE_11.10.0_3148/ide/plugins/com.nxp.mcuxpresso.tools.win32_11.10.0.202311280810/tools/bin/../lib/gcc/arm-none-eabi/13.2.1/../../../../arm-none-eabi/lib/thumb/v7e-m+dp/hard\libcr_c.a(memcmp.o)
 .debug_abbrev  0x00002b45       0xe1 D:/NXP/ide/MCUXpressoIDE_11.10.0_3148/ide/plugins/com.nxp.mcuxpresso.tools.win32_11.10.0.202311280810/tools/bin/../lib/gcc/arm-none-eabi/13.2.1/../../../../arm-none-eabi/lib/thumb/v7e-m+dp/hard\libcr_c.a(setvbuf.o)
 .debug_abbrev  0x00002c26       0xa7 D:/NXP/ide/MCUXpressoIDE_11.10.0_3148/ide/plugins/com.nxp.mcuxpresso.tools.win32_11.10.0.202311280810/tools/bin/../lib/gcc/arm-none-eabi/13.2.1/../../../../arm-none-eabi/lib/thumb/v7e-m+dp/hard\libcr_c.a(strlen.o)
 .debug_abbrev  0x00002ccd      0x152 D:/NXP/ide/MCUXpressoIDE_11.10.0_3148/ide/plugins/com.nxp.mcuxpresso.tools.win32_11.10.0.202311280810/tools/bin/../lib/gcc/arm-none-eabi/13.2.1/../../../../arm-none-eabi/lib/thumb/v7e-m+dp/hard\libcr_c.a(_deferredlazyseek.o)
 .debug_abbrev  0x00002e1f      0x119 D:/NXP/ide/MCUXpressoIDE_11.10.0_3148/ide/plugins/com.nxp.mcuxpresso.tools.win32_11.10.0.202311280810/tools/bin/../lib/gcc/arm-none-eabi/13.2.1/../../../../arm-none-eabi/lib/thumb/v7e-m+dp/hard\libcr_c.a(_fdopen.o)
 .debug_abbrev  0x00002f38       0xf1 D:/NXP/ide/MCUXpressoIDE_11.10.0_3148/ide/plugins/com.nxp.mcuxpresso.tools.win32_11.10.0.202311280810/tools/bin/../lib/gcc/arm-none-eabi/13.2.1/../../../../arm-none-eabi/lib/thumb/v7e-m+dp/hard\libcr_c.a(_fflush.o)
 .debug_abbrev  0x00003029      0x126 D:/NXP/ide/MCUXpressoIDE_11.10.0_3148/ide/plugins/com.nxp.mcuxpresso.tools.win32_11.10.0.202311280810/tools/bin/../lib/gcc/arm-none-eabi/13.2.1/../../../../arm-none-eabi/lib/thumb/v7e-m+dp/hard\libcr_c.a(_writebuf.o)
 .debug_abbrev  0x0000314f      0x155 D:/NXP/ide/MCUXpressoIDE_11.10.0_3148/ide/plugins/com.nxp.mcuxpresso.tools.win32_11.10.0.202311280810/tools/bin/../lib/gcc/arm-none-eabi/13.2.1/../../../../arm-none-eabi/lib/thumb/v7e-m+dp/hard\libcr_c.a(fclose.o)
 .debug_abbrev  0x000032a4      0x125 D:/NXP/ide/MCUXpressoIDE_11.10.0_3148/ide/plugins/com.nxp.mcuxpresso.tools.win32_11.10.0.202311280810/tools/bin/../lib/gcc/arm-none-eabi/13.2.1/../../../../arm-none-eabi/lib/thumb/v7e-m+dp/hard\libcr_c.a(fflush.o)
 .debug_abbrev  0x000033c9      0x11b D:/NXP/ide/MCUXpressoIDE_11.10.0_3148/ide/plugins/com.nxp.mcuxpresso.tools.win32_11.10.0.202311280810/tools/bin/../lib/gcc/arm-none-eabi/13.2.1/../../../../arm-none-eabi/lib/thumb/v7e-m+dp/hard\libcr_c.a(fseek.o)
 .debug_abbrev  0x000034e4       0xc2 D:/NXP/ide/MCUXpressoIDE_11.10.0_3148/ide/plugins/com.nxp.mcuxpresso.tools.win32_11.10.0.202311280810/tools/bin/../lib/gcc/arm-none-eabi/13.2.1/../../../../arm-none-eabi/lib/thumb/v7e-m+dp/hard\libcr_c.a(ftell.o)
 .debug_abbrev  0x000035a6       0xfb D:/NXP/ide/MCUXpressoIDE_11.10.0_3148/ide/plugins/com.nxp.mcuxpresso.tools.win32_11.10.0.202311280810/tools/bin/../lib/gcc/arm-none-eabi/13.2.1/../../../../arm-none-eabi/lib/thumb/v7e-m+dp/hard\libcr_c.a(remove.o)
 .debug_abbrev  0x000036a1      0x12c D:/NXP/ide/MCUXpressoIDE_11.10.0_3148/ide/plugins/com.nxp.mcuxpresso.tools.win32_11.10.0.202311280810/tools/bin/../lib/gcc/arm-none-eabi/13.2.1/../../../../arm-none-eabi/lib/thumb/v7e-m+dp/hard\libcr_c.a(_do_fflush.o)
 .debug_abbrev  0x000037cd       0xb5 D:/NXP/ide/MCUXpressoIDE_11.10.0_3148/ide/plugins/com.nxp.mcuxpresso.tools.win32_11.10.0.202311280810/tools/bin/../lib/gcc/arm-none-eabi/13.2.1/../../../../arm-none-eabi/lib/thumb/v7e-m+dp/hard\libcr_nohost_nf.a(__ciob.o)
 .debug_abbrev  0x00003882       0x5c D:/NXP/ide/MCUXpressoIDE_11.10.0_3148/ide/plugins/com.nxp.mcuxpresso.tools.win32_11.10.0.202311280810/tools/bin/../lib/gcc/arm-none-eabi/13.2.1/../../../../arm-none-eabi/lib/thumb/v7e-m+dp/hard\libcr_nohost_nf.a(__sys_close.o)
 .debug_abbrev  0x000038de       0x5c D:/NXP/ide/MCUXpressoIDE_11.10.0_3148/ide/plugins/com.nxp.mcuxpresso.tools.win32_11.10.0.202311280810/tools/bin/../lib/gcc/arm-none-eabi/13.2.1/../../../../arm-none-eabi/lib/thumb/v7e-m+dp/hard\libcr_nohost_nf.a(__sys_flen.o)
 .debug_abbrev  0x0000393a       0x5c D:/NXP/ide/MCUXpressoIDE_11.10.0_3148/ide/plugins/com.nxp.mcuxpresso.tools.win32_11.10.0.202311280810/tools/bin/../lib/gcc/arm-none-eabi/13.2.1/../../../../arm-none-eabi/lib/thumb/v7e-m+dp/hard\libcr_nohost_nf.a(__sys_istty.o)
 .debug_abbrev  0x00003996       0x7d D:/NXP/ide/MCUXpressoIDE_11.10.0_3148/ide/plugins/com.nxp.mcuxpresso.tools.win32_11.10.0.202311280810/tools/bin/../lib/gcc/arm-none-eabi/13.2.1/../../../../arm-none-eabi/lib/thumb/v7e-m+dp/hard\libcr_nohost_nf.a(__sys_remove.o)
 .debug_abbrev  0x00003a13       0x6d D:/NXP/ide/MCUXpressoIDE_11.10.0_3148/ide/plugins/com.nxp.mcuxpresso.tools.win32_11.10.0.202311280810/tools/bin/../lib/gcc/arm-none-eabi/13.2.1/../../../../arm-none-eabi/lib/thumb/v7e-m+dp/hard\libcr_nohost_nf.a(__sys_seek.o)
 .debug_abbrev  0x00003a80       0x76 D:/NXP/ide/MCUXpressoIDE_11.10.0_3148/ide/plugins/com.nxp.mcuxpresso.tools.win32_11.10.0.202311280810/tools/bin/../lib/gcc/arm-none-eabi/13.2.1/../../../../arm-none-eabi/lib/thumb/v7e-m+dp/hard\libcr_nohost_nf.a(__sys_tmpnam.o)

.debug_aranges  0x00000000      0xff8
 .debug_aranges
                0x00000000       0x18 ./xip/evkmimxrt1020_flexspi_nor_config.o
 .debug_aranges
                0x00000018       0x18 ./xip/fsl_flexspi_nor_boot.o
 .debug_aranges
                0x00000030       0x28 ./utilities/fsl_assert.o
 .debug_aranges
                0x00000058       0x88 ./utilities/fsl_debug_console.o
 .debug_aranges
                0x000000e0       0x20 ./utilities/fsl_memcpy.o
 .debug_aranges
                0x00000100      0x4f0 ./startup/startup_mimxrt1021.o
 .debug_aranges
                0x000005f0       0xb8 ./source/main.o
 .debug_aranges
                0x000006a8       0x20 ./source/semihost_hardfault.o
 .debug_aranges
                0x000006c8       0x58 ./drivers/fsl_cache.o
 .debug_aranges
                0x00000720      0x168 ./drivers/fsl_clock.o
 .debug_aranges
                0x00000888       0x58 ./drivers/fsl_gpio.o
 .debug_aranges
                0x000008e0      0x1c8 ./drivers/fsl_lpuart.o
 .debug_aranges
                0x00000aa8       0x58 ./drivers/fsl_romapi.o
 .debug_aranges
                0x00000b00       0x30 ./device/system_MIMXRT1021.o
 .debug_aranges
                0x00000b30       0x58 ./component/uart/fsl_adapter_lpuart.o
 .debug_aranges
                0x00000b88       0x58 ./board/board.o
 .debug_aranges
                0x00000be0       0x80 ./board/clock_config.o
 .debug_aranges
                0x00000c60       0x50 ./board/pin_mux.o
 .debug_aranges
                0x00000cb0       0x20 D:/NXP/ide/MCUXpressoIDE_11.10.0_3148/ide/plugins/com.nxp.mcuxpresso.tools.win32_11.10.0.202311280810/tools/bin/../lib/gcc/arm-none-eabi/13.2.1/../../../../arm-none-eabi/lib/thumb/v7e-m+dp/hard\libcr_nohost_nf.a(_cr__main.o)
 .debug_aranges
                0x00000cd0       0x20 D:/NXP/ide/MCUXpressoIDE_11.10.0_3148/ide/plugins/com.nxp.mcuxpresso.tools.win32_11.10.0.202311280810/tools/bin/../lib/gcc/arm-none-eabi/13.2.1/../../../../arm-none-eabi/lib/thumb/v7e-m+dp/hard\libcr_c.a(memset.o)
 .debug_aranges
                0x00000cf0       0x40 D:/NXP/ide/MCUXpressoIDE_11.10.0_3148/ide/plugins/com.nxp.mcuxpresso.tools.win32_11.10.0.202311280810/tools/bin/../lib/gcc/arm-none-eabi/13.2.1/../../../../arm-none-eabi/lib/thumb/v7e-m+dp/hard\libcr_c.a(alloc.o)
 .debug_aranges
                0x00000d30       0x18 D:/NXP/ide/MCUXpressoIDE_11.10.0_3148/ide/plugins/com.nxp.mcuxpresso.tools.win32_11.10.0.202311280810/tools/bin/../lib/gcc/arm-none-eabi/13.2.1/../../../../arm-none-eabi/lib/thumb/v7e-m+dp/hard\libcr_c.a(errno.o)
 .debug_aranges
                0x00000d48       0x28 D:/NXP/ide/MCUXpressoIDE_11.10.0_3148/ide/plugins/com.nxp.mcuxpresso.tools.win32_11.10.0.202311280810/tools/bin/../lib/gcc/arm-none-eabi/13.2.1/../../../../arm-none-eabi/lib/thumb/v7e-m+dp/hard\libcr_c.a(initio.o)
 .debug_aranges
                0x00000d70       0x20 D:/NXP/ide/MCUXpressoIDE_11.10.0_3148/ide/plugins/com.nxp.mcuxpresso.tools.win32_11.10.0.202311280810/tools/bin/../lib/gcc/arm-none-eabi/13.2.1/../../../../arm-none-eabi/lib/thumb/v7e-m+dp/hard\libcr_c.a(memcmp.o)
 .debug_aranges
                0x00000d90       0x20 D:/NXP/ide/MCUXpressoIDE_11.10.0_3148/ide/plugins/com.nxp.mcuxpresso.tools.win32_11.10.0.202311280810/tools/bin/../lib/gcc/arm-none-eabi/13.2.1/../../../../arm-none-eabi/lib/thumb/v7e-m+dp/hard\libcr_c.a(setvbuf.o)
 .debug_aranges
                0x00000db0       0x20 D:/NXP/ide/MCUXpressoIDE_11.10.0_3148/ide/plugins/com.nxp.mcuxpresso.tools.win32_11.10.0.202311280810/tools/bin/../lib/gcc/arm-none-eabi/13.2.1/../../../../arm-none-eabi/lib/thumb/v7e-m+dp/hard\libcr_c.a(strlen.o)
 .debug_aranges
                0x00000dd0       0x28 D:/NXP/ide/MCUXpressoIDE_11.10.0_3148/ide/plugins/com.nxp.mcuxpresso.tools.win32_11.10.0.202311280810/tools/bin/../lib/gcc/arm-none-eabi/13.2.1/../../../../arm-none-eabi/lib/thumb/v7e-m+dp/hard\libcr_c.a(_deferredlazyseek.o)
 .debug_aranges
                0x00000df8       0x20 D:/NXP/ide/MCUXpressoIDE_11.10.0_3148/ide/plugins/com.nxp.mcuxpresso.tools.win32_11.10.0.202311280810/tools/bin/../lib/gcc/arm-none-eabi/13.2.1/../../../../arm-none-eabi/lib/thumb/v7e-m+dp/hard\libcr_c.a(_fdopen.o)
 .debug_aranges
                0x00000e18       0x20 D:/NXP/ide/MCUXpressoIDE_11.10.0_3148/ide/plugins/com.nxp.mcuxpresso.tools.win32_11.10.0.202311280810/tools/bin/../lib/gcc/arm-none-eabi/13.2.1/../../../../arm-none-eabi/lib/thumb/v7e-m+dp/hard\libcr_c.a(_fflush.o)
 .debug_aranges