Archive member included to satisfy reference by file (symbol)

D:/nxp/MCUXpressoIDE_24.12.148/ide/plugins/com.nxp.mcuxpresso.tools.win32_24.12.0.202407110909/tools/bin/../lib/gcc/arm-none-eabi/13.2.1/../../../../arm-none-eabi/lib/thumb/v7e-m+dp/hard\libcr_nohost_nf.a(_cr__main.o)
                              ./startup/startup_mimxrt1021.o (__main)
D:/nxp/MCUXpressoIDE_24.12.148/ide/plugins/com.nxp.mcuxpresso.tools.win32_24.12.0.202407110909/tools/bin/../lib/gcc/arm-none-eabi/13.2.1/../../../../arm-none-eabi/lib/thumb/v7e-m+dp/hard\libcr_c.a(memset.o)
                              ./utilities/fsl_debug_console.o (memset)
D:/nxp/MCUXpressoIDE_24.12.148/ide/plugins/com.nxp.mcuxpresso.tools.win32_24.12.0.202407110909/tools/bin/../lib/gcc/arm-none-eabi/13.2.1/../../../../arm-none-eabi/lib/thumb/v7e-m+dp/hard\libcr_c.a(alloc.o)
                              ./drivers/fsl_common.o (malloc)
D:/nxp/MCUXpressoIDE_24.12.148/ide/plugins/com.nxp.mcuxpresso.tools.win32_24.12.0.202407110909/tools/bin/../lib/gcc/arm-none-eabi/13.2.1/../../../../arm-none-eabi/lib/thumb/v7e-m+dp/hard\libcr_c.a(errno.o)
                              ./utilities/fsl_str.o (errno)
D:/nxp/MCUXpressoIDE_24.12.148/ide/plugins/com.nxp.mcuxpresso.tools.win32_24.12.0.202407110909/tools/bin/../lib/gcc/arm-none-eabi/13.2.1/../../../../arm-none-eabi/lib/thumb/v7e-m+dp/hard\libcr_c.a(initio.o)
                              D:/nxp/MCUXpressoIDE_24.12.148/ide/plugins/com.nxp.mcuxpresso.tools.win32_24.12.0.202407110909/tools/bin/../lib/gcc/arm-none-eabi/13.2.1/../../../../arm-none-eabi/lib/thumb/v7e-m+dp/hard\libcr_nohost_nf.a(_cr__main.o) (_initio)
D:/nxp/MCUXpressoIDE_24.12.148/ide/plugins/com.nxp.mcuxpresso.tools.win32_24.12.0.202407110909/tools/bin/../lib/gcc/arm-none-eabi/13.2.1/../../../../arm-none-eabi/lib/thumb/v7e-m+dp/hard\libcr_c.a(printf.o)
                              ./freertos/freertos-kernel/tasks.o (_snprintf)
D:/nxp/MCUXpressoIDE_24.12.148/ide/plugins/com.nxp.mcuxpresso.tools.win32_24.12.0.202407110909/tools/bin/../lib/gcc/arm-none-eabi/13.2.1/../../../../arm-none-eabi/lib/thumb/v7e-m+dp/hard\libcr_c.a(scanf.o)
                              ./utilities/fsl_str.o (strtoul)
D:/nxp/MCUXpressoIDE_24.12.148/ide/plugins/com.nxp.mcuxpresso.tools.win32_24.12.0.202407110909/tools/bin/../lib/gcc/arm-none-eabi/13.2.1/../../../../arm-none-eabi/lib/thumb/v7e-m+dp/hard\libcr_c.a(setvbuf.o)
                              D:/nxp/MCUXpressoIDE_24.12.148/ide/plugins/com.nxp.mcuxpresso.tools.win32_24.12.0.202407110909/tools/bin/../lib/gcc/arm-none-eabi/13.2.1/../../../../arm-none-eabi/lib/thumb/v7e-m+dp/hard\libcr_c.a(initio.o) (setvbuf)
D:/nxp/MCUXpressoIDE_24.12.148/ide/plugins/com.nxp.mcuxpresso.tools.win32_24.12.0.202407110909/tools/bin/../lib/gcc/arm-none-eabi/13.2.1/../../../../arm-none-eabi/lib/thumb/v7e-m+dp/hard\libcr_c.a(strcpy.o)
                              ./freertos/freertos-kernel/tasks.o (strcpy)
D:/nxp/MCUXpressoIDE_24.12.148/ide/plugins/com.nxp.mcuxpresso.tools.win32_24.12.0.202407110909/tools/bin/../lib/gcc/arm-none-eabi/13.2.1/../../../../arm-none-eabi/lib/thumb/v7e-m+dp/hard\libcr_c.a(strlen.o)
                              ./utilities/fsl_str.o (strlen)
D:/nxp/MCUXpressoIDE_24.12.148/ide/plugins/com.nxp.mcuxpresso.tools.win32_24.12.0.202407110909/tools/bin/../lib/gcc/arm-none-eabi/13.2.1/../../../../arm-none-eabi/lib/thumb/v7e-m+dp/hard\libcr_c.a(ungetc.o)
                              D:/nxp/MCUXpressoIDE_24.12.148/ide/plugins/com.nxp.mcuxpresso.tools.win32_24.12.0.202407110909/tools/bin/../lib/gcc/arm-none-eabi/13.2.1/../../../../arm-none-eabi/lib/thumb/v7e-m+dp/hard\libcr_c.a(scanf.o) (ungetc)
D:/nxp/MCUXpressoIDE_24.12.148/ide/plugins/com.nxp.mcuxpresso.tools.win32_24.12.0.202407110909/tools/bin/../lib/gcc/arm-none-eabi/13.2.1/../../../../arm-none-eabi/lib/thumb/v7e-m+dp/hard\libcr_c.a(__fillbuf.o)
                              D:/nxp/MCUXpressoIDE_24.12.148/ide/plugins/com.nxp.mcuxpresso.tools.win32_24.12.0.202407110909/tools/bin/../lib/gcc/arm-none-eabi/13.2.1/../../../../arm-none-eabi/lib/thumb/v7e-m+dp/hard\libcr_c.a(scanf.o) (__filbuf)
D:/nxp/MCUXpressoIDE_24.12.148/ide/plugins/com.nxp.mcuxpresso.tools.win32_24.12.0.202407110909/tools/bin/../lib/gcc/arm-none-eabi/13.2.1/../../../../arm-none-eabi/lib/thumb/v7e-m+dp/hard\libcr_c.a(__init_alloc.o)
                              D:/nxp/MCUXpressoIDE_24.12.148/ide/plugins/com.nxp.mcuxpresso.tools.win32_24.12.0.202407110909/tools/bin/../lib/gcc/arm-none-eabi/13.2.1/../../../../arm-none-eabi/lib/thumb/v7e-m+dp/hard\libcr_c.a(alloc.o) (__heaps)
D:/nxp/MCUXpressoIDE_24.12.148/ide/plugins/com.nxp.mcuxpresso.tools.win32_24.12.0.202407110909/tools/bin/../lib/gcc/arm-none-eabi/13.2.1/../../../../arm-none-eabi/lib/thumb/v7e-m+dp/hard\libcr_c.a(_cr_sbrk.o)
[...]
Memory Configuration

Name             Origin             Length             Attributes
BOARD_FLASH      0x60010400         0x0007fc00         xr
BOOT_VERSION     0x60010000         0x00000010         xr
APP_VERSION      0x60010010         0x00000010         xr
APPINTEG         0x60010100         0x00000010         xr
SRAM_DTC         0x20000000         0x00030000         xrw
SRAM_ITC         0x00000000         0x00000000         xrw
SRAM_OC          0x20200000         0x00010000         xrw
*default*        0x00000000         0xffffffff

Linker script and memory map

LOAD ./xip/evkmimxrt1020_flexspi_nor_config.o
LOAD ./xip/fsl_flexspi_nor_boot.o
LOAD ./utilities/fsl_assert.o
LOAD ./utilities/fsl_debug_console.o
LOAD ./utilities/fsl_memcpy.o
LOAD ./utilities/fsl_str.o
LOAD ./user_code/Signal/Signal.o
LOAD ./user_code/HAL/hal_uart/hal_uart.o
LOAD ./user_code/HAL/hal_sys/hal_sys.o
LOAD ./user_code/HAL/hal_eeprom/hal_eeprom.o
LOAD ./user_code/HAL/hal_can/can_fifo.o
LOAD ./user_code/HAL/hal_can/hal_can.o
LOAD ./user_code/HAL/hal_adc/hal_adc.o
LOAD ./user_code/HAL/flash_data/flash_data.o
LOAD ./user_code/HAL/factory_test/factory_test.o
LOAD ./user_code/HAL/calculate_crc/calculate_crc.o
LOAD ./user_code/HAL/boot/boot.o
LOAD ./user_code/HAL/boot/uart_boot.o
LOAD ./user_code/HAL/SignalManage/SignalManage.o
LOAD ./user_code/APP/uart_comm/uart_comm.o
LOAD ./user_code/APP/relay_ctrl/relay_ctrl.o
LOAD ./user_code/APP/poll_adc/poll_adc.o
LOAD ./user_code/APP/pdu_can/pdu_can.o
LOAD ./user_code/APP/data_sample/data_sample.o
LOAD ./user_code/APP/average_filter/average_filter.o
LOAD ./startup/startup_mimxrt1021.o
LOAD ./source/main.o
LOAD ./source/semihost_hardfault.o
LOAD ./freertos/freertos-kernel/portable/MemMang/heap_4.o
LOAD ./freertos/freertos-kernel/portable/GCC/ARM_CM4F/port.o
LOAD ./freertos/freertos-kernel/croutine.o
LOAD ./freertos/freertos-kernel/event_groups.o
LOAD ./freertos/freertos-kernel/list.o
LOAD ./freertos/freertos-kernel/queue.o
LOAD ./freertos/freertos-kernel/stream_buffer.o
LOAD ./freertos/freertos-kernel/tasks.o
LOAD ./freertos/freertos-kernel/timers.o
LOAD ./drivers/freertos/fsl_lpi2c_freertos.o
LOAD ./drivers/freertos/fsl_lpuart_freertos.o
LOAD ./drivers/fsl_adc.o
LOAD ./drivers/fsl_adc_etc.o
LOAD ./drivers/fsl_cache.o
LOAD ./drivers/fsl_clock.o
LOAD ./drivers/fsl_common.o
LOAD ./drivers/fsl_common_arm.o
LOAD ./drivers/fsl_dmamux.o
LOAD ./drivers/fsl_edma.o
LOAD ./drivers/fsl_enet.o
LOAD ./drivers/fsl_flexcan.o
LOAD ./drivers/fsl_gpio.o
LOAD ./drivers/fsl_lpi2c.o
LOAD ./drivers/fsl_lpi2c_edma.o
LOAD ./drivers/fsl_lpuart.o
LOAD ./drivers/fsl_lpuart_edma.o
LOAD ./drivers/fsl_qtmr.o
LOAD ./drivers/fsl_romapi.o
LOAD ./drivers/fsl_xbara.o
LOAD ./device/system_MIMXRT1021.o
LOAD ./component/uart/fsl_adapter_lpuart.o
LOAD ./component/serial_manager/fsl_component_serial_manager.o
LOAD ./component/serial_manager/fsl_component_serial_port_uart.o
LOAD ./component/lists/fsl_component_generic_list.o
LOAD ./component/gpio/fsl_adapter_igpio.o
LOAD ./board/board.o
LOAD ./board/clock_config.o
LOAD ./board/dcd.o
LOAD ./board/peripherals.o
LOAD ./board/pin_mux.o
START GROUP
LOAD D:/nxp/MCUXpressoIDE_24.12.148/ide/plugins/com.nxp.mcuxpresso.tools.win32_24.12.0.202407110909/tools/bin/../lib/gcc/arm-none-eabi/13.2.1/../../../../arm-none-eabi/lib/thumb/v7e-m+dp/hard\libcr_nohost_nf.a
LOAD D:/nxp/MCUXpressoIDE_24.12.148/ide/plugins/com.nxp.mcuxpresso.tools.win32_24.12.0.202407110909/tools/bin/../lib/gcc/arm-none-eabi/13.2.1/../../../../arm-none-eabi/lib/thumb/v7e-m+dp/hard\libcr_c.a
LOAD D:/nxp/MCUXpressoIDE_24.12.148/ide/plugins/com.nxp.mcuxpresso.tools.win32_24.12.0.202407110909/tools/bin/../lib/gcc/arm-none-eabi/13.2.1/thumb/v7e-m+dp/hard\libcr_eabihelpers.a
LOAD D:/nxp/MCUXpressoIDE_24.12.148/ide/plugins/com.nxp.mcuxpresso.tools.win32_24.12.0.202407110909/tools/bin/../lib/gcc/arm-none-eabi/13.2.1/thumb/v7e-m+dp/hard\libgcc.a
END GROUP
                0x60010400                        __base_BOARD_FLASH = 0x60010400
                0x60010400                        __base_Flash = 0x60010400
                0x60090000                        __top_BOARD_FLASH = 0x60090000
                0x60090000                        __top_Flash = 0x60090000
                0x60010000                        __base_BOOT_VERSION = 0x60010000
                0x60010000                        __base_Flash2 = 0x60010000
                0x60010010                        __top_BOOT_VERSION = 0x60010010
                0x60010010                        __top_Flash2 = 0x60010010
                0x60010010                        __base_APP_VERSION = 0x60010010
                0x60010010                        __base_Flash3 = 0x60010010
                0x60010020                        __top_APP_VERSION = 0x60010020
                0x60010020                        __top_Flash3 = 0x60010020
                0x60010100                        __base_APPINTEG = 0x60010100
                0x60010100                        __base_Flash4 = 0x60010100
                0x60010110                        __top_APPINTEG = 0x60010110
                0x60010110                        __top_Flash4 = 0x60010110
                0x20000000                        __base_SRAM_DTC = 0x20000000
                0x20000000                        __base_RAM = 0x20000000
                0x20030000                        __top_SRAM_DTC = 0x20030000
                0x20030000                        __top_RAM = 0x20030000
                0x00000000                        __base_SRAM_ITC = 0x0
                0x00000000                        __base_RAM2 = 0x0
                0x00000000                        __top_SRAM_ITC = 0x0
                0x00000000                        __top_RAM2 = 0x0
                0x20200000                        __base_SRAM_OC = 0x20200000
                0x20200000                        __base_RAM3 = 0x20200000
                0x20210000                        __top_SRAM_OC = 0x20210000
                0x20210000                        __top_RAM3 = 0x20210000

.text_Flash2    0x60010000       0x10
 FILL mask 0xff
 *(SORT_BY_ALIGNMENT(.text_Flash2))
 *(SORT_BY_ALIGNMENT(.text_BOOT_VERSION))
 *(SORT_BY_ALIGNMENT(.text.$Flash2))
 *(SORT_BY_ALIGNMENT(.text.$BOOT_VERSION))
 *(SORT_BY_ALIGNMENT(.text_Flash2.*))
 *(SORT_BY_ALIGNMENT(.text_BOOT_VERSION.*))
 *(SORT_BY_ALIGNMENT(.text.$Flash2.*))
 *(SORT_BY_ALIGNMENT(.text.$BOOT_VERSION.*))
 *(SORT_BY_ALIGNMENT(boot_ver_s))
 *(SORT_BY_ALIGNMENT(.rodata.$Flash2))
 *(SORT_BY_ALIGNMENT(.rodata.$BOOT_VERSION))
 .rodata.$BOOT_VERSION
                0x60010000       0x10 ./user_code/HAL/boot/boot.o
                0x60010000                g_boot_version
 *(SORT_BY_ALIGNMENT(.rodata.$Flash2.*))
 *(SORT_BY_ALIGNMENT(.rodata.$BOOT_VERSION.*))

.text_Flash3    0x60010010       0x10
 FILL mask 0xff
 *(SORT_BY_ALIGNMENT(.text_Flash3))
 *(SORT_BY_ALIGNMENT(.text_APP_VERSION))
 *(SORT_BY_ALIGNMENT(.text.$Flash3))
 *(SORT_BY_ALIGNMENT(.text.$APP_VERSION))
 *(SORT_BY_ALIGNMENT(.text_Flash3.*))
 *(SORT_BY_ALIGNMENT(.text_APP_VERSION.*))
 *(SORT_BY_ALIGNMENT(.text.$Flash3.*))
 *(SORT_BY_ALIGNMENT(.text.$APP_VERSION.*))
 *(SORT_BY_ALIGNMENT(app_ver_s))
 *(SORT_BY_ALIGNMENT(.rodata.$Flash3))
 *(SORT_BY_ALIGNMENT(.rodata.$APP_VERSION))
 .rodata.$APP_VERSION
                0x60010010       0x10 ./source/main.o
                0x60010010                cst_sw_no
 *(SORT_BY_ALIGNMENT(.rodata.$Flash3.*))
 *(SORT_BY_ALIGNMENT(.rodata.$APP_VERSION.*))

.text_Flash4    0x60010100       0x10
 FILL mask 0xff
 *(SORT_BY_ALIGNMENT(.text_Flash4))
 *(SORT_BY_ALIGNMENT(.text_APPINTEG))
 *(SORT_BY_ALIGNMENT(.text.$Flash4))
 *(SORT_BY_ALIGNMENT(.text.$APPINTEG))
 *(SORT_BY_ALIGNMENT(.text_Flash4.*))
 *(SORT_BY_ALIGNMENT(.text_APPINTEG.*))
 *(SORT_BY_ALIGNMENT(.text.$Flash4.*))
 *(SORT_BY_ALIGNMENT(.text.$APPINTEG.*))
 *(SORT_BY_ALIGNMENT(app_integ_s))
 *(SORT_BY_ALIGNMENT(.rodata.$Flash4))
 *(SORT_BY_ALIGNMENT(.rodata.$APPINTEG))
 .rodata.$APPINTEG
                0x60010100       0x10 ./user_code/HAL/boot/boot.o
                0x60010100                g_app_integ_tab
 *(SORT_BY_ALIGNMENT(.rodata.$Flash4.*))
 *(SORT_BY_ALIGNMENT(.rodata.$APPINTEG.*))

.text           0x60010400    0x17860
 FILL mask 0xff
                0x60010400                        __vectors_start__ = ABSOLUTE (.)
 *(SORT_BY_ALIGNMENT(.isr_vector))
 .isr_vector    0x60010400      0x278 ./startup/startup_mimxrt1021.o
                0x60010400                g_pfnVectors
                0x60010400                __Vectors
                0x60010678                        . = ALIGN (0x4)
                0x60010678                        __section_table_start = .
                0x60010678                        __data_section_table = .
                0x60010678        0x4 LONG 0x60027c60 LOADADDR (.data)
                0x6001067c        0x4 LONG 0x20001000 ADDR (.data)
                0x60010680        0x4 LONG 0x6ec SIZEOF (.data)
                0x60010684        0x4 LONG 0x60027c60 LOADADDR (.data_RAM2)
                0x60010688        0x4 LONG 0x0 ADDR (.data_RAM2)
                0x6001068c        0x4 LONG 0x0 SIZEOF (.data_RAM2)
                0x60010690        0x4 LONG 0x60027c60 LOADADDR (.data_RAM3)
                0x60010694        0x4 LONG 0x20200000 ADDR (.data_RAM3)
                0x60010698        0x4 LONG 0x0 SIZEOF (.data_RAM3)
                0x6001069c                        __data_section_table_end = .
                0x6001069c                        __bss_section_table = .
                0x6001069c        0x4 LONG 0x200016ec ADDR (.bss)
                0x600106a0        0x4 LONG 0xc580 SIZEOF (.bss)
                0x600106a4        0x4 LONG 0x0 ADDR (.bss_RAM2)
                0x600106a8        0x4 LONG 0x0 SIZEOF (.bss_RAM2)
                0x600106ac        0x4 LONG 0x20200000 ADDR (.bss_RAM3)
                0x600106b0        0x4 LONG 0x258 SIZEOF (.bss_RAM3)
                0x600106b4                        __bss_section_table_end = .
                0x600106b4                        __section_table_end = .
 *(SORT_BY_ALIGNMENT(.after_vectors*))
 .after_vectors.reset
                0x600106b4       0x78 ./startup/startup_mimxrt1021.o
                0x600106b4                ResetISR
 .after_vectors.init_data
                0x6001072c       0x1e ./startup/startup_mimxrt1021.o
                0x6001072c                data_init
 .after_vectors.init_bss
                0x6001074a       0x12 ./startup/startup_mimxrt1021.o
                0x6001074a                bss_init
 .after_vectors
                0x6001075c       0x14 ./startup/startup_mimxrt1021.o
                0x6001075c                NMI_Handler
                0x60010760                MemManage_Handler
                0x60010762                BusFault_Handler
                0x60010764                UsageFault_Handler
                0x60010768                DebugMon_Handler
                0x6001076e                SAI3_RX_DriverIRQHandler
                0x6001076e                CCM_2_DriverIRQHandler
                0x6001076e                PIT_DriverIRQHandler
                0x6001076e                Reserved102_DriverIRQHandler
                0x6001076e                Reserved152_DriverIRQHandler
                0x6001076e                FLEXRAM_DriverIRQHandler
                0x6001076e                LPSPI4_DriverIRQHandler
                0x6001076e                SEMC_DriverIRQHandler
                0x6001076e                SPDIF_DriverIRQHandler
                0x6001076e                KPP_DriverIRQHandler
                0x6001076e                USB_PHY_DriverIRQHandler
                0x6001076e                GPIO3_Combined_0_15_DriverIRQHandler
                0x6001076e                Reserved82_DriverIRQHandler
                0x6001076e                BEE_DriverIRQHandler
                0x6001076e                GPR_IRQ_DriverIRQHandler
                0x6001076e                Reserved103_DriverIRQHandler
                0x6001076e                PWM2_FAULT_DriverIRQHandler
                0x6001076e                Reserved56_DriverIRQHandler
                0x6001076e                TMR1_DriverIRQHandler
                0x6001076e                TRNG_DriverIRQHandler
                0x6001076e                GPIO2_Combined_16_31_DriverIRQHandler
                0x6001076e                Reserved143_DriverIRQHandler
                0x6001076e                LPSPI2_DriverIRQHandler
                0x6001076e                Reserved151_DriverIRQHandler
                0x6001076e                IntDefaultHandler
                0x6001076e                SRC_DriverIRQHandler
                0x6001076e                GPIO1_INT4_DriverIRQHandler
                0x6001076e                Reserved144_DriverIRQHandler
                0x6001076e                USDHC1_DriverIRQHandler
                0x6001076e                SNVS_LP_HP_WRAPPER_DriverIRQHandler
                0x6001076e                Reserved87_DriverIRQHandler
                0x6001076e                WDOG1_DriverIRQHandler
                0x6001076e                FLEXIO1_DriverIRQHandler
                0x6001076e                Reserved78_DriverIRQHandler
                0x6001076e                ENC2_DriverIRQHandler
                0x6001076e                ADC_ETC_IRQ2_DriverIRQHandler
                0x6001076e                GPIO1_Combined_16_31_DriverIRQHandler
                0x6001076e                GPIO1_INT7_DriverIRQHandler
                0x6001076e                SAI1_DriverIRQHandler
                0x6001076e                DCDC_DriverIRQHandler
                0x6001076e                ADC_ETC_ERROR_IRQ_DriverIRQHandler
                0x6001076e                ACMP2_DriverIRQHandler
                0x6001076e                GPIO5_Combined_0_15_DriverIRQHandler
                0x6001076e                GPIO1_INT0_DriverIRQHandler
                0x6001076e                GPIO1_INT2_DriverIRQHandler
                0x6001076e                RTWDOG_DriverIRQHandler
                0x6001076e                FLEXSPI_DriverIRQHandler
                0x6001076e                GPT2_DriverIRQHandler
                0x6001076e                PWM2_1_DriverIRQHandler
                0x6001076e                PWM1_1_DriverIRQHandler
                0x6001076e                ADC1_DriverIRQHandler
                0x6001076e                Reserved148_DriverIRQHandler
                0x6001076e                PWM1_0_DriverIRQHandler
                0x6001076e                ENC1_DriverIRQHandler
                0x6001076e                DCP_DriverIRQHandler
                0x6001076e                CTI0_ERROR_DriverIRQHandler
                0x6001076e                GPT1_DriverIRQHandler
                0x6001076e                ACMP3_DriverIRQHandler
                0x6001076e                CSU_DriverIRQHandler
                0x6001076e                GPIO1_INT5_DriverIRQHandler
                0x6001076e                TMR2_DriverIRQHandler
                0x6001076e                CTI1_ERROR_DriverIRQHandler
                0x6001076e                GPIO1_Combined_0_15_DriverIRQHandler
                0x6001076e                USDHC2_DriverIRQHandler
                0x6001076e                EWM_DriverIRQHandler
                0x6001076e                SAI2_DriverIRQHandler
                0x6001076e                CORE_DriverIRQHandler
                0x6001076e                Reserved147_DriverIRQHandler
                0x6001076e                PWM2_3_DriverIRQHandler
                0x6001076e                Reserved60_DriverIRQHandler
                0x6001076e                XBAR1_IRQ_2_3_DriverIRQHandler
                0x6001076e                SNVS_HP_WRAPPER_TZ_DriverIRQHandler
                0x6001076e                GPIO3_Combined_16_31_DriverIRQHandler
                0x6001076e                PWM1_FAULT_DriverIRQHandler
                0x6001076e                PWM2_2_DriverIRQHandler
                0x6001076e                Reserved128_DriverIRQHandler
                0x6001076e                SNVS_HP_WRAPPER_DriverIRQHandler
                0x6001076e                XBAR1_IRQ_0_1_DriverIRQHandler
                0x6001076e                ADC_ETC_IRQ1_DriverIRQHandler
                0x6001076e                LPSPI1_DriverIRQHandler
                0x6001076e                GPIO1_INT3_DriverIRQHandler
                0x6001076e                DCP_VMI_DriverIRQHandler
                0x6001076e                GPC_DriverIRQHandler
                0x6001076e                Reserved123_DriverIRQHandler
                0x6001076e                GPIO2_Combined_0_15_DriverIRQHandler
                0x6001076e                PWM1_2_DriverIRQHandler
                0x6001076e                USB_OTG1_DriverIRQHandler
                0x6001076e                TEMP_LOW_HIGH_DriverIRQHandler
                0x6001076e                SAI3_TX_DriverIRQHandler
                0x6001076e                WDOG2_DriverIRQHandler
                0x6001076e                Reserved68_DriverIRQHandler
                0x6001076e                PMU_DriverIRQHandler
                0x6001076e                Reserved59_DriverIRQHandler
                0x6001076e                GPIO5_Combined_16_31_DriverIRQHandler
                0x6001076e                CCM_1_DriverIRQHandler
                0x6001076e                ADC2_DriverIRQHandler
                0x6001076e                Reserved58_DriverIRQHandler
                0x6001076e                Reserved115_DriverIRQHandler
                0x6001076e                TEMP_PANIC_DriverIRQHandler
                0x6001076e                ACMP4_DriverIRQHandler
                0x6001076e                Reserved107_DriverIRQHandler
                0x6001076e                LPSPI3_DriverIRQHandler
                0x6001076e                PWM1_3_DriverIRQHandler
                0x6001076e                Reserved70_DriverIRQHandler
                0x6001076e                ACMP1_DriverIRQHandler
                0x6001076e                Reserved86_DriverIRQHandler
                0x6001076e                DMA_ERROR_DriverIRQHandler
                0x6001076e                ADC_ETC_IRQ0_DriverIRQHandler
                0x6001076e                GPIO1_INT6_DriverIRQHandler
                0x6001076e                GPIO1_INT1_DriverIRQHandler
                0x6001076e                PWM2_0_DriverIRQHandler
 *(SORT_BY_ALIGNMENT(.text*))
 .text.SVC_Handler
                0x60010770       0x28 ./freertos/freertos-kernel/portable/GCC/ARM_CM4F/port.o
                0x60010770                SVC_Handler
 *fill*         0x60010798        0x8 ff
 .text.PendSV_Handler
                0x600107a0       0x68 ./freertos/freertos-kernel/portable/GCC/ARM_CM4F/port.o
                0x600107a0                PendSV_Handler
 .text.__assertion_failed
                0x60010808       0x2c ./utilities/fsl_assert.o
                0x60010808                __assertion_failed
 .text.DbgConsole_SendDataReliable
                0x60010834       0x54 ./utilities/fsl_debug_console.o
                0x60010834                DbgConsole_SendDataReliable
 .text.DbgConsole_Vprintf
                0x60010888       0x68 ./utilities/fsl_debug_console.o
                0x60010888                DbgConsole_Vprintf
 .text          0x600108f0       0xa0 ./utilities/fsl_memcpy.o
                0x600108f0                memcpy
 .text.__NVIC_EnableIRQ
                0x60010990       0x3c ./user_code/HAL/hal_uart/hal_uart.o
 .text.__NVIC_SetPriority
                0x600109cc       0x54 ./user_code/HAL/hal_uart/hal_uart.o
 .text.blCheckUsartUpdateMsg
                0x60010a20      0x210 ./user_code/HAL/hal_uart/hal_uart.o
                0x60010a20                blCheckUsartUpdateMsg
 .text.RecUartData
                0x60010c30       0xd0 ./user_code/HAL/hal_uart/hal_uart.o
                0x60010c30                RecUartData
 .text.Uart_recBinarySemaphore
                0x60010d00       0x2c ./user_code/HAL/hal_uart/hal_uart.o
                0x60010d00                Uart_recBinarySemaphore
 .text.Rs485_1_ConnPin_Enable
                0x60010d2c       0x14 ./user_code/HAL/hal_uart/hal_uart.o
                0x60010d2c                Rs485_1_ConnPin_Enable
 .text.Rs485_1_ConnPin_Disable
                0x60010d40       0x14 ./user_code/HAL/hal_uart/hal_uart.o
                0x60010d40                Rs485_1_ConnPin_Disable
 .text.Uart_Dma_Send
                0x60010d54      0x16c ./user_code/HAL/hal_uart/hal_uart.o
                0x60010d54                Uart_Dma_Send
 .text.LPUART_DmaCallback
                0x60010ec0       0xf8 ./user_code/HAL/hal_uart/hal_uart.o
                0x60010ec0                LPUART_DmaCallback
 .text.LPUART_IRQ_User_handle
                0x60010fb8       0xf4 ./user_code/HAL/hal_uart/hal_uart.o
                0x60010fb8                LPUART_IRQ_User_handle
 .text.Uart_BaudRate_Reinit
                0x600110ac       0x4c ./user_code/HAL/hal_uart/hal_uart.o
                0x600110ac                Uart_BaudRate_Reinit
 .text.Uart_Dma_Init
                0x600110f8       0xac ./user_code/HAL/hal_uart/hal_uart.o
                0x600110f8                Uart_Dma_Init
 .text.Uart_Init
                0x600111a4       0x40 ./user_code/HAL/hal_uart/hal_uart.o
                0x600111a4                Uart_Init
 .text.Hal_Uart_Init
                0x600111e4       0xa4 ./user_code/HAL/hal_uart/hal_uart.o
                0x600111e4                Hal_Uart_Init
 .text.__NVIC_SetPriority
                0x60011288       0x54 ./user_code/HAL/hal_sys/hal_sys.o
 .text.IOMUXC_EnableMode
                0x600112dc       0x48 ./user_code/HAL/hal_sys/hal_sys.o
 .text.GPIO_PinRead
                0x60011324       0x30 ./user_code/HAL/hal_sys/hal_sys.o
 .text.Hal_InitEnetModuleClock
                0x60011354       0x38 ./user_code/HAL/hal_sys/hal_sys.o
                0x60011354                Hal_InitEnetModuleClock
 .text.ctrl_relay_cmd
                0x6001138c      0x390 ./user_code/HAL/hal_sys/hal_sys.o
                0x6001138c                ctrl_relay_cmd
 .text.ctrl_led_cmd
                0x6001171c       0xb0 ./user_code/HAL/hal_sys/hal_sys.o
                0x6001171c                ctrl_led_cmd
 .text.AllLedToggle
                0x600117cc       0x7c ./user_code/HAL/hal_sys/hal_sys.o
                0x600117cc                AllLedToggle
 .text.AllLedOn
                0x60011848       0x34 ./user_code/HAL/hal_sys/hal_sys.o
                0x60011848                AllLedOn
 .text.AllLedOff
                0x6001187c       0x34 ./user_code/HAL/hal_sys/hal_sys.o
                0x6001187c                AllLedOff
 .text.FeedWatchDog
                0x600118b0       0x28 ./user_code/HAL/hal_sys/hal_sys.o
                0x600118b0                FeedWatchDog
 .text.GetSysRunModeFg
                0x600118d8       0x18 ./user_code/HAL/hal_sys/hal_sys.o
                0x600118d8                GetSysRunModeFg
 .text.SetSysNormalModeFg
                0x600118f0       0x1c ./user_code/HAL/hal_sys/hal_sys.o
                0x600118f0                SetSysNormalModeFg
 .text.SetSysShuttingDownModeFg
                0x6001190c       0x1c ./user_code/HAL/hal_sys/hal_sys.o
                0x6001190c                SetSysShuttingDownModeFg
 .text.SetSysPowerOffModeFg
                0x60011928       0x1c ./user_code/HAL/hal_sys/hal_sys.o
                0x60011928                SetSysPowerOffModeFg
 .text.InitRelayCtrlTimes
                0x60011944       0x40 ./user_code/HAL/hal_sys/hal_sys.o
                0x60011944                InitRelayCtrlTimes
 .text.SaveRealyCtrlTimes
                0x60011984       0x48 ./user_code/HAL/hal_sys/hal_sys.o
                0x60011984                SaveRealyCtrlTimes
 .text.vLedTaskDelay
                0x600119cc      0x12c ./user_code/HAL/hal_sys/hal_sys.o
                0x600119cc                vLedTaskDelay
 .text.FM24C64_IIC_READ_ARRAY
                0x60011af8       0x80 ./user_code/HAL/hal_eeprom/hal_eeprom.o
                0x60011af8                FM24C64_IIC_READ_ARRAY
 .text.FM24C64_IIC_WRITE_ARRAY
                0x60011b78       0x80 ./user_code/HAL/hal_eeprom/hal_eeprom.o
                0x60011b78                FM24C64_IIC_WRITE_ARRAY
 .text.ExtEepromSaveParameter
                0x60011bf8      0x2c4 ./user_code/HAL/hal_eeprom/hal_eeprom.o
                0x60011bf8                ExtEepromSaveParameter
 .text.ExtEepromReadParameter
                0x60011ebc      0x20c ./user_code/HAL/hal_eeprom/hal_eeprom.o
                0x60011ebc                ExtEepromReadParameter
 .text.AddFrameToCan1UpdataRxBuf
                0x600120c8      0x420 ./user_code/HAL/hal_can/can_fifo.o
                0x600120c8                AddFrameToCan1UpdataRxBuf
 .text.__NVIC_EnableIRQ
                0x600124e8       0x3c ./user_code/HAL/hal_can/hal_can.o
 .text.PduCanSendFrame
                0x60012524       0x20 ./user_code/HAL/hal_can/hal_can.o
                0x60012524                PduCanSendFrame
 .text.SendCANData
                0x60012544       0xec ./user_code/HAL/hal_can/hal_can.o
                0x60012544                SendCANData
 .text.CAN1_IRQ_Callback
                0x60012630      0x110 ./user_code/HAL/hal_can/hal_can.o
 .text.Hal_Can_Init
                0x60012740      0x16c ./user_code/HAL/hal_can/hal_can.o
                0x60012740                Hal_Can_Init
 .text.HAL_TEMP_AdToTemp_PT1000
                0x600128ac      0x144 ./user_code/HAL/hal_adc/hal_adc.o
                0x600128ac                HAL_TEMP_AdToTemp_PT1000
 .text.HAL_TEMP_AdToTemp_3435
                0x600129f0      0x114 ./user_code/HAL/hal_adc/hal_adc.o
                0x600129f0                HAL_TEMP_AdToTemp_3435
 .text.FLEXSPI_NorFlash_GetConfig
                0x60012b04      0x100 ./user_code/HAL/flash_data/flash_data.o
                0x60012b04                FLEXSPI_NorFlash_GetConfig
 .text.FLEXSPI_NorFlash_GetVendorID
                0x60012c04       0x78 ./user_code/HAL/flash_data/flash_data.o
                0x60012c04                FLEXSPI_NorFlash_GetVendorID
 .text.Hal_Norflash_Init
                0x60012c7c       0x84 ./user_code/HAL/flash_data/flash_data.o
                0x60012c7c                Hal_Norflash_Init
 .text.flexspi_flash_buffer_erase_backup_app_area
                0x60012d00       0x88 ./user_code/HAL/flash_data/flash_data.o
                0x60012d00                flexspi_flash_buffer_erase_backup_app_area
 .text.flexspi_flash_buffer_write_a_page
                0x60012d88       0x3c ./user_code/HAL/flash_data/flash_data.o
                0x60012d88                flexspi_flash_buffer_write_a_page
 .text.ExtFlashClrBackupApp
                0x60012dc4       0x24 ./user_code/HAL/flash_data/flash_data.o
                0x60012dc4                ExtFlashClrBackupApp
 .text.GPIO_PinRead
                0x60012de8       0x30 ./user_code/HAL/factory_test/factory_test.o
 .text.ParseSNReadMsg
                0x60012e18      0x280 ./user_code/HAL/factory_test/factory_test.o
                0x60012e18                ParseSNReadMsg
 .text.ParseSNWriteMsg
                0x60013098      0x2b0 ./user_code/HAL/factory_test/factory_test.o
                0x60013098                ParseSNWriteMsg
 .text.ClearPduSaveEepromData
                0x60013348       0x8c ./user_code/HAL/factory_test/factory_test.o
                0x60013348                ClearPduSaveEepromData
 .text.FactoryTestParse
                0x600133d4      0x108 ./user_code/HAL/factory_test/factory_test.o
                0x600133d4                FactoryTestParse
 .text.FactoryModeCtlFunc
                0x600134dc       0xd8 ./user_code/HAL/factory_test/factory_test.o
                0x600134dc                FactoryModeCtlFunc
 .text.RelayCtlTestFunc
                0x600135b4       0xb4 ./user_code/HAL/factory_test/factory_test.o
                0x600135b4                RelayCtlTestFunc
 .text.LedTestFunc
                0x60013668       0xb4 ./user_code/HAL/factory_test/factory_test.o
                0x60013668                LedTestFunc
 .text.SwVersionTestFunc
                0x6001371c      0x140 ./user_code/HAL/factory_test/factory_test.o
                0x6001371c                SwVersionTestFunc
 .text.EepromTestFunc
                0x6001385c       0x94 ./user_code/HAL/factory_test/factory_test.o
                0x6001385c                EepromTestFunc
 .text.WdgTestFunc
                0x600138f0       0x9c ./user_code/HAL/factory_test/factory_test.o
                0x600138f0                WdgTestFunc
 .text.GpioDITestFunc
                0x6001398c      0x158 ./user_code/HAL/factory_test/factory_test.o
                0x6001398c                GpioDITestFunc
 .text.Factory_Test_Task
                0x60013ae4       0x8c ./user_code/HAL/factory_test/factory_test.o
                0x60013ae4                Factory_Test_Task
 .text.Factory_Test_Init_task
                0x60013b70       0x48 ./user_code/HAL/factory_test/factory_test.o
                0x60013b70                Factory_Test_Init_task
 .text.CalCrc16
                0x60013bb8       0x78 ./user_code/HAL/calculate_crc/calculate_crc.o
                0x60013bb8                CalCrc16
 .text.__NVIC_SystemReset
                0x60013c30       0x2c ./user_code/HAL/boot/boot.o
 .text.GPIO_PinRead
                0x60013c5c       0x30 ./user_code/HAL/boot/boot.o
 .text.Boot_Init
                0x60013c8c      0x1a0 ./user_code/HAL/boot/boot.o
                0x60013c8c                Boot_Init
 .text.crc16_ccitt_xmodem
                0x60013e2c       0x68 ./user_code/HAL/boot/boot.o
                0x60013e2c                crc16_ccitt_xmodem
 .text.crc32    0x60013e94       0x60 ./user_code/HAL/boot/boot.o
                0x60013e94                crc32
 .text.Board_Addr_Init
                0x60013ef4       0xc8 ./user_code/HAL/boot/boot.o
                0x60013ef4                Board_Addr_Init
 .text.blDetcetUpdataStep
                0x60013fbc       0xb0 ./user_code/HAL/boot/boot.o
                0x60013fbc                blDetcetUpdataStep
 .text.UpdataFlashFunc
                0x6001406c      0x168 ./user_code/HAL/boot/boot.o
                0x6001406c                UpdataFlashFunc
 .text.CheckExtFlashAppIntegFg
                0x600141d4       0x7c ./user_code/HAL/boot/boot.o
                0x600141d4                CheckExtFlashAppIntegFg
 .text.UpdataEnterReplyFunc
                0x60014250       0x94 ./user_code/HAL/boot/boot.o
                0x60014250                UpdataEnterReplyFunc
 .text.CanUpdateFailed
                0x600142e4       0x38 ./user_code/HAL/boot/boot.o
                0x600142e4                CanUpdateFailed
 .text.UpdataFunc
                0x6001431c      0x284 ./user_code/HAL/boot/boot.o
                0x6001431c                UpdataFunc
 .text.Updata_Function
                0x600145a0       0x70 ./user_code/HAL/boot/boot.o
                0x600145a0                Updata_Function
 .text.SuspendNormalUpdateTaskFunc
                0x60014610       0x30 ./user_code/HAL/boot/boot.o
                0x60014610                SuspendNormalUpdateTaskFunc
 .text.UpdataFuncInitTask
                0x60014640       0x58 ./user_code/HAL/boot/boot.o
                0x60014640                UpdataFuncInitTask
 .text.blDetcetUsartUpdataStep
                0x60014698       0xbc ./user_code/HAL/boot/uart_boot.o
                0x60014698                blDetcetUsartUpdataStep
 .text.SetSigVal
                0x60014754      0x350 ./user_code/HAL/SignalManage/SignalManage.o
                0x60014754                SetSigVal
 .text.GetSigVal
                0x60014aa4      0x170 ./user_code/HAL/SignalManage/SignalManage.o
                0x60014aa4                GetSigVal
 .text.InitSigVal
                0x60014c14       0xd0 ./user_code/HAL/SignalManage/SignalManage.o
                0x60014c14                InitSigVal
 .text.SetSignalValBuf
                0x60014ce4       0xd8 ./user_code/HAL/SignalManage/SignalManage.o
                0x60014ce4                SetSignalValBuf
 .text.SetSignalValInit_Task
                0x60014dbc       0xec ./user_code/HAL/SignalManage/SignalManage.o
                0x60014dbc                SetSignalValInit_Task
 .text.SaveSignal2EepromFunc
                0x60014ea8       0x54 ./user_code/HAL/SignalManage/SignalManage.o
                0x60014ea8                SaveSignal2EepromFunc
 .text.Save_Eeprom_Task
                0x60014efc       0xa0 ./user_code/HAL/SignalManage/SignalManage.o
                0x60014efc                Save_Eeprom_Task
 .text.DebugUartRec
                0x60014f9c       0xb8 ./user_code/APP/uart_comm/uart_comm.o
                0x60014f9c                DebugUartRec
 .text.Uart_Init_Task
                0x60015054       0x34 ./user_code/APP/uart_comm/uart_comm.o
                0x60015054                Uart_Init_Task
 .text.ParseRelayCtrlMsg
                0x60015088       0x8c ./user_code/APP/relay_ctrl/relay_ctrl.o
                0x60015088                ParseRelayCtrlMsg
 .text.Relay_Ctrl_Task
                0x60015114       0xa8 ./user_code/APP/relay_ctrl/relay_ctrl.o
                0x60015114                Relay_Ctrl_Task
 .text.Relay_Ctrl_Init_task
                0x600151bc       0x5c ./user_code/APP/relay_ctrl/relay_ctrl.o
                0x600151bc                Relay_Ctrl_Init_task
 .text.ADC_GetChannelConversionValue
                0x60015218       0x30 ./user_code/APP/poll_adc/poll_adc.o
 .text.ADC_GetChannelStatusFlags
                0x60015248       0x38 ./user_code/APP/poll_adc/poll_adc.o
 .text.ADC_POLLING_TASK
                0x60015280      0x11c ./user_code/APP/poll_adc/poll_adc.o
                0x60015280                ADC_POLLING_TASK
 .text.Poll_Adc_Init_Task
                0x6001539c       0x90 ./user_code/APP/poll_adc/poll_adc.o
                0x6001539c                Poll_Adc_Init_Task
 .text.GPIO_PinRead
                0x6001542c       0x30 ./user_code/APP/pdu_can/pdu_can.o
 .text.ParseFactoryTestMsg
                0x6001545c       0x24 ./user_code/APP/pdu_can/pdu_can.o
                0x6001545c                ParseFactoryTestMsg
 .text.ParseLedSyncMsg
                0x60015480       0x70 ./user_code/APP/pdu_can/pdu_can.o
                0x60015480                ParseLedSyncMsg
 .text.SoftwareInfoSend
                0x600154f0      0x134 ./user_code/APP/pdu_can/pdu_can.o
                0x600154f0                SoftwareInfoSend
 .text.HardwareInfoSend
                0x60015624      0x134 ./user_code/APP/pdu_can/pdu_can.o
                0x60015624                HardwareInfoSend
 .text.Pdu_Can_Parse
                0x60015758      0x108 ./user_code/APP/pdu_can/pdu_can.o
                0x60015758                Pdu_Can_Parse
 .text.AddrRepeatMonitor
                0x60015860       0x48 ./user_code/APP/pdu_can/pdu_can.o
                0x60015860                AddrRepeatMonitor
 .text.PcuOfflineMonitor
                0x600158a8       0x4c ./user_code/APP/pdu_can/pdu_can.o
                0x600158a8                PcuOfflineMonitor
 .text.PduSumMsgCanSendFunc
                0x600158f4       0xe8 ./user_code/APP/pdu_can/pdu_can.o
                0x600158f4                PduSumMsgCanSendFunc
 .text.PeriodicSoftwareInfoSend
                0x600159dc       0x2c ./user_code/APP/pdu_can/pdu_can.o
                0x600159dc                PeriodicSoftwareInfoSend
 .text.PeriodicHardwareInfoSend
                0x60015a08       0x2c ./user_code/APP/pdu_can/pdu_can.o
                0x60015a08                PeriodicHardwareInfoSend
 .text.ConfigInfoSend
                0x60015a34       0x88 ./user_code/APP/pdu_can/pdu_can.o
                0x60015a34                ConfigInfoSend
 .text.RelayInfoSend
                0x60015abc      0x154 ./user_code/APP/pdu_can/pdu_can.o
                0x60015abc                RelayInfoSend
 .text.LedSyncMonitor
                0x60015c10       0x84 ./user_code/APP/pdu_can/pdu_can.o
                0x60015c10                LedSyncMonitor
 .text.Pdu_Can_Parse_Task
                0x60015c94       0x6c ./user_code/APP/pdu_can/pdu_can.o
                0x60015c94                Pdu_Can_Parse_Task
 .text.SuspendPduCanSendTaskFunc
                0x60015d00       0x94 ./user_code/APP/pdu_can/pdu_can.o
                0x60015d00                SuspendPduCanSendTaskFunc
 .text.ResumePduCanSendTaskFunc
                0x60015d94       0x54 ./user_code/APP/pdu_can/pdu_can.o
                0x60015d94                ResumePduCanSendTaskFunc
 .text.SendResetCountMsg
                0x60015de8       0x98 ./user_code/APP/pdu_can/pdu_can.o
                0x60015de8                SendResetCountMsg
 .text.Pdu_Can_Comm_Init_task
                0x60015e80       0xa4 ./user_code/APP/pdu_can/pdu_can.o
                0x60015e80                Pdu_Can_Comm_Init_task
 .text.GPIO_PinRead
                0x60015f24       0x30 ./user_code/APP/data_sample/data_sample.o
 .text.RelayStateSample
                0x60015f54       0x88 ./user_code/APP/data_sample/data_sample.o
                0x60015f54                RelayStateSample
 .text.TemperatureSample
                0x60015fdc       0xc0 ./user_code/APP/data_sample/data_sample.o
                0x60015fdc                TemperatureSample
 .text.RelayAlarmSample
                0x6001609c      0x23c ./user_code/APP/data_sample/data_sample.o
                0x6001609c                RelayAlarmSample
 .text.PduSoftReset
                0x600162d8       0x40 ./user_code/APP/data_sample/data_sample.o
                0x600162d8                PduSoftReset
 .text.PduShutDown
                0x60016318       0x80 ./user_code/APP/data_sample/data_sample.o
                0x60016318                PduShutDown
 .text.PowerOffSample
                0x60016398       0x58 ./user_code/APP/data_sample/data_sample.o
                0x60016398                PowerOffSample
 .text.DataSample_Init_task
                0x600163f0       0x3c ./user_code/APP/data_sample/data_sample.o
                0x600163f0                DataSample_Init_task
 .text.AverageFilter_Update
                0x6001642c       0xbc ./user_code/APP/average_filter/average_filter.o
                0x6001642c                AverageFilter_Update
 .text.main     0x600164e8       0x9c ./source/main.o
                0x600164e8                main
 .text.Init_Task
                0x60016584      0x128 ./source/main.o
 .text.Led_Task
                0x600166ac       0x34 ./source/main.o
 .text.pvPortMalloc
                0x600166e0      0x258 ./freertos/freertos-kernel/portable/MemMang/heap_4.o
                0x600166e0                pvPortMalloc
 .text.vPortFree
                0x60016938       0xe8 ./freertos/freertos-kernel/portable/MemMang/heap_4.o
                0x60016938                vPortFree
 .text.prvHeapInit
                0x60016a20       0xb4 ./freertos/freertos-kernel/portable/MemMang/heap_4.o
 .text.prvInsertBlockIntoFreeList
                0x60016ad4       0xf4 ./freertos/freertos-kernel/portable/MemMang/heap_4.o
 .text.pxPortInitialiseStack
                0x60016bc8       0x68 ./freertos/freertos-kernel/portable/GCC/ARM_CM4F/port.o
                0x60016bc8                pxPortInitialiseStack
 .text.prvTaskExitError
                0x60016c30       0x58 ./freertos/freertos-kernel/portable/GCC/ARM_CM4F/port.o
 .text.prvPortStartFirstTask
                0x60016c88       0x2c ./freertos/freertos-kernel/portable/GCC/ARM_CM4F/port.o
 .text.xPortStartScheduler
                0x60016cb4      0x1d4 ./freertos/freertos-kernel/portable/GCC/ARM_CM4F/port.o
                0x60016cb4                xPortStartScheduler
 .text.vPortEnterCritical
                0x60016e88       0x64 ./freertos/freertos-kernel/portable/GCC/ARM_CM4F/port.o
                0x60016e88                vPortEnterCritical
 .text.vPortExitCritical
                0x60016eec       0x58 ./freertos/freertos-kernel/portable/GCC/ARM_CM4F/port.o
                0x60016eec                vPortExitCritical
 .text.SysTick_Handler
                0x60016f44       0x44 ./freertos/freertos-kernel/portable/GCC/ARM_CM4F/port.o
                0x60016f44                SysTick_Handler
 .text.vPortSetupTimerInterrupt
                0x60016f88       0x48 ./freertos/freertos-kernel/portable/GCC/ARM_CM4F/port.o
                0x60016f88                vPortSetupTimerInterrupt
 .text.vPortEnableVFP
                0x60016fd0       0x18 ./freertos/freertos-kernel/portable/GCC/ARM_CM4F/port.o
 .text.vPortValidateInterruptPriority
                0x60016fe8       0x80 ./freertos/freertos-kernel/portable/GCC/ARM_CM4F/port.o
                0x60016fe8                vPortValidateInterruptPriority
 .text.xQueueGenericReset
                0x60017068      0x120 ./freertos/freertos-kernel/queue.o
                0x60017068                xQueueGenericReset
 .text.xQueueGenericSend
                0x60017188      0x1fc ./freertos/freertos-kernel/queue.o
                0x60017188                xQueueGenericSend
 .text.xQueueReceive
                0x60017384      0x1c0 ./freertos/freertos-kernel/queue.o
                0x60017384                xQueueReceive
 .text.xQueueSemaphoreTake
                0x60017544      0x1fc ./freertos/freertos-kernel/queue.o
                0x60017544                xQueueSemaphoreTake
 .text.vQueueAddToRegistry
                0x60017740       0x9c ./freertos/freertos-kernel/queue.o
                0x60017740                vQueueAddToRegistry
 .text.vQueueUnregisterQueue
                0x600177dc       0x70 ./freertos/freertos-kernel/queue.o
                0x600177dc                vQueueUnregisterQueue
 .text.prvAddNewTaskToReadyList
                0x6001784c      0x12c ./freertos/freertos-kernel/tasks.o
 .text.vTaskDelete
                0x60017978      0x128 ./freertos/freertos-kernel/tasks.o
                0x60017978                vTaskDelete
 .text.vTaskDelay
                0x60017aa0       0x68 ./freertos/freertos-kernel/tasks.o
                0x60017aa0                vTaskDelay
 .text.eTaskGetState
                0x60017b08      0x10c ./freertos/freertos-kernel/tasks.o
                0x60017b08                eTaskGetState
 .text.vTaskSuspend
                0x60017c14      0x140 ./freertos/freertos-kernel/tasks.o
                0x60017c14                vTaskSuspend
 .text.prvTaskIsTaskSuspended
                0x60017d54       0x8c ./freertos/freertos-kernel/tasks.o
 .text.vTaskResume
                0x60017de0      0x10c ./freertos/freertos-kernel/tasks.o
                0x60017de0                vTaskResume
 .text.xTaskResumeFromISR
                0x60017eec      0x13c ./freertos/freertos-kernel/tasks.o
                0x60017eec                xTaskResumeFromISR
 .text.prvCreateIdleTasks
                0x60018028       0x94 ./freertos/freertos-kernel/tasks.o
 .text.vTaskStartScheduler
                0x600180bc       0x88 ./freertos/freertos-kernel/tasks.o
                0x600180bc                vTaskStartScheduler
 .text.vTaskSuspendAll
                0x60018144       0x1c ./freertos/freertos-kernel/tasks.o
                0x60018144                vTaskSuspendAll
 .text.xTaskResumeAll
                0x60018160      0x20c ./freertos/freertos-kernel/tasks.o
                0x60018160                xTaskResumeAll
 .text.xTaskGetTickCount
                0x6001836c       0x20 ./freertos/freertos-kernel/tasks.o
                0x6001836c                xTaskGetTickCount
 .text.uxTaskGetNumberOfTasks
                0x6001838c       0x18 ./freertos/freertos-kernel/tasks.o
                0x6001838c                uxTaskGetNumberOfTasks
 .text.xTaskIncrementTick
                0x600183a4      0x210 ./freertos/freertos-kernel/tasks.o
                0x600183a4                xTaskIncrementTick
 .text.vTaskSwitchContext
                0x600185b4       0xb8 ./freertos/freertos-kernel/tasks.o
                0x600185b4                vTaskSwitchContext
 .text.vTaskPlaceOnEventList
                0x6001866c       0x48 ./freertos/freertos-kernel/tasks.o
                0x6001866c                vTaskPlaceOnEventList
 .text.vTaskPlaceOnEventListRestricted
                0x600186b4       0x8c ./freertos/freertos-kernel/tasks.o
                0x600186b4                vTaskPlaceOnEventListRestricted
 .text.xTaskRemoveFromEventList
                0x60018740      0x1ac ./freertos/freertos-kernel/tasks.o
                0x60018740                xTaskRemoveFromEventList
 .text.vTaskInternalSetTimeOutState
                0x600188ec       0x2c ./freertos/freertos-kernel/tasks.o
                0x600188ec                vTaskInternalSetTimeOutState
 .text.xTaskCheckForTimeOut
                0x60018918       0xcc ./freertos/freertos-kernel/tasks.o
                0x60018918                xTaskCheckForTimeOut
 .text.vTaskMissedYield
                0x600189e4       0x18 ./freertos/freertos-kernel/tasks.o
                0x600189e4                vTaskMissedYield
 .text.prvIdleTask
                0x600189fc       0x30 ./freertos/freertos-kernel/tasks.o
 .text.prvInitialiseTaskLists
                0x60018a2c       0x80 ./freertos/freertos-kernel/tasks.o
 .text.prvCheckTasksWaitingTermination
                0x60018aac       0x5c ./freertos/freertos-kernel/tasks.o
 .text.uxTaskGetStackHighWaterMark
                0x60018b08       0x38 ./freertos/freertos-kernel/tasks.o
                0x60018b08                uxTaskGetStackHighWaterMark
 .text.prvResetNextTaskUnblockTime
                0x60018b40       0x38 ./freertos/freertos-kernel/tasks.o
 .text.xTaskGetSchedulerState
                0x60018b78       0x3c ./freertos/freertos-kernel/tasks.o
                0x60018b78                xTaskGetSchedulerState
 .text.xTaskPriorityInherit
                0x60018bb4      0x13c ./freertos/freertos-kernel/tasks.o
                0x60018bb4                xTaskPriorityInherit
 .text.xTaskPriorityDisinherit
                0x60018cf0      0x148 ./freertos/freertos-kernel/tasks.o
                0x60018cf0                xTaskPriorityDisinherit
 .text.vTaskPriorityDisinheritAfterTimeout
                0x60018e38      0x170 ./freertos/freertos-kernel/tasks.o
                0x60018e38                vTaskPriorityDisinheritAfterTimeout
 .text.pvTaskIncrementMutexHeldCount
                0x60018fa8       0x30 ./freertos/freertos-kernel/tasks.o
                0x60018fa8                pvTaskIncrementMutexHeldCount
 .text.prvAddCurrentTaskToDelayedList
                0x60018fd8      0x104 ./freertos/freertos-kernel/tasks.o
 .text.xTimerCreateTimerTask
                0x600190dc       0x64 ./freertos/freertos-kernel/timers.o
                0x600190dc                xTimerCreateTimerTask
 .text.prvProcessExpiredTimer
                0x60019140       0x60 ./freertos/freertos-kernel/timers.o
 .text.prvProcessTimerOrBlockTask
                0x600191a0       0x9c ./freertos/freertos-kernel/timers.o
 .text.prvGetNextExpireTime
                0x6001923c       0x48 ./freertos/freertos-kernel/timers.o
 .text.prvSampleTimeNow
                0x60019284       0x40 ./freertos/freertos-kernel/timers.o
 .text.prvInsertTimerInActiveList
                0x600192c4       0x84 ./freertos/freertos-kernel/timers.o
 .text.prvProcessReceivedCommands
                0x60019348      0x1c0 ./freertos/freertos-kernel/timers.o
 .text.prvSwitchTimerLists
                0x60019508       0x4c ./freertos/freertos-kernel/timers.o
 .text.prvCheckForValidListAndQueue
                0x60019554       0x6c ./freertos/freertos-kernel/timers.o
 .text.LPI2C_RTOS_Callback
                0x600195c0       0x50 ./drivers/freertos/fsl_lpi2c_freertos.o
 .text.LPI2C_RTOS_Init
                0x60019610       0x9c ./drivers/freertos/fsl_lpi2c_freertos.o
                0x60019610                LPI2C_RTOS_Init
 .text.CLOCK_ControlGate
                0x600196ac       0x60 ./drivers/fsl_adc.o
 .text.ADC_GetChannelConversionValue
                0x6001970c       0x30 ./drivers/fsl_adc.o
 .text.ADC_GetChannelStatusFlags
                0x6001973c       0x38 ./drivers/fsl_adc.o
 .text.ADC_GetInstance
                0x60019774       0x4c ./drivers/fsl_adc.o
 .text.ADC_Init
                0x600197c0       0xf8 ./drivers/fsl_adc.o
                0x600197c0                ADC_Init
 .text.ADC_SetChannelConfig
                0x600198b8       0x58 ./drivers/fsl_adc.o
                0x600198b8                ADC_SetChannelConfig
 .text.L1CACHE_InvalidateDCacheByRange
                0x60019910       0x68 ./drivers/fsl_cache.o
 .text.CLOCK_InitExternalClk
                0x60019978       0x6c ./drivers/fsl_clock.o
                0x60019978                CLOCK_InitExternalClk
 .text.CLOCK_SwitchOsc
                0x600199e4       0x34 ./drivers/fsl_clock.o
                0x600199e4                CLOCK_SwitchOsc
 .text.CLOCK_InitRcOsc24M
                0x60019a18       0x24 ./drivers/fsl_clock.o
                0x60019a18                CLOCK_InitRcOsc24M
 .text.CLOCK_InitSysPll
                0x60019a3c       0x9c ./drivers/fsl_clock.o
                0x60019a3c                CLOCK_InitSysPll
 .text.CLOCK_DeinitAudioPll
                0x60019ad8       0x1c ./drivers/fsl_clock.o
                0x60019ad8                CLOCK_DeinitAudioPll
 .text.CLOCK_InitEnetPll
                0x60019af4       0xa4 ./drivers/fsl_clock.o
                0x60019af4                CLOCK_InitEnetPll
 .text.CLOCK_InitSysPfd
                0x60019b98       0x64 ./drivers/fsl_clock.o
                0x60019b98                CLOCK_InitSysPfd
 .text.CLOCK_ControlGate
                0x60019bfc       0x60 ./drivers/fsl_dmamux.o
 .text.DMAMUX_GetInstance
                0x60019c5c       0x44 ./drivers/fsl_dmamux.o
 .text.__NVIC_EnableIRQ
                0x60019ca0       0x3c ./drivers/fsl_edma.o
 .text.CLOCK_ControlGate
                0x60019cdc       0x60 ./drivers/fsl_edma.o
 .text.EDMA_GetInstance
                0x60019d3c       0x44 ./drivers/fsl_edma.o
 .text.EDMA_InstallTCD
                0x60019d80      0x14c ./drivers/fsl_edma.o
                0x60019d80                EDMA_InstallTCD
 .text.EDMA_Init
                0x60019ecc       0x94 ./drivers/fsl_edma.o
                0x60019ecc                EDMA_Init
 .text.EDMA_SetTransferConfig
                0x60019f60       0x60 ./drivers/fsl_edma.o
                0x60019f60                EDMA_SetTransferConfig
 .text.EDMA_TcdReset
                0x60019fc0       0x78 ./drivers/fsl_edma.o
                0x60019fc0                EDMA_TcdReset
 .text.EDMA_TcdSetTransferConfig
                0x6001a038      0x128 ./drivers/fsl_edma.o
                0x6001a038                EDMA_TcdSetTransferConfig
 .text.EDMA_GetRemainingMajorLoopCount
                0x6001a160       0x94 ./drivers/fsl_edma.o
                0x6001a160                EDMA_GetRemainingMajorLoopCount
 .text.EDMA_GetChannelStatusFlags
                0x6001a1f4       0x74 ./drivers/fsl_edma.o
                0x6001a1f4                EDMA_GetChannelStatusFlags
 .text.EDMA_GetInstanceOffset
                0x6001a268       0x48 ./drivers/fsl_edma.o
 .text.EDMA_CreateHandle
                0x6001a2b0       0xdc ./drivers/fsl_edma.o
                0x6001a2b0                EDMA_CreateHandle
 .text.EDMA_SetCallback
                0x6001a38c       0x30 ./drivers/fsl_edma.o
                0x6001a38c                EDMA_SetCallback
 .text.EDMA_TransferWidthMapping
                0x6001a3bc       0xd0 ./drivers/fsl_edma.o
 .text.EDMA_PrepareTransferConfig
                0x6001a48c      0x134 ./drivers/fsl_edma.o
                0x6001a48c                EDMA_PrepareTransferConfig
 .text.EDMA_PrepareTransfer
                0x6001a5c0       0xa4 ./drivers/fsl_edma.o
                0x6001a5c0                EDMA_PrepareTransfer
 .text.EDMA_SubmitTransfer
                0x6001a664      0x304 ./drivers/fsl_edma.o
                0x6001a664                EDMA_SubmitTransfer
 .text.EDMA_StartTransfer
                0x6001a968       0xb4 ./drivers/fsl_edma.o
                0x6001a968                EDMA_StartTransfer
 .text.EDMA_HandleIRQ
                0x6001aa1c      0x1c0 ./drivers/fsl_edma.o
                0x6001aa1c                EDMA_HandleIRQ
 .text.DMA0_DMA16_DriverIRQHandler
                0x6001abdc       0x50 ./drivers/fsl_edma.o
                0x6001abdc                DMA0_DMA16_DriverIRQHandler
 .text.DMA1_DMA17_DriverIRQHandler
                0x6001ac2c       0x50 ./drivers/fsl_edma.o
                0x6001ac2c                DMA1_DMA17_DriverIRQHandler
 .text.DMA2_DMA18_DriverIRQHandler
                0x6001ac7c       0x50 ./drivers/fsl_edma.o
                0x6001ac7c                DMA2_DMA18_DriverIRQHandler
 .text.DMA3_DMA19_DriverIRQHandler
                0x6001accc       0x50 ./drivers/fsl_edma.o
                0x6001accc                DMA3_DMA19_DriverIRQHandler
 .text.DMA4_DMA20_DriverIRQHandler
                0x6001ad1c       0x50 ./drivers/fsl_edma.o
                0x6001ad1c                DMA4_DMA20_DriverIRQHandler
 .text.DMA5_DMA21_DriverIRQHandler
                0x6001ad6c       0x50 ./drivers/fsl_edma.o
                0x6001ad6c                DMA5_DMA21_DriverIRQHandler
 .text.DMA6_DMA22_DriverIRQHandler
                0x6001adbc       0x50 ./drivers/fsl_edma.o
                0x6001adbc                DMA6_DMA22_DriverIRQHandler
 .text.DMA7_DMA23_DriverIRQHandler
                0x6001ae0c       0x50 ./drivers/fsl_edma.o
                0x6001ae0c                DMA7_DMA23_DriverIRQHandler
 .text.DMA8_DMA24_DriverIRQHandler
                0x6001ae5c       0x50 ./drivers/fsl_edma.o
                0x6001ae5c                DMA8_DMA24_DriverIRQHandler
 .text.DMA9_DMA25_DriverIRQHandler
                0x6001aeac       0x50 ./drivers/fsl_edma.o
                0x6001aeac                DMA9_DMA25_DriverIRQHandler
 .text.DMA10_DMA26_DriverIRQHandler
                0x6001aefc       0x50 ./drivers/fsl_edma.o
                0x6001aefc                DMA10_DMA26_DriverIRQHandler
 .text.DMA11_DMA27_DriverIRQHandler
                0x6001af4c       0x50 ./drivers/fsl_edma.o
                0x6001af4c                DMA11_DMA27_DriverIRQHandler
 .text.DMA12_DMA28_DriverIRQHandler
                0x6001af9c       0x50 ./drivers/fsl_edma.o
                0x6001af9c                DMA12_DMA28_DriverIRQHandler
 .text.DMA13_DMA29_DriverIRQHandler
                0x6001afec       0x50 ./drivers/fsl_edma.o
                0x6001afec                DMA13_DMA29_DriverIRQHandler
 .text.DMA14_DMA30_DriverIRQHandler
                0x6001b03c       0x50 ./drivers/fsl_edma.o
                0x6001b03c                DMA14_DMA30_DriverIRQHandler
 .text.DMA15_DMA31_DriverIRQHandler
                0x6001b08c       0x50 ./drivers/fsl_edma.o
                0x6001b08c                DMA15_DMA31_DriverIRQHandler
 .text.ENET_GetInstance
                0x6001b0dc       0x44 ./drivers/fsl_enet.o
                0x6001b0dc                ENET_GetInstance
 .text.ENET_CommonFrame0IRQHandler
                0x6001b120       0xf0 ./drivers/fsl_enet.o
                0x6001b120                ENET_CommonFrame0IRQHandler
 .text.ENET_Ptp1588IRQHandler
                0x6001b210       0x44 ./drivers/fsl_enet.o
                0x6001b210                ENET_Ptp1588IRQHandler
 .text.ENET_DriverIRQHandler
                0x6001b254       0x18 ./drivers/fsl_enet.o
                0x6001b254                ENET_DriverIRQHandler
 .text.ENET_1588_Timer_DriverIRQHandler
                0x6001b26c       0x18 ./drivers/fsl_enet.o
                0x6001b26c                ENET_1588_Timer_DriverIRQHandler
 .text.__NVIC_EnableIRQ
                0x6001b284       0x3c ./drivers/fsl_flexcan.o
 .text.CLOCK_ControlGate
                0x6001b2c0       0x60 ./drivers/fsl_flexcan.o
 .text.FLEXCAN_GetInstance
                0x6001b320       0x4c ./drivers/fsl_flexcan.o
                0x6001b320                FLEXCAN_GetInstance
 .text.FLEXCAN_Reset
                0x6001b36c       0xbc ./drivers/fsl_flexcan.o
 .text.FLEXCAN_Init
                0x6001b428      0x230 ./drivers/fsl_flexcan.o
                0x6001b428                FLEXCAN_Init
 .text.FLEXCAN_SetTimingConfig
                0x6001b658       0x7c ./drivers/fsl_flexcan.o
                0x6001b658                FLEXCAN_SetTimingConfig
 .text.FLEXCAN_SetRxIndividualMask
                0x6001b6d4       0x48 ./drivers/fsl_flexcan.o
                0x6001b6d4                FLEXCAN_SetRxIndividualMask
 .text.FLEXCAN_SetTxMbConfig
                0x6001b71c       0xa4 ./drivers/fsl_flexcan.o
                0x6001b71c                FLEXCAN_SetTxMbConfig
 .text.FLEXCAN_SetRxMbConfig
                0x6001b7c0       0xf8 ./drivers/fsl_flexcan.o
                0x6001b7c0                FLEXCAN_SetRxMbConfig
 .text.FLEXCAN_WriteTxMb
                0x6001b8b8      0x188 ./drivers/fsl_flexcan.o
                0x6001b8b8                FLEXCAN_WriteTxMb
 .text.FLEXCAN_ReadRxMb
                0x6001ba40      0x124 ./drivers/fsl_flexcan.o
                0x6001ba40                FLEXCAN_ReadRxMb
 .text.FLEXCAN_ReadRxFifo
                0x6001bb64       0xc8 ./drivers/fsl_flexcan.o
                0x6001bb64                FLEXCAN_ReadRxFifo
 .text.FLEXCAN_TransferCreateHandle
                0x6001bc2c       0xf0 ./drivers/fsl_flexcan.o
                0x6001bc2c                FLEXCAN_TransferCreateHandle
 .text.FLEXCAN_TransferSendNonBlocking
                0x6001bd1c      0x128 ./drivers/fsl_flexcan.o
                0x6001bd1c                FLEXCAN_TransferSendNonBlocking
 .text.FLEXCAN_TransferReceiveNonBlocking
                0x6001be44       0xec ./drivers/fsl_flexcan.o
                0x6001be44                FLEXCAN_TransferReceiveNonBlocking
 .text.FLEXCAN_TransferAbortSend
                0x6001bf30       0xc0 ./drivers/fsl_flexcan.o
                0x6001bf30                FLEXCAN_TransferAbortSend
 .text.FLEXCAN_TransferAbortReceive
                0x6001bff0       0xa8 ./drivers/fsl_flexcan.o
                0x6001bff0                FLEXCAN_TransferAbortReceive
 .text.FLEXCAN_TransferAbortReceiveFifo
                0x6001c098       0x5c ./drivers/fsl_flexcan.o
                0x6001c098                FLEXCAN_TransferAbortReceiveFifo
 .text.FLEXCAN_CheckUnhandleInterruptEvents
                0x6001c0f4       0xcc ./drivers/fsl_flexcan.o
 .text.FLEXCAN_SubHandlerForMB
                0x6001c1c0       0xec ./drivers/fsl_flexcan.o
 .text.FLEXCAN_TransferHandleIRQ
                0x6001c2ac       0xa8 ./drivers/fsl_flexcan.o
                0x6001c2ac                FLEXCAN_TransferHandleIRQ
 .text.CAN1_DriverIRQHandler
                0x6001c354       0x3c ./drivers/fsl_flexcan.o
                0x6001c354                CAN1_DriverIRQHandler
 .text.CAN2_DriverIRQHandler
                0x6001c390       0x3c ./drivers/fsl_flexcan.o
                0x6001c390                CAN2_DriverIRQHandler
 .text.CLOCK_ControlGate
                0x6001c3cc       0x60 ./drivers/fsl_gpio.o
 .text.GPIO_GetInstance
                0x6001c42c       0x4c ./drivers/fsl_gpio.o
 .text.GPIO_PinInit
                0x6001c478       0xa4 ./drivers/fsl_gpio.o
                0x6001c478                GPIO_PinInit
 .text.GPIO_PinWrite
                0x6001c51c       0x48 ./drivers/fsl_gpio.o
                0x6001c51c                GPIO_PinWrite
 .text.GPIO_PinSetInterruptConfig
                0x6001c564       0xfc ./drivers/fsl_gpio.o
                0x6001c564                GPIO_PinSetInterruptConfig
 .text.__NVIC_EnableIRQ
                0x6001c660       0x3c ./drivers/fsl_lpi2c.o
 .text.CLOCK_ControlGate
                0x6001c69c       0x60 ./drivers/fsl_lpi2c.o
 .text.LPI2C_GetInstance
                0x6001c6fc       0x4c ./drivers/fsl_lpi2c.o
                0x6001c6fc                LPI2C_GetInstance
 .text.LPI2C_GetCyclesForWidth
                0x6001c748       0x9c ./drivers/fsl_lpi2c.o
 .text.LPI2C_MasterInit
                0x6001c7e4      0x1dc ./drivers/fsl_lpi2c.o
                0x6001c7e4                LPI2C_MasterInit
 .text.LPI2C_MasterSetBaudRate
                0x6001c9c0      0x2c4 ./drivers/fsl_lpi2c.o
                0x6001c9c0                LPI2C_MasterSetBaudRate
 .text.LPI2C_MasterTransferCreateHandle
                0x6001cc84       0x7c ./drivers/fsl_lpi2c.o
                0x6001cc84                LPI2C_MasterTransferCreateHandle
 .text.LPI2C_TransferStateMachineSendCommand
                0x6001cd00      0x134 ./drivers/fsl_lpi2c.o
 .text.LPI2C_TransferStateMachineReadCommand
                0x6001ce34       0x60 ./drivers/fsl_lpi2c.o
 .text.LPI2C_TransferStateMachineTransferData
                0x6001ce94       0xa4 ./drivers/fsl_lpi2c.o
 .text.LPI2C_TransferStateMachineStopState
                0x6001cf38       0x6c ./drivers/fsl_lpi2c.o
 .text.LPI2C_TransferStateMachineWaitState
                0x6001cfa4       0x68 ./drivers/fsl_lpi2c.o
 .text.LPI2C_RunTransferStateMachine
                0x6001d00c      0x14c ./drivers/fsl_lpi2c.o
 .text.LPI2C_MasterTransferNonBlocking
                0x6001d158       0xe0 ./drivers/fsl_lpi2c.o
                0x6001d158                LPI2C_MasterTransferNonBlocking
 .text.LPI2C_MasterTransferAbort
                0x6001d238       0x54 ./drivers/fsl_lpi2c.o
                0x6001d238                LPI2C_MasterTransferAbort
 .text.LPI2C_MasterTransferHandleIRQ
                0x6001d28c       0x8c ./drivers/fsl_lpi2c.o
                0x6001d28c                LPI2C_MasterTransferHandleIRQ
 .text.LPI2C_CommonIRQHandler
                0x6001d318       0x78 ./drivers/fsl_lpi2c.o
 .text.LPI2C1_DriverIRQHandler
                0x6001d390       0x14 ./drivers/fsl_lpi2c.o
                0x6001d390                LPI2C1_DriverIRQHandler
 .text.LPI2C2_DriverIRQHandler
                0x6001d3a4       0x14 ./drivers/fsl_lpi2c.o
                0x6001d3a4                LPI2C2_DriverIRQHandler
 .text.LPI2C3_DriverIRQHandler
                0x6001d3b8       0x14 ./drivers/fsl_lpi2c.o
                0x6001d3b8                LPI2C3_DriverIRQHandler
 .text.LPI2C4_DriverIRQHandler
                0x6001d3cc       0x14 ./drivers/fsl_lpi2c.o
                0x6001d3cc                LPI2C4_DriverIRQHandler
 .text.CLOCK_ControlGate
                0x6001d3e0       0x60 ./drivers/fsl_lpuart.o
 .text.LPUART_GetInstance
                0x6001d440       0x4c ./drivers/fsl_lpuart.o
                0x6001d440                LPUART_GetInstance
 .text.LPUART_Init
                0x6001d48c      0x30c ./drivers/fsl_lpuart.o
                0x6001d48c                LPUART_Init
 .text.LPUART_SetBaudRate
                0x6001d798      0x154 ./drivers/fsl_lpuart.o
                0x6001d798                LPUART_SetBaudRate
 .text.LPUART_EnableInterrupts
                0x6001d8ec       0xa8 ./drivers/fsl_lpuart.o
                0x6001d8ec                LPUART_EnableInterrupts
 .text.LPUART_DisableInterrupts
                0x6001d994       0xac ./drivers/fsl_lpuart.o
                0x6001d994                LPUART_DisableInterrupts
 .text.LPUART_GetStatusFlags
                0x6001da40       0x38 ./drivers/fsl_lpuart.o
                0x6001da40                LPUART_GetStatusFlags
 .text.LPUART_ClearStatusFlags
                0x6001da78       0x7c ./drivers/fsl_lpuart.o
                0x6001da78                LPUART_ClearStatusFlags
 .text.LPUART_WriteBlocking
                0x6001daf4       0x68 ./drivers/fsl_lpuart.o
                0x6001daf4                LPUART_WriteBlocking
 .text.LPUART1_DriverIRQHandler
                0x6001db5c       0x5c ./drivers/fsl_lpuart.o
                0x6001db5c                LPUART1_DriverIRQHandler
 .text.LPUART2_DriverIRQHandler
                0x6001dbb8       0x58 ./drivers/fsl_lpuart.o
                0x6001dbb8                LPUART2_DriverIRQHandler
 .text.LPUART3_DriverIRQHandler
                0x6001dc10       0x58 ./drivers/fsl_lpuart.o
                0x6001dc10                LPUART3_DriverIRQHandler
 .text.LPUART4_DriverIRQHandler
                0x6001dc68       0x58 ./drivers/fsl_lpuart.o
                0x6001dc68                LPUART4_DriverIRQHandler
 .text.LPUART5_DriverIRQHandler
                0x6001dcc0       0x58 ./drivers/fsl_lpuart.o
                0x6001dcc0                LPUART5_DriverIRQHandler
 .text.LPUART6_DriverIRQHandler
                0x6001dd18       0x58 ./drivers/fsl_lpuart.o
                0x6001dd18                LPUART6_DriverIRQHandler
 .text.LPUART7_DriverIRQHandler
                0x6001dd70       0x58 ./drivers/fsl_lpuart.o
                0x6001dd70                LPUART7_DriverIRQHandler
 .text.LPUART8_DriverIRQHandler
                0x6001ddc8       0x58 ./drivers/fsl_lpuart.o
                0x6001ddc8                LPUART8_DriverIRQHandler
 .text.__NVIC_EnableIRQ
                0x6001de20       0x3c ./drivers/fsl_lpuart_edma.o
 .text.LPUART_SendEDMACallback
                0x6001de5c       0x54 ./drivers/fsl_lpuart_edma.o
 .text.LPUART_ReceiveEDMACallback
                0x6001deb0       0x68 ./drivers/fsl_lpuart_edma.o
 .text.LPUART_TransferCreateHandleEDMA
                0x6001df18      0x104 ./drivers/fsl_lpuart_edma.o
                0x6001df18                LPUART_TransferCreateHandleEDMA
 .text.LPUART_SendEDMA
                0x6001e01c       0xf0 ./drivers/fsl_lpuart_edma.o
                0x6001e01c                LPUART_SendEDMA
 .text.LPUART_ReceiveEDMA
                0x6001e10c       0xf0 ./drivers/fsl_lpuart_edma.o
                0x6001e10c                LPUART_ReceiveEDMA
 .text.LPUART_TransferAbortSendEDMA
                0x6001e1fc       0x4c ./drivers/fsl_lpuart_edma.o
                0x6001e1fc                LPUART_TransferAbortSendEDMA
 .text.LPUART_TransferAbortReceiveEDMA
                0x6001e248       0x4c ./drivers/fsl_lpuart_edma.o
                0x6001e248                LPUART_TransferAbortReceiveEDMA
 .text.LPUART_TransferGetReceiveCountEDMA
                0x6001e294       0x80 ./drivers/fsl_lpuart_edma.o
                0x6001e294                LPUART_TransferGetReceiveCountEDMA
 .text.LPUART_TransferEdmaHandleIRQ
                0x6001e314       0x60 ./drivers/fsl_lpuart_edma.o
                0x6001e314                LPUART_TransferEdmaHandleIRQ
 .text.ROM_FLEXSPI_NorFlash_Init
                0x6001e374       0x28 ./drivers/fsl_romapi.o
                0x6001e374                ROM_FLEXSPI_NorFlash_Init
 .text.ROM_FLEXSPI_NorFlash_ProgramPage
                0x6001e39c       0x30 ./drivers/fsl_romapi.o
                0x6001e39c                ROM_FLEXSPI_NorFlash_ProgramPage
 .text.ROM_FLEXSPI_NorFlash_Erase
                0x6001e3cc       0x30 ./drivers/fsl_romapi.o
                0x6001e3cc                ROM_FLEXSPI_NorFlash_Erase
 .text.ROM_FLEXSPI_NorFlash_CommandXfer
                0x6001e3fc       0x28 ./drivers/fsl_romapi.o
                0x6001e3fc                ROM_FLEXSPI_NorFlash_CommandXfer
 .text.ROM_FLEXSPI_NorFlash_UpdateLut
                0x6001e424       0x30 ./drivers/fsl_romapi.o
                0x6001e424                ROM_FLEXSPI_NorFlash_UpdateLut
 .text.ROM_FLEXSPI_NorFlash_ClearCache
                0x6001e454       0x20 ./drivers/fsl_romapi.o
                0x6001e454                ROM_FLEXSPI_NorFlash_ClearCache
 .text.CLOCK_ControlGate
                0x6001e474       0x60 ./drivers/fsl_xbara.o
 .text.XBARA_GetInstance
                0x6001e4d4       0x44 ./drivers/fsl_xbara.o
 .text.SystemInit
                0x6001e518      0x144 ./device/system_MIMXRT1021.o
                0x6001e518                SystemInit
 .text.HAL_UartSendBlocking
                0x6001e65c       0x64 ./component/uart/fsl_adapter_lpuart.o
                0x6001e65c                HAL_UartSendBlocking
 .text.HAL_GpioInterruptHandle
                0x6001e6c0       0xbc ./component/gpio/fsl_adapter_igpio.o
 .text.ARM_MPU_Enable
                0x6001e77c       0x44 ./board/board.o
 .text.ARM_MPU_Disable
                0x6001e7c0       0x40 ./board/board.o
 .text.BOARD_ConfigMPU
                0x6001e800      0x270 ./board/board.o
                0x6001e800                BOARD_ConfigMPU
 .text.CLOCK_SetMux
                0x6001ea70       0x9c ./board/clock_config.o
 .text.CLOCK_SetDiv
                0x6001eb0c       0x9c ./board/clock_config.o
 .text.CLOCK_ControlGate
                0x6001eba8       0x60 ./board/clock_config.o
 .text.CLOCK_SetXtalFreq
                0x6001ec08       0x20 ./board/clock_config.o
 .text.CLOCK_SetRtcXtalFreq
                0x6001ec28       0x20 ./board/clock_config.o
 .text.IOMUXC_MQSConfig
                0x6001ec48       0x44 ./board/clock_config.o
 .text.BOARD_BootClockRUN
                0x6001ec8c      0x4ec ./board/clock_config.o
                0x6001ec8c                BOARD_BootClockRUN
 .text.__NVIC_SetPriority
                0x6001f178       0x54 ./board/peripherals.o
 .text.ARM_MPU_Disable
                0x6001f1cc       0x40 ./board/peripherals.o
 .text.DMAMUX_EnableChannel
                0x6001f20c       0x38 ./board/peripherals.o
 .text.DMAMUX_SetSource
                0x6001f244       0x44 ./board/peripherals.o
 .text.DMA0_init
                0x6001f288       0x14 ./board/peripherals.o
 .text.PDU_CAN_init
                0x6001f29c      0x1d4 ./board/peripherals.o
 .text.LPUART1_init
                0x6001f470       0x8c ./board/peripherals.o
 .text.ADC1_init
                0x6001f4fc       0x20 ./board/peripherals.o
 .text.EEPROM_I2C_init
                0x6001f51c       0x30 ./board/peripherals.o
 .text.ADC2_init
                0x6001f54c       0x20 ./board/peripherals.o
 .text.BOARD_InitPeripherals
                0x6001f56c       0x40 ./board/peripherals.o
                0x6001f56c                BOARD_InitPeripherals
 .text.CLOCK_ControlGate
                0x6001f5ac       0x60 ./board/pin_mux.o
 .text.BOARD_InitPins
                0x6001f60c      0xcc8 ./board/pin_mux.o
                0x6001f60c                BOARD_InitPins
 .text._initio  0x600202d4       0x78 D:/nxp/MCUXpressoIDE_24.12.148/ide/plugins/com.nxp.mcuxpresso.tools.win32_24.12.0.202407110909/tools/bin/../lib/gcc/arm-none-eabi/13.2.1/../../../../arm-none-eabi/lib/thumb/v7e-m+dp/hard\libcr_c.a(initio.o)
                0x600202d4                _initio
 .text._Cwritebuf
                0x6002034c       0x6c D:/nxp/MCUXpressoIDE_24.12.148/ide/plugins/com.nxp.mcuxpresso.tools.win32_24.12.0.202407110909/tools/bin/../lib/gcc/arm-none-eabi/13.2.1/../../../../arm-none-eabi/lib/thumb/v7e-m+dp/hard\libcr_c.a(_writebuf.o)
                0x6002034c                _Cwritebuf
 .text.fflush   0x600203b8       0x3c D:/nxp/MCUXpressoIDE_24.12.148/ide/plugins/com.nxp.mcuxpresso.tools.win32_24.12.0.202407110909/tools/bin/../lib/gcc/arm-none-eabi/13.2.1/../../../../arm-none-eabi/lib/thumb/v7e-m+dp/hard\libcr_c.a(fflush.o)
                0x600203b8                fflush
 .text.fseek    0x600203f4       0xf8 D:/nxp/MCUXpressoIDE_24.12.148/ide/plugins/com.nxp.mcuxpresso.tools.win32_24.12.0.202407110909/tools/bin/../lib/gcc/arm-none-eabi/13.2.1/../../../../arm-none-eabi/lib/thumb/v7e-m+dp/hard\libcr_c.a(fseek.o)
                0x600203f4                fseek
 .text.ftell    0x600204ec       0x44 D:/nxp/MCUXpressoIDE_24.12.148/ide/plugins/com.nxp.mcuxpresso.tools.win32_24.12.0.202407110909/tools/bin/../lib/gcc/arm-none-eabi/13.2.1/../../../../arm-none-eabi/lib/thumb/v7e-m+dp/hard\libcr_c.a(ftell.o)
                0x600204ec                ftell
 .text.fsl_assert_hook
                0x60020530       0x1a ./utilities/fsl_assert.o
                0x60020530                fsl_assert_hook
 .text.DbgConsole_PrintCallback
                0x6002054a       0x66 ./utilities/fsl_debug_console.o
 .text.DbgConsole_Printf
                0x600205b0       0x2c ./utilities/fsl_debug_console.o
                0x600205b0                DbgConsole_Printf
 .text.__sys_write
                0x600205dc       0x3e ./utilities/fsl_debug_console.o
                0x600205dc                __sys_write
 .text.PrintGetWidth
                0x6002061a       0x6a ./utilities/fsl_str.o
 .text.PrintGetPrecision
                0x60020684       0x8c ./utilities/fsl_str.o
 .text.PrintIsobpu
                0x60020710       0x38 ./utilities/fsl_str.o
 .text.PrintIsdi
                0x60020748       0x2c ./utilities/fsl_str.o
 .text.PrintOutputdifFobpu
                0x60020774       0x44 ./utilities/fsl_str.o
 .text.PrintOutputxX
                0x600207b8       0x44 ./utilities/fsl_str.o
 .text.PrintIsfF
                0x600207fc       0x2c ./utilities/fsl_str.o
 .text.PrintIsxX
                0x60020828       0x2c ./utilities/fsl_str.o
 .text.PrintFilterLengthFlag
                0x60020854       0x3e ./utilities/fsl_str.o
 .text.PrintGetRadixFromobpu
                0x60020892       0x40 ./utilities/fsl_str.o
 .text.ConvertRadixNumToString
                0x600208d2       0xc2 ./utilities/fsl_str.o
 .text.StrFormatExaminedi
                0x60020994       0x26 ./utilities/fsl_str.o
 .text.StrFormatExaminexX
                0x600209ba       0x26 ./utilities/fsl_str.o
 .text.StrFormatExamineobpu
                0x600209e0       0x26 ./utilities/fsl_str.o
 .text.ConvertPrecisionWidthToLength
                0x60020a06       0x20 ./utilities/fsl_str.o
 .text.StrFormatPrintf
                0x60020a26      0x2bc ./utilities/fsl_str.o
                0x60020a26                StrFormatPrintf
 .text.EnableIRQ
                0x60020ce2       0x32 ./user_code/HAL/hal_uart/hal_uart.o
 .text.GPIO_PortSet
                0x60020d14       0x1e ./user_code/HAL/hal_uart/hal_uart.o
 .text.GPIO_PortClear
                0x60020d32       0x1e ./user_code/HAL/hal_uart/hal_uart.o
 .text.GPIO_PortSet
                0x60020d50       0x1e ./user_code/HAL/hal_sys/hal_sys.o
 .text.GPIO_PortClear
                0x60020d6e       0x1e ./user_code/HAL/hal_sys/hal_sys.o
 .text.Hal_I2c_Init
                0x60020d8c       0x10 ./user_code/HAL/hal_sys/hal_sys.o
                0x60020d8c                Hal_I2c_Init
 .text.WatchDogFeedFunc
                0x60020d9c       0x1a ./user_code/HAL/hal_sys/hal_sys.o
                0x60020d9c                WatchDogFeedFunc
 .text.LedBlinkFunc
                0x60020db6       0x1c ./user_code/HAL/hal_sys/hal_sys.o
                0x60020db6                LedBlinkFunc
 .text.eep_compare
                0x60020dd2       0x40 ./user_code/HAL/hal_eeprom/hal_eeprom.o
                0x60020dd2                eep_compare
 .text.EnableIRQ
                0x60020e12       0x32 ./user_code/HAL/hal_can/hal_can.o
 .text.CAN_8_DATA_COPY
                0x60020e44       0x64 ./user_code/HAL/hal_can/hal_can.o
                0x60020e44                CAN_8_DATA_COPY
 .text.SaveSignal2FlashFunc
                0x60020ea8       0x16 ./user_code/HAL/flash_data/flash_data.o
                0x60020ea8                SaveSignal2FlashFunc
 .text.flexspi_flash_buffer_read
                0x60020ebe       0x2a ./user_code/HAL/flash_data/flash_data.o
                0x60020ebe                flexspi_flash_buffer_read
 .text.GPIO_PortClear
                0x60020ee8       0x1e ./user_code/HAL/factory_test/factory_test.o
 .text.PduMsgResponse
                0x60020f06       0x9e ./user_code/HAL/factory_test/factory_test.o
                0x60020f06                PduMsgResponse
 .text.ParseRemoteCtrlMsg
                0x60020fa4       0x48 ./user_code/HAL/factory_test/factory_test.o
                0x60020fa4                ParseRemoteCtrlMsg
 .text.SystemResetFunc
                0x60020fec       0x1a ./user_code/HAL/boot/boot.o
                0x60020fec                SystemResetFunc
 .text.WriteAppInterFg2Flash
                0x60021006      0x1ba ./user_code/HAL/boot/boot.o
                0x60021006                WriteAppInterFg2Flash
 .text.UpdataAckFunc
                0x600211c0       0xc4 ./user_code/HAL/boot/boot.o
                0x600211c0                UpdataAckFunc
 .text.Normal_Updata_Task
                0x60021284       0x64 ./user_code/HAL/boot/boot.o
                0x60021284                Normal_Updata_Task
 .text.GetMsgVal
                0x600212e8       0x2c ./user_code/HAL/SignalManage/SignalManage.o
                0x600212e8                GetMsgVal
 .text.debug_printf
                0x60021314       0x12 ./user_code/APP/uart_comm/uart_comm.o
                0x60021314                debug_printf
 .text.Debug_Uart_Task
                0x60021326       0x56 ./user_code/APP/uart_comm/uart_comm.o
                0x60021326                Debug_Uart_Task
 .text.CutOffAllRelaysCmd
                0x6002137c       0x2c ./user_code/APP/relay_ctrl/relay_ctrl.o
                0x6002137c                CutOffAllRelaysCmd
 .text.IsAllRelayCutOff
                0x600213a8       0x46 ./user_code/APP/relay_ctrl/relay_ctrl.o
                0x600213a8                IsAllRelayCutOff
 .text.RelayCtrlFunc
                0x600213ee       0x7e ./user_code/APP/relay_ctrl/relay_ctrl.o
                0x600213ee                RelayCtrlFunc
 .text.CutOffAllRelay
                0x6002146c       0x1e ./user_code/APP/relay_ctrl/relay_ctrl.o
                0x6002146c                CutOffAllRelay
 .text.ADC_EnableHardwareTrigger
                0x6002148a       0x38 ./user_code/APP/poll_adc/poll_adc.o
 .text.FillPduMsFrame_1501
                0x600214c2       0xfa ./user_code/APP/pdu_can/pdu_can.o
                0x600214c2                FillPduMsFrame_1501
 .text.FillPduMsFrame_1502
                0x600215bc       0xfa ./user_code/APP/pdu_can/pdu_can.o
                0x600215bc                FillPduMsFrame_1502
 .text.FillPduMsFrame_1401
                0x600216b6      0x130 ./user_code/APP/pdu_can/pdu_can.o
                0x600216b6                FillPduMsFrame_1401
 .text.FillPduMsFrame_1301
                0x600217e6       0xfa ./user_code/APP/pdu_can/pdu_can.o
                0x600217e6                FillPduMsFrame_1301
 .text.FillPduMsFrame_1302
                0x600218e0       0xfa ./user_code/APP/pdu_can/pdu_can.o
                0x600218e0                FillPduMsFrame_1302
 .text.FillPduMsFrame_13A0
                0x600219da      0x10c ./user_code/APP/pdu_can/pdu_can.o
                0x600219da                FillPduMsFrame_13A0
 .text.FillPduMsFrame_13A1
                0x60021ae6       0x88 ./user_code/APP/pdu_can/pdu_can.o
                0x60021ae6                FillPduMsFrame_13A1
 .text.LedSyncMsgSend
                0x60021b6e       0xae ./user_code/APP/pdu_can/pdu_can.o
                0x60021b6e                LedSyncMsgSend
 .text.PduInfoCanSendMonitor
                0x60021c1c       0x18 ./user_code/APP/pdu_can/pdu_can.o
                0x60021c1c                PduInfoCanSendMonitor
 .text.Pdu_Can_Monitor_Task
                0x60021c34       0x7a ./user_code/APP/pdu_can/pdu_can.o
                0x60021c34                Pdu_Can_Monitor_Task
 .text.Pdu_Can_Send_Task
                0x60021cae       0x42 ./user_code/APP/pdu_can/pdu_can.o
                0x60021cae                Pdu_Can_Send_Task
 .text.GPIO_ReadPinInput
                0x60021cf0       0x1c ./user_code/APP/data_sample/data_sample.o
 .text.DataSample_task
                0x60021d0c       0x3a ./user_code/APP/data_sample/data_sample.o
                0x60021d0c                DataSample_task
 .text.DMA0_DMA16_IRQHandler
                0x60021d46        0x8 ./startup/startup_mimxrt1021.o
                0x60021d46                DMA0_DMA16_IRQHandler
 .text.DMA1_DMA17_IRQHandler
                0x60021d4e        0x8 ./startup/startup_mimxrt1021.o
                0x60021d4e                DMA1_DMA17_IRQHandler
 .text.DMA2_DMA18_IRQHandler
                0x60021d56        0x8 ./startup/startup_mimxrt1021.o
                0x60021d56                DMA2_DMA18_IRQHandler
 .text.DMA3_DMA19_IRQHandler
                0x60021d5e        0x8 ./startup/startup_mimxrt1021.o
                0x60021d5e                DMA3_DMA19_IRQHandler
 .text.DMA4_DMA20_IRQHandler
                0x60021d66        0x8 ./startup/startup_mimxrt1021.o
                0x60021d66                DMA4_DMA20_IRQHandler
 .text.DMA5_DMA21_IRQHandler
                0x60021d6e        0x8 ./startup/startup_mimxrt1021.o
                0x60021d6e                DMA5_DMA21_IRQHandler
 .text.DMA6_DMA22_IRQHandler
                0x60021d76        0x8 ./startup/startup_mimxrt1021.o
                0x60021d76                DMA6_DMA22_IRQHandler
 .text.DMA7_DMA23_IRQHandler
                0x60021d7e        0x8 ./startup/startup_mimxrt1021.o
                0x60021d7e                DMA7_DMA23_IRQHandler
 .text.DMA8_DMA24_IRQHandler
                0x60021d86        0x8 ./startup/startup_mimxrt1021.o
                0x60021d86                DMA8_DMA24_IRQHandler
 .text.DMA9_DMA25_IRQHandler
                0x60021d8e        0x8 ./startup/startup_mimxrt1021.o
                0x60021d8e                DMA9_DMA25_IRQHandler
 .text.DMA10_DMA26_IRQHandler
                0x60021d96        0x8 ./startup/startup_mimxrt1021.o
                0x60021d96                DMA10_DMA26_IRQHandler
 .text.DMA11_DMA27_IRQHandler
                0x60021d9e        0x8 ./startup/startup_mimxrt1021.o
                0x60021d9e                DMA11_DMA27_IRQHandler
 .text.DMA12_DMA28_IRQHandler
                0x60021da6        0x8 ./startup/startup_mimxrt1021.o
                0x60021da6                DMA12_DMA28_IRQHandler
 .text.DMA13_DMA29_IRQHandler
                0x60021dae        0x8 ./startup/startup_mimxrt1021.o
                0x60021dae                DMA13_DMA29_IRQHandler
 .text.DMA14_DMA30_IRQHandler
                0x60021db6        0x8 ./startup/startup_mimxrt1021.o
                0x60021db6                DMA14_DMA30_IRQHandler
 .text.DMA15_DMA31_IRQHandler
                0x60021dbe        0x8 ./startup/startup_mimxrt1021.o
                0x60021dbe                DMA15_DMA31_IRQHandler
 .text.DMA_ERROR_IRQHandler
                0x60021dc6        0x8 ./startup/startup_mimxrt1021.o
                0x60021dc6                DMA_ERROR_IRQHandler
 .text.CTI0_ERROR_IRQHandler
                0x60021dce        0x8 ./startup/startup_mimxrt1021.o
                0x60021dce                CTI0_ERROR_IRQHandler
 .text.CTI1_ERROR_IRQHandler
                0x60021dd6        0x8 ./startup/startup_mimxrt1021.o
                0x60021dd6                CTI1_ERROR_IRQHandler
 .text.CORE_IRQHandler
                0x60021dde        0x8 ./startup/startup_mimxrt1021.o
                0x60021dde                CORE_IRQHandler
 .text.LPUART1_IRQHandler
                0x60021de6        0x8 ./startup/startup_mimxrt1021.o
                0x60021de6                LPUART1_IRQHandler
 .text.LPUART2_IRQHandler
                0x60021dee        0x8 ./startup/startup_mimxrt1021.o
                0x60021dee                LPUART2_IRQHandler
 .text.LPUART3_IRQHandler
                0x60021df6        0x8 ./startup/startup_mimxrt1021.o
                0x60021df6                LPUART3_IRQHandler
 .text.LPUART4_IRQHandler
                0x60021dfe        0x8 ./startup/startup_mimxrt1021.o
                0x60021dfe                LPUART4_IRQHandler
 .text.LPUART5_IRQHandler
                0x60021e06        0x8 ./startup/startup_mimxrt1021.o
                0x60021e06                LPUART5_IRQHandler
 .text.LPUART6_IRQHandler
                0x60021e0e        0x8 ./startup/startup_mimxrt1021.o
                0x60021e0e                LPUART6_IRQHandler
 .text.LPUART7_IRQHandler
                0x60021e16        0x8 ./startup/startup_mimxrt1021.o
                0x60021e16                LPUART7_IRQHandler
 .text.LPUART8_IRQHandler
                0x60021e1e        0x8 ./startup/startup_mimxrt1021.o
                0x60021e1e                LPUART8_IRQHandler
 .text.LPI2C1_IRQHandler
                0x60021e26        0x8 ./startup/startup_mimxrt1021.o
                0x60021e26                LPI2C1_IRQHandler
 .text.LPI2C2_IRQHandler
                0x60021e2e        0x8 ./startup/startup_mimxrt1021.o
                0x60021e2e                LPI2C2_IRQHandler
 .text.LPI2C3_IRQHandler
                0x60021e36        0x8 ./startup/startup_mimxrt1021.o
                0x60021e36                LPI2C3_IRQHandler
 .text.LPI2C4_IRQHandler
                0x60021e3e        0x8 ./startup/startup_mimxrt1021.o
                0x60021e3e                LPI2C4_IRQHandler
 .text.LPSPI1_IRQHandler
                0x60021e46        0x8 ./startup/startup_mimxrt1021.o
                0x60021e46                LPSPI1_IRQHandler
 .text.LPSPI2_IRQHandler
                0x60021e4e        0x8 ./startup/startup_mimxrt1021.o
                0x60021e4e                LPSPI2_IRQHandler
 .text.LPSPI3_IRQHandler
                0x60021e56        0x8 ./startup/startup_mimxrt1021.o
                0x60021e56                LPSPI3_IRQHandler
 .text.LPSPI4_IRQHandler
                0x60021e5e        0x8 ./startup/startup_mimxrt1021.o
                0x60021e5e                LPSPI4_IRQHandler
 .text.CAN1_IRQHandler
                0x60021e66        0x8 ./startup/startup_mimxrt1021.o
                0x60021e66                CAN1_IRQHandler
 .text.CAN2_IRQHandler
                0x60021e6e        0x8 ./startup/startup_mimxrt1021.o
                0x60021e6e                CAN2_IRQHandler
 .text.FLEXRAM_IRQHandler
                0x60021e76        0x8 ./startup/startup_mimxrt1021.o
                0x60021e76                FLEXRAM_IRQHandler
 .text.KPP_IRQHandler
                0x60021e7e        0x8 ./startup/startup_mimxrt1021.o
                0x60021e7e                KPP_IRQHandler
 .text.Reserved56_IRQHandler
                0x60021e86        0x8 ./startup/startup_mimxrt1021.o
                0x60021e86                Reserved56_IRQHandler
 .text.GPR_IRQ_IRQHandler
                0x60021e8e        0x8 ./startup/startup_mimxrt1021.o
                0x60021e8e                GPR_IRQ_IRQHandler
 .text.Reserved58_IRQHandler
                0x60021e96        0x8 ./startup/startup_mimxrt1021.o
                0x60021e96                Reserved58_IRQHandler
 .text.Reserved59_IRQHandler
                0x60021e9e        0x8 ./startup/startup_mimxrt1021.o
                0x60021e9e                Reserved59_IRQHandler
 .text.Reserved60_IRQHandler
                0x60021ea6        0x8 ./startup/startup_mimxrt1021.o
                0x60021ea6                Reserved60_IRQHandler
 .text.WDOG2_IRQHandler
                0x60021eae        0x8 ./startup/startup_mimxrt1021.o
                0x60021eae                WDOG2_IRQHandler
 .text.SNVS_HP_WRAPPER_IRQHandler
                0x60021eb6        0x8 ./startup/startup_mimxrt1021.o
                0x60021eb6                SNVS_HP_WRAPPER_IRQHandler
 .text.SNVS_HP_WRAPPER_TZ_IRQHandler
                0x60021ebe        0x8 ./startup/startup_mimxrt1021.o
                0x60021ebe                SNVS_HP_WRAPPER_TZ_IRQHandler
 .text.SNVS_LP_HP_WRAPPER_IRQHandler
                0x60021ec6        0x8 ./startup/startup_mimxrt1021.o
                0x60021ec6                SNVS_LP_HP_WRAPPER_IRQHandler
 .text.CSU_IRQHandler
                0x60021ece        0x8 ./startup/startup_mimxrt1021.o
                0x60021ece                CSU_IRQHandler
 .text.DCP_IRQHandler
                0x60021ed6        0x8 ./startup/startup_mimxrt1021.o
                0x60021ed6                DCP_IRQHandler
 .text.DCP_VMI_IRQHandler
                0x60021ede        0x8 ./startup/startup_mimxrt1021.o
                0x60021ede                DCP_VMI_IRQHandler
 .text.Reserved68_IRQHandler
                0x60021ee6        0x8 ./startup/startup_mimxrt1021.o
                0x60021ee6                Reserved68_IRQHandler
 .text.TRNG_IRQHandler
                0x60021eee        0x8 ./startup/startup_mimxrt1021.o
                0x60021eee                TRNG_IRQHandler
 .text.Reserved70_IRQHandler
                0x60021ef6        0x8 ./startup/startup_mimxrt1021.o
                0x60021ef6                Reserved70_IRQHandler
 .text.BEE_IRQHandler
                0x60021efe        0x8 ./startup/startup_mimxrt1021.o
                0x60021efe                BEE_IRQHandler
 .text.SAI1_IRQHandler
                0x60021f06        0x8 ./startup/startup_mimxrt1021.o
                0x60021f06                SAI1_IRQHandler
 .text.SAI2_IRQHandler
                0x60021f0e        0x8 ./startup/startup_mimxrt1021.o
                0x60021f0e                SAI2_IRQHandler
 .text.SAI3_RX_IRQHandler
                0x60021f16        0x8 ./startup/startup_mimxrt1021.o
                0x60021f16                SAI3_RX_IRQHandler
 .text.SAI3_TX_IRQHandler
                0x60021f1e        0x8 ./startup/startup_mimxrt1021.o
                0x60021f1e                SAI3_TX_IRQHandler
 .text.SPDIF_IRQHandler
                0x60021f26        0x8 ./startup/startup_mimxrt1021.o
                0x60021f26                SPDIF_IRQHandler
 .text.PMU_IRQHandler
                0x60021f2e        0x8 ./startup/startup_mimxrt1021.o
                0x60021f2e                PMU_IRQHandler
 .text.Reserved78_IRQHandler
                0x60021f36        0x8 ./startup/startup_mimxrt1021.o
                0x60021f36                Reserved78_IRQHandler
 .text.TEMP_LOW_HIGH_IRQHandler
                0x60021f3e        0x8 ./startup/startup_mimxrt1021.o
                0x60021f3e                TEMP_LOW_HIGH_IRQHandler
 .text.TEMP_PANIC_IRQHandler
                0x60021f46        0x8 ./startup/startup_mimxrt1021.o
                0x60021f46                TEMP_PANIC_IRQHandler
 .text.USB_PHY_IRQHandler
                0x60021f4e        0x8 ./startup/startup_mimxrt1021.o
                0x60021f4e                USB_PHY_IRQHandler
 .text.Reserved82_IRQHandler
                0x60021f56        0x8 ./startup/startup_mimxrt1021.o
                0x60021f56                Reserved82_IRQHandler
 .text.ADC1_IRQHandler
                0x60021f5e        0x8 ./startup/startup_mimxrt1021.o
                0x60021f5e                ADC1_IRQHandler
 .text.ADC2_IRQHandler
                0x60021f66        0x8 ./startup/startup_mimxrt1021.o
                0x60021f66                ADC2_IRQHandler
 .text.DCDC_IRQHandler
                0x60021f6e        0x8 ./startup/startup_mimxrt1021.o
                0x60021f6e                DCDC_IRQHandler
 .text.Reserved86_IRQHandler
                0x60021f76        0x8 ./startup/startup_mimxrt1021.o
                0x60021f76                Reserved86_IRQHandler
 .text.Reserved87_IRQHandler
                0x60021f7e        0x8 ./startup/startup_mimxrt1021.o
                0x60021f7e                Reserved87_IRQHandler
 .text.GPIO1_INT0_IRQHandler
                0x60021f86        0x8 ./startup/startup_mimxrt1021.o
                0x60021f86                GPIO1_INT0_IRQHandler
 .text.GPIO1_INT1_IRQHandler
                0x60021f8e        0x8 ./startup/startup_mimxrt1021.o
                0x60021f8e                GPIO1_INT1_IRQHandler
 .text.GPIO1_INT2_IRQHandler
                0x60021f96        0x8 ./startup/startup_mimxrt1021.o
                0x60021f96                GPIO1_INT2_IRQHandler
 .text.GPIO1_INT3_IRQHandler
                0x60021f9e        0x8 ./startup/startup_mimxrt1021.o
                0x60021f9e                GPIO1_INT3_IRQHandler
 .text.GPIO1_INT4_IRQHandler
                0x60021fa6        0x8 ./startup/startup_mimxrt1021.o
                0x60021fa6                GPIO1_INT4_IRQHandler
 .text.GPIO1_INT5_IRQHandler
                0x60021fae        0x8 ./startup/startup_mimxrt1021.o
                0x60021fae                GPIO1_INT5_IRQHandler
 .text.GPIO1_INT6_IRQHandler
                0x60021fb6        0x8 ./startup/startup_mimxrt1021.o
                0x60021fb6                GPIO1_INT6_IRQHandler
 .text.GPIO1_INT7_IRQHandler
                0x60021fbe        0x8 ./startup/startup_mimxrt1021.o
                0x60021fbe                GPIO1_INT7_IRQHandler
 .text.Reserved102_IRQHandler
                0x60021fc6        0x8 ./startup/startup_mimxrt1021.o
                0x60021fc6                Reserved102_IRQHandler
 .text.Reserved103_IRQHandler
                0x60021fce        0x8 ./startup/startup_mimxrt1021.o
                0x60021fce                Reserved103_IRQHandler
 .text.FLEXIO1_IRQHandler
                0x60021fd6        0x8 ./startup/startup_mimxrt1021.o
                0x60021fd6                FLEXIO1_IRQHandler
 .text.Reserved107_IRQHandler
                0x60021fde        0x8 ./startup/startup_mimxrt1021.o
                0x60021fde                Reserved107_IRQHandler
 .text.WDOG1_IRQHandler
                0x60021fe6        0x8 ./startup/startup_mimxrt1021.o
                0x60021fe6                WDOG1_IRQHandler
 .text.RTWDOG_IRQHandler
                0x60021fee        0x8 ./startup/startup_mimxrt1021.o
                0x60021fee                RTWDOG_IRQHandler
 .text.EWM_IRQHandler
                0x60021ff6        0x8 ./startup/startup_mimxrt1021.o
                0x60021ff6                EWM_IRQHandler
 .text.CCM_1_IRQHandler
                0x60021ffe        0x8 ./startup/startup_mimxrt1021.o
                0x60021ffe                CCM_1_IRQHandler
 .text.CCM_2_IRQHandler
                0x60022006        0x8 ./startup/startup_mimxrt1021.o
                0x60022006                CCM_2_IRQHandler
 .text.GPC_IRQHandler
                0x6002200e        0x8 ./startup/startup_mimxrt1021.o
                0x6002200e                GPC_IRQHandler
 .text.SRC_IRQHandler
                0x60022016        0x8 ./startup/startup_mimxrt1021.o
                0x60022016                SRC_IRQHandler
 .text.Reserved115_IRQHandler
                0x6002201e        0x8 ./startup/startup_mimxrt1021.o
                0x6002201e                Reserved115_IRQHandler
 .text.GPT1_IRQHandler
                0x60022026        0x8 ./startup/startup_mimxrt1021.o
                0x60022026                GPT1_IRQHandler
 .text.GPT2_IRQHandler
                0x6002202e        0x8 ./startup/startup_mimxrt1021.o
                0x6002202e                GPT2_IRQHandler
 .text.PWM1_0_IRQHandler
                0x60022036        0x8 ./startup/startup_mimxrt1021.o
                0x60022036                PWM1_0_IRQHandler
 .text.PWM1_1_IRQHandler
                0x6002203e        0x8 ./startup/startup_mimxrt1021.o
                0x6002203e                PWM1_1_IRQHandler
 .text.PWM1_2_IRQHandler