../user_code/APP/led/led.c:40:13:LedPwmLight	32	static
../user_code/APP/led/led.c:119:13:LedPwmTest	24	static
../user_code/APP/led/led.c:174:13:LedPwmFlash	24	static
../user_code/APP/led/led.c:217:13:LedBreathTimeoutCallback	24	static
../user_code/APP/led/led.c:297:13:LedPWMBreath	24	static
../user_code/APP/led/led.c:369:13:LedControl_B	24	static
../user_code/APP/led/led.c:433:13:LedControl_A	24	static
../user_code/APP/led/led.c:502:6:LedFlashControl	8	static
../user_code/APP/led/led.c:519:13:LED_Control_Task_A	16	static
../user_code/APP/led/led.c:551:13:LED_Control_Task_B	16	static
../user_code/APP/led/led.c:581:6:Led_Init_Task	24	static
