D:\svn\02.src\CCU01_APP_RT1021\CMSIS/core_cm7.h:1911:22:__NVIC_EnableIRQ	16	static
../drivers/fsl_common_arm.h:225:20:_SDK_AtomicLocalClearAndSet4Byte	48	static
../drivers/fsl_clock.h:1298:20:CLOCK_ControlGate	32	static
../drivers/fsl_clock.h:1315:20:CLOCK_EnableClock	16	static
../drivers/fsl_clock.h:1325:20:CLOCK_DisableClock	16	static
../drivers/fsl_common_arm.h:570:24:EnableIRQ	24	static
../drivers/fsl_lpi2c.h:570:20:LPI2C_MasterReset	16	static
../drivers/fsl_lpi2c.h:582:20:LPI2C_MasterEnable	16	static
../drivers/fsl_lpi2c.h:606:24:LPI2C_MasterGetStatusFlags	16	static
../drivers/fsl_lpi2c.h:631:20:LPI2C_MasterClearStatusFlags	16	static
../drivers/fsl_lpi2c.h:653:20:LPI2C_MasterEnableInterrupts	16	static
../drivers/fsl_lpi2c.h:668:20:LPI2C_MasterDisableInterrupts	16	static
../drivers/fsl_lpi2c.h:680:24:LPI2C_MasterGetEnabledInterrupts	16	static
../drivers/fsl_lpi2c.h:744:20:LPI2C_MasterSetWatermarks	24	static
../drivers/fsl_lpi2c.h:758:20:LPI2C_MasterGetFifoCounts	24	static
../drivers/fsl_lpi2c.h:1067:20:LPI2C_SlaveReset	16	static
../drivers/fsl_lpi2c.h:1079:20:LPI2C_SlaveEnable	16	static
../drivers/fsl_lpi2c.h:1103:24:LPI2C_SlaveGetStatusFlags	16	static
../drivers/fsl_lpi2c.h:1125:20:LPI2C_SlaveClearStatusFlags	16	static
../drivers/fsl_lpi2c.h:1146:20:LPI2C_SlaveEnableInterrupts	16	static
../drivers/fsl_lpi2c.h:1161:20:LPI2C_SlaveDisableInterrupts	16	static
../drivers/fsl_lpi2c.c:224:10:LPI2C_GetInstance	24	static
../drivers/fsl_lpi2c.c:247:17:LPI2C_GetCyclesForWidth	40	static
../drivers/fsl_lpi2c.c:288:10:LPI2C_MasterCheckAndClearError	24	static
../drivers/fsl_lpi2c.c:355:17:LPI2C_MasterWaitForTxReady	32	static
../drivers/fsl_lpi2c.c:403:10:LPI2C_CheckForBusyBus	24	static
../drivers/fsl_lpi2c.c:444:6:LPI2C_MasterGetDefaultConfig	16	static
../drivers/fsl_lpi2c.c:477:6:LPI2C_MasterInit	56	static
../drivers/fsl_lpi2c.c:582:6:LPI2C_MasterDeinit	24	static
../drivers/fsl_lpi2c.c:607:6:LPI2C_MasterConfigureDataMatch	24	static
../drivers/fsl_lpi2c.c:638:6:LPI2C_MasterSetBaudRate	64	static
../drivers/fsl_lpi2c.c:777:10:LPI2C_MasterStart	24	static
../drivers/fsl_lpi2c.c:818:10:LPI2C_MasterStop	24	static
../drivers/fsl_lpi2c.c:879:10:LPI2C_MasterReceive	40	static
../drivers/fsl_lpi2c.c:981:10:LPI2C_MasterSend	32	static
../drivers/fsl_lpi2c.c:1020:10:LPI2C_MasterTransferBlocking	48	static
../drivers/fsl_lpi2c.c:1158:6:LPI2C_MasterTransferCreateHandle	32	static
../drivers/fsl_lpi2c.c:1192:13:LPI2C_TransferStateMachineSendCommand	40	static
../drivers/fsl_lpi2c.c:1271:13:LPI2C_TransferStateMachineReadCommand	24	static
../drivers/fsl_lpi2c.c:1295:13:LPI2C_TransferStateMachineTransferData	24	static
../drivers/fsl_lpi2c.c:1338:13:LPI2C_TransferStateMachineStopState	24	static
../drivers/fsl_lpi2c.c:1369:13:LPI2C_TransferStateMachineWaitState	24	static
../drivers/fsl_lpi2c.c:1407:17:LPI2C_RunTransferStateMachine	48	static
../drivers/fsl_lpi2c.c:1490:13:LPI2C_InitTransferStateMachine	40	static
../drivers/fsl_lpi2c.c:1563:10:LPI2C_MasterTransferNonBlocking	40	static
../drivers/fsl_lpi2c.c:1629:10:LPI2C_MasterTransferGetCount	40	static
../drivers/fsl_lpi2c.c:1695:6:LPI2C_MasterTransferAbort	16	static
../drivers/fsl_lpi2c.c:1725:6:LPI2C_MasterTransferHandleIRQ	40	static
../drivers/fsl_lpi2c.c:1795:6:LPI2C_SlaveGetDefaultConfig	16	static
../drivers/fsl_lpi2c.c:1834:6:LPI2C_SlaveInit	48	static
../drivers/fsl_lpi2c.c:1910:6:LPI2C_SlaveDeinit	24	static
../drivers/fsl_lpi2c.c:1937:17:LPI2C_SlaveCheckAndClearError	24	static
../drivers/fsl_lpi2c.c:1981:10:LPI2C_SlaveSend	40	static
../drivers/fsl_lpi2c.c:2072:10:LPI2C_SlaveReceive	40	static
../drivers/fsl_lpi2c.c:2170:6:LPI2C_SlaveTransferCreateHandle	32	static
../drivers/fsl_lpi2c.c:2227:10:LPI2C_SlaveTransferNonBlocking	32	static
../drivers/fsl_lpi2c.c:2291:10:LPI2C_SlaveTransferGetCount	32	static
../drivers/fsl_lpi2c.c:2324:6:LPI2C_SlaveTransferAbort	16	static
../drivers/fsl_lpi2c.c:2352:6:LPI2C_SlaveTransferHandleIRQ	24	static
../drivers/fsl_lpi2c.c:2510:13:LPI2C_CommonIRQHandler	16	static
../drivers/fsl_lpi2c.c:2541:6:LPI2C1_DriverIRQHandler	8	static
../drivers/fsl_lpi2c.c:2550:6:LPI2C2_DriverIRQHandler	8	static
../drivers/fsl_lpi2c.c:2559:6:LPI2C3_DriverIRQHandler	8	static
../drivers/fsl_lpi2c.c:2568:6:LPI2C4_DriverIRQHandler	8	static
