../user_code/APP/secc_logAndupgrade/secc_logandupgrade.c:41:6:CANBuffer_Init	16	static
../user_code/APP/secc_logAndupgrade/secc_logandupgrade.c:50:12:CANCache_Write	24	static
../user_code/APP/secc_logAndupgrade/secc_logandupgrade.c:75:19:CANCache_Read	24	static
../user_code/APP/secc_logAndupgrade/secc_logandupgrade.c:95:11:CANCache_GetCount	24	static
../user_code/APP/secc_logAndupgrade/secc_logandupgrade.c:110:11:ReadSeccChecksum	24	static
../user_code/APP/secc_logAndupgrade/secc_logandupgrade.c:124:12:FirmwareHeaderChecksum	24	static
../user_code/APP/secc_logAndupgrade/secc_logandupgrade.c:137:13:TCP_LogAndUpgradeReply	320	static
../user_code/APP/secc_logAndupgrade/secc_logandupgrade.c:189:13:SECC_READLOG_ACK	40	static
../user_code/APP/secc_logAndupgrade/secc_logandupgrade.c:231:13:SECC_UPDATE_ACK	40	static
../user_code/APP/secc_logAndupgrade/secc_logandupgrade.c:281:11:SeccPacketAlternatelyProcess	88	static
../user_code/APP/secc_logAndupgrade/secc_logandupgrade.c:597:13:blDetcetSeccUpgradeStep	24	static
../user_code/APP/secc_logAndupgrade/secc_logandupgrade.c:654:13:SuspendSeccLogAndUpgradeTaskFunc	8	static
../user_code/APP/secc_logAndupgrade/secc_logandupgrade.c:663:13:ResumeSeccLogAndUpgradeTaskFunc	8	static
../user_code/APP/secc_logAndupgrade/secc_logandupgrade.c:672:13:SeccUpdateTimeOutFunc	8	static
../user_code/APP/secc_logAndupgrade/secc_logandupgrade.c:683:13:SeccReadLogTimeOutFunc	16	static
../user_code/APP/secc_logAndupgrade/secc_logandupgrade.c:690:6:blSeccCheckUpgradeMsg	24	static
../user_code/APP/secc_logAndupgrade/secc_logandupgrade.c:733:11:SeccUpgradeReq	32	static
../user_code/APP/secc_logAndupgrade/secc_logandupgrade.c:793:11:SeccUpgradeConfig	24	static
../user_code/APP/secc_logAndupgrade/secc_logandupgrade.c:851:11:SeccUpgradeFileInfo	40	static
../user_code/APP/secc_logAndupgrade/secc_logandupgrade.c:930:11:SeccUpgradeProgram	24	static
../user_code/APP/secc_logAndupgrade/secc_logandupgrade.c:1028:11:SeccUpgradeVerify	40	static
../user_code/APP/secc_logAndupgrade/secc_logandupgrade.c:1123:11:SeccUpgradeReboot	32	static
../user_code/APP/secc_logAndupgrade/secc_logandupgrade.c:1187:13:SeccUpgradeFunc	40	static
../user_code/APP/secc_logAndupgrade/secc_logandupgrade.c:1278:11:SeccReadLogStart	32	static
../user_code/APP/secc_logAndupgrade/secc_logandupgrade.c:1356:11:SeccReadLogData	32	static
../user_code/APP/secc_logAndupgrade/secc_logandupgrade.c:1424:11:SeccReadLogStop	32	static
../user_code/APP/secc_logAndupgrade/secc_logandupgrade.c:1471:13:SeccUpgradeFunction	16	static
../user_code/APP/secc_logAndupgrade/secc_logandupgrade.c:1502:13:SeccReadLogFunc	40	static
../user_code/APP/secc_logAndupgrade/secc_logandupgrade.c:1597:13:SeccUpgradeSendCmd	24	static
../user_code/APP/secc_logAndupgrade/secc_logandupgrade.c:1667:13:SeccLogAndUpgradeFunction	24	static
../user_code/APP/secc_logAndupgrade/secc_logandupgrade.c:1708:13:SuspendSeccALogAndUpgradeTaskFunc	8	static
../user_code/APP/secc_logAndupgrade/secc_logandupgrade.c:1717:13:ResumeSeccALogAndUpgradeTaskFunc	8	static
../user_code/APP/secc_logAndupgrade/secc_logandupgrade.c:1726:6:blSeccCheckReadLogMsg	24	static
../user_code/APP/secc_logAndupgrade/secc_logandupgrade.c:1758:13:SuspendSeccBLogAndUpgradeTaskFunc	8	static
../user_code/APP/secc_logAndupgrade/secc_logandupgrade.c:1767:13:ResumeSeccBLogAndUpgradeTaskFunc	8	static
../user_code/APP/secc_logAndupgrade/secc_logandupgrade.c:1776:6:SeccA_LogAndUpgrade_Task	16	static
../user_code/APP/secc_logAndupgrade/secc_logandupgrade.c:1784:6:SeccB_LogAndUpgrade_Task	16	static
../user_code/APP/secc_logAndupgrade/secc_logandupgrade.c:1796:6:SeccUpgrade_Task	16	static
