../user_code/APP/pos/pos.c:44:13:PosModuleSelect	16	static
../user_code/APP/pos/pos.c:67:13:PosComCheck	16	static
../user_code/APP/pos/pos.c:102:6:PositiveIntToString	48	static
../user_code/APP/pos/pos.c:154:6:SaveTransactionData	24	static
../user_code/APP/pos/pos.c:179:6:ClearTransactionData	16	static
../user_code/APP/pos/pos.c:228:13:GetPaymentFlagFromEeprom	48	static
../user_code/APP/pos/pos.c:317:6:GenerateRandomNumber	72	static
../user_code/APP/pos/pos.c:354:13:PosCmdControl	16	static
../user_code/APP/pos/pos.c:398:6:SwipeStartFlagTimeout	4	static
../user_code/APP/pos/pos.c:409:13:Pos_Request_Task	32	static
../user_code/APP/pos/pos.c:616:13:PosStartCharge	24	static
../user_code/APP/pos/pos.c:651:13:PosStopCharge	24	static
../user_code/APP/pos/pos.c:682:13:POS_EventAnalysis	48	static
../user_code/APP/pos/pos.c:950:13:PosRecOneData	24	static
../user_code/APP/pos/pos.c:995:13:Pos_analysis_task	24	static
../user_code/APP/pos/pos.c:1030:13:PosDataProcess	16	static
../user_code/APP/pos/pos.c:1083:13:Pos_Parse_Task	24	static
../user_code/APP/pos/pos.c:1114:6:Pos_Init_Task	24	static
