../user_code/APP/client/tcp_client.c:45:6:MessageDebug	16	static
../user_code/APP/client/tcp_client.c:61:6:Int2Bigendian	16	static
../user_code/APP/client/tcp_client.c:72:6:Int2Smallendian	16	static
../user_code/APP/client/tcp_client.c:84:12:CCU_Data0001	24	static
../user_code/APP/client/tcp_client.c:213:5:CCU_Send0001	8	static
../user_code/APP/client/tcp_client.c:239:12:CCU_Data0002	24	static
../user_code/APP/client/tcp_client.c:367:5:CCU_Send0002	8	static
../user_code/APP/client/tcp_client.c:393:12:CCU_Data0003	24	static
../user_code/APP/client/tcp_client.c:461:5:CCU_Send0003	8	static
../user_code/APP/client/tcp_client.c:488:12:CCU_Data0004	24	static
../user_code/APP/client/tcp_client.c:554:5:CCU_Send0004	8	static
../user_code/APP/client/tcp_client.c:580:12:CCU_Data0005	24	static
../user_code/APP/client/tcp_client.c:670:12:CCU_Send0005	8	static
../user_code/APP/client/tcp_client.c:696:12:CCU_Data0006	32	static
../user_code/APP/client/tcp_client.c:838:12:CCU_Send0006	8	static
../user_code/APP/client/tcp_client.c:865:12:CCU_Data0007	24	static
../user_code/APP/client/tcp_client.c:945:12:CCU_Send0007	8	static
../user_code/APP/client/tcp_client.c:972:12:CCU_Data0008	24	static
../user_code/APP/client/tcp_client.c:1042:12:CCU_Send0008	8	static
../user_code/APP/client/tcp_client.c:1068:12:CCU_Data0009	24	static
../user_code/APP/client/tcp_client.c:1107:12:CCU_Send0009	8	static
../user_code/APP/client/tcp_client.c:1133:12:CCU_Data0010	24	static
../user_code/APP/client/tcp_client.c:1172:12:CCU_Send0010	8	static
../user_code/APP/client/tcp_client.c:1199:12:CCU_Data0011	24	static
../user_code/APP/client/tcp_client.c:1238:12:CCU_Send0011	8	static
../user_code/APP/client/tcp_client.c:1265:12:CCU_Data0012	24	static
../user_code/APP/client/tcp_client.c:1304:12:CCU_Send0012	8	static
../user_code/APP/client/tcp_client.c:1331:12:CCU_Data0013	24	static
../user_code/APP/client/tcp_client.c:1438:12:CCU_Send0013	8	static
../user_code/APP/client/tcp_client.c:1464:12:CCU_Data8027	24	static
../user_code/APP/client/tcp_client.c:1546:12:CCU_Send8027	8	static
../user_code/APP/client/tcp_client.c:1572:13:AnalysisMsgbody8001	24	static
../user_code/APP/client/tcp_client.c:1588:13:AnalysisMsgbody8002	24	static
../user_code/APP/client/tcp_client.c:1604:13:AnalysisMsgbody8003	16	static
../user_code/APP/client/tcp_client.c:1634:13:AnalysisMsgbody8004	16	static
../user_code/APP/client/tcp_client.c:1657:13:AnalysisMsgbody8011	16	static
../user_code/APP/client/tcp_client.c:1680:13:AnalysisMsgbody0020	16	static
../user_code/APP/client/tcp_client.c:1707:13:AnalysisMsgbody0021	16	static
../user_code/APP/client/tcp_client.c:1734:13:AnalysisMsgbody0022	16	static
../user_code/APP/client/tcp_client.c:1763:13:AnalysisMsgbody0023	24	static
../user_code/APP/client/tcp_client.c:1794:13:AnalysisMsgbody0024	16	static
../user_code/APP/client/tcp_client.c:1819:13:AnalysisMsgbody0025	24	static
../user_code/APP/client/tcp_client.c:1856:13:AnalysisMsgbody0026	16	static
../user_code/APP/client/tcp_client.c:1869:6:AnalysisMsgbody0027	16	static
../user_code/APP/client/tcp_client.c:1879:13:AnalysisMsgbody0028	16	static
../user_code/APP/client/tcp_client.c:1894:13:AnalysisMsgbody0029	16	static
../user_code/APP/client/tcp_client.c:1909:13:AnalysisMsgbody0030	16	static
../user_code/APP/client/tcp_client.c:1934:13:AnalysisMsgbody0032	16	static
../user_code/APP/client/tcp_client.c:1949:13:AnalysisMsgHead	16	static
../user_code/APP/client/tcp_client.c:1979:13:LoginTimeoutCallback	16	static
../user_code/APP/client/tcp_client.c:1985:13:HeartTimeoutCallback	16	static
../user_code/APP/client/tcp_client.c:1991:13:StartChargeTimeoutCallback	16	static
../user_code/APP/client/tcp_client.c:1997:13:StartFailTimeoutCallback	16	static
../user_code/APP/client/tcp_client.c:2003:13:StartdataTimeoutCallback	16	static
../user_code/APP/client/tcp_client.c:2009:13:ChargingTimeoutCallback	16	static
../user_code/APP/client/tcp_client.c:2015:13:FinishChargeTimeoutCallback	16	static
../user_code/APP/client/tcp_client.c:2021:13:IsoTimeoutCallback	16	static
../user_code/APP/client/tcp_client.c:2027:13:PosTimeoutCallback	16	static
../user_code/APP/client/tcp_client.c:2033:13:MeterTimeoutCallback	16	static
../user_code/APP/client/tcp_client.c:2039:13:RfidTimeoutCallback	16	static
../user_code/APP/client/tcp_client.c:2050:6:TimerInit	16	static
../user_code/APP/client/tcp_client.c:2117:6:TimerSignalStart	32	static
../user_code/APP/client/tcp_client.c:2149:6:TimerSignalStop	24	static
../user_code/APP/client/tcp_client.c:2181:6:TimerStart	24	static
../user_code/APP/client/tcp_client.c:2224:6:TimerStop	16	static
../user_code/APP/client/tcp_client.c:2264:6:CommunicationParse	16	static
../user_code/APP/client/tcp_client.c:2374:13:Tcp_Send_Task	32	static
../user_code/APP/client/tcp_client.c:2519:6:TCP_Init_Task	24	static
