D:\svn\02.src\CCU01_APP_RT1021\drivers/fsl_gpio.h:112:20:GPIO_PortSet	16	static
D:\svn\02.src\CCU01_APP_RT1021\drivers/fsl_gpio.h:136:20:GPIO_PortClear	16	static
D:\svn\02.src\CCU01_APP_RT1021\drivers/fsl_gpio.h:176:24:GPIO_PinRead	16	static
../user_code/APP/charge_control/charge_general.c:57:30:GetSeccModelByGun	32	static
../user_code/APP/charge_control/charge_general.c:100:13:SeccModuleSelect	8	static
../user_code/APP/charge_control/charge_general.c:113:13:Send2SeccCHM	32	static
../user_code/APP/charge_control/charge_general.c:147:13:Send2SeccCRM	40	static
../user_code/APP/charge_control/charge_general.c:184:4:DECtoBCD	24	static
../user_code/APP/charge_control/charge_general.c:202:13:Send2SeccCTS	72	static
../user_code/APP/charge_control/charge_general.c:252:13:Send2SeccCML	48	static
../user_code/APP/charge_control/charge_general.c:291:13:Send2SeccCRO	32	static
../user_code/APP/charge_control/charge_general.c:326:13:Send2SeccCCS	48	static
../user_code/APP/charge_control/charge_general.c:382:13:Send2SeccCST	40	static
../user_code/APP/charge_control/charge_general.c:415:13:Send2SeccCSD	40	static
../user_code/APP/charge_control/charge_general.c:457:13:Send2SeccCEM	40	static
../user_code/APP/charge_control/charge_general.c:530:6:SeccMessageSend	24	static
../user_code/APP/charge_control/charge_general.c:569:4:AS_GetGunPrechargeStatus	16	static
../user_code/APP/charge_control/charge_general.c:584:4:GetGunStatus	16	static
../user_code/APP/charge_control/charge_general.c:594:6:CheckAnotherGunStatus	16	static
../user_code/APP/charge_control/charge_general.c:621:6:ClearChargingData	16	static
../user_code/APP/charge_control/charge_general.c:638:6:SendGunConnectAbort	32	static
../user_code/APP/charge_control/charge_general.c:671:6:SendGunRecBRMRequestPack	32	static
../user_code/APP/charge_control/charge_general.c:704:6:SendGunRecBRMEndPack	32	static
../user_code/APP/charge_control/charge_general.c:737:6:SendGunRecBCPRequestPack	32	static
../user_code/APP/charge_control/charge_general.c:770:6:SendGunRecBCPEndPack	32	static
../user_code/APP/charge_control/charge_general.c:798:6:SendGunRecBCSRequestPack	32	static
../user_code/APP/charge_control/charge_general.c:831:6:SendGunRecBCSEndPack	32	static
../user_code/APP/charge_control/charge_general.c:864:6:SendGunRecBSPRequestPack	32	static
../user_code/APP/charge_control/charge_general.c:897:6:SendGunRecBSPEndPack	32	static
../user_code/APP/charge_control/charge_general.c:930:6:SendGunRecBMVRequestPack	32	static
../user_code/APP/charge_control/charge_general.c:963:6:SendGunRecBMVEndPack	32	static
../user_code/APP/charge_control/charge_general.c:996:6:SendGunRecBMTRequestPack	32	static
../user_code/APP/charge_control/charge_general.c:1029:6:SendGunRecBMTEndPack	32	static
../user_code/APP/charge_control/charge_general.c:1067:6:SendStopChargeMsg	24	static
../user_code/APP/charge_control/charge_general.c:1105:6:StartChargeControl	16	static
../user_code/APP/charge_control/charge_general.c:1125:6:StopChargeControl	16	static
../user_code/APP/charge_control/charge_general.c:1145:6:BmsStageSwitchCheck	16	static
../user_code/APP/charge_control/charge_general.c:1177:6:RelayControl_A	16	static
../user_code/APP/charge_control/charge_general.c:1234:6:StopRelayControl_A	8	static
../user_code/APP/charge_control/charge_general.c:1257:6:RelayControl_B	16	static
../user_code/APP/charge_control/charge_general.c:1314:6:StopRelayControl_B	8	static
../user_code/APP/charge_control/charge_general.c:1334:13:StopChargeRelayControl	16	static
../user_code/APP/charge_control/charge_general.c:1362:6:StartPrechargeRelayControl	16	static
../user_code/APP/charge_control/charge_general.c:1390:6:PrechargeFailRelayControl	16	static
../user_code/APP/charge_control/charge_general.c:1418:6:PrechargeFinishRelayControl	16	static
../user_code/APP/charge_control/charge_general.c:1448:13:StartChargeRelayControl	16	static
../user_code/APP/charge_control/charge_general.c:1476:6:AS_CheckSysChargingErr	32	static
../user_code/APP/charge_control/charge_general.c:1532:13:BmsOverVolCheck	72	static
../user_code/APP/charge_control/charge_general.c:1663:13:BmsUnderVolCheck	64	static
../user_code/APP/charge_control/charge_general.c:1768:13:BmsOverCurCheck	48	static
../user_code/APP/charge_control/charge_general.c:1876:6:BmsChargingAlarmCheck	16	static
../user_code/APP/charge_control/charge_general.c:1893:17:AS_BmsHandshakeTreat	40	static
../user_code/APP/charge_control/charge_general.c:2014:13:InsulationVolBoost	56	static
../user_code/APP/charge_control/charge_general.c:2126:13:InsulationPressureRelief	48	static
../user_code/APP/charge_control/charge_general.c:2187:6:BmsInsulationCheck	48	static
../user_code/APP/charge_control/charge_general.c:2292:17:AS_BmsConfigTreat	48	static
../user_code/APP/charge_control/charge_general.c:2475:6:PrechargeFailProcess	56	static
../user_code/APP/charge_control/charge_general.c:2523:6:AS_BmsPrechargeTreat	56	static
../user_code/APP/charge_control/charge_general.c:2595:17:AS_BmsChargingTreat	40	static
../user_code/APP/charge_control/charge_general.c:2701:6:AS_BmsTimeoutTreat	40	static
../user_code/APP/charge_control/charge_general.c:2790:6:AS_BmsStopChargeTreat	40	static
../user_code/APP/charge_control/charge_general.c:2893:6:CloseLockAndAssist	32	static
../user_code/APP/charge_control/charge_general.c:2959:13:ChargeEnd	16	static
../user_code/APP/charge_control/charge_general.c:3010:6:ChargeFinishProcess	24	static
../user_code/APP/charge_control/charge_general.c:3052:13:CommonChargeControl	32	static
../user_code/APP/charge_control/charge_general.c:3075:13:Charge_CanA_Control_Task	16	static
../user_code/APP/charge_control/charge_general.c:3118:13:Charge_CanB_Control_Task	16	static
../user_code/APP/charge_control/charge_general.c:3162:13:CommonCanMsgSend	32	static
../user_code/APP/charge_control/charge_general.c:3181:13:Charge_CanA_Msg_Send_Task	16	static
../user_code/APP/charge_control/charge_general.c:3199:13:Charge_CanB_Msg_Send_Task	16	static
../user_code/APP/charge_control/charge_general.c:3214:6:Charge_Init_Task	24	static
