D:\svn\02.src\CCU01_APP_RT1021\drivers/fsl_gpio.h:176:24:GPIO_PinRead	16	static
../user_code/APP/charge_control/GB_27930_comm.c:33:13:Send2BmsCHM	32	static
../user_code/APP/charge_control/GB_27930_comm.c:62:13:Send2BmsCRM	40	static
../user_code/APP/charge_control/GB_27930_comm.c:102:13:Send2BmsCTS	72	static
../user_code/APP/charge_control/GB_27930_comm.c:152:13:Send2BmsCML	48	static
../user_code/APP/charge_control/GB_27930_comm.c:190:13:Send2BmsCRO	32	static
../user_code/APP/charge_control/GB_27930_comm.c:216:13:Send2BmsCCS	48	static
../user_code/APP/charge_control/GB_27930_comm.c:255:13:Send2BmsCST	40	static
../user_code/APP/charge_control/GB_27930_comm.c:287:13:Send2BmsCSD	40	static
../user_code/APP/charge_control/GB_27930_comm.c:325:13:Send2BmsCEM	40	static
../user_code/APP/charge_control/GB_27930_comm.c:409:13:GBCheckSysChargingErr	32	static
../user_code/APP/charge_control/GB_27930_comm.c:516:13:BmsChargingInit	32	static
../user_code/APP/charge_control/GB_27930_comm.c:634:13:GB_BmsInsulationCheck	16	static
../user_code/APP/charge_control/GB_27930_comm.c:658:24:GB_BmsHandshakeTreat	56	static
../user_code/APP/charge_control/GB_27930_comm.c:831:13:CheckBmsBatteryVol	24	static
../user_code/APP/charge_control/GB_27930_comm.c:861:6:GB_PrechargeFinishRelayControl	24	static
../user_code/APP/charge_control/GB_27930_comm.c:895:24:GB_BmsPrechargeTreat	64	static
../user_code/APP/charge_control/GB_27930_comm.c:985:24:GB_BmsConfigTreat	56	static
../user_code/APP/charge_control/GB_27930_comm.c:1195:24:GB_BmsChargingTreat	40	static
../user_code/APP/charge_control/GB_27930_comm.c:1339:13:GB_BmsStopChargeTreat	40	static
../user_code/APP/charge_control/GB_27930_comm.c:1447:13:GB_BmsTimeoutTreat	16	static
../user_code/APP/charge_control/GB_27930_comm.c:1484:13:GBChargeControl	56	static
../user_code/APP/charge_control/GB_27930_comm.c:1810:13:GBMessageSend	24	static
../user_code/APP/charge_control/GB_27930_comm.c:1843:23:GetGBChargeModel	4	static
../user_code/APP/charge_control/GB_27930_comm.c:1848:6:GB2015Init	4	static
