../user_code/APP/cig/cig.c:38:6:CigContrlDataInput	24	static
../user_code/APP/cig/cig.c:65:6:CigAssistRelayClose	16	static
../user_code/APP/cig/cig.c:104:6:CigRelayOpenContrl	16	static
../user_code/APP/cig/cig.c:145:13:CigUartSend	32	static
../user_code/APP/cig/cig.c:163:13:CigMsgParse	8	static
../user_code/APP/cig/cig.c:175:12:Bid2Little	24	static
../user_code/APP/cig/cig.c:186:13:CigStatusParse	16	static
../user_code/APP/cig/cig.c:213:13:CigDataParse	32	static
../user_code/APP/cig/cig.c:269:13:CigUpdateFunc	24	static
../user_code/APP/cig/cig.c:342:13:CigDataProcess	16	static
../user_code/APP/cig/cig.c:373:13:CigSendData	32	static
../user_code/APP/cig/cig.c:395:13:CigCOMControl	16	static
../user_code/APP/cig/cig.c:422:13:CigComCheck	16	static
../user_code/APP/cig/cig.c:450:13:Cig_Request_Task	24	static
../user_code/APP/cig/cig.c:530:13:Cig_Parse_GUN_Task	24	static
../user_code/APP/cig/cig.c:567:13:GB_SetGunStatus	16	static
../user_code/APP/cig/cig.c:592:13:CC1StatusCheck	32	static
../user_code/APP/cig/cig.c:699:13:GUNA_CC1_Check_Task	24	static
../user_code/APP/cig/cig.c:722:13:GUNB_CC1_Check_Task	24	static
../user_code/APP/cig/cig.c:739:6:Cig_Init_Task	24	static
