D:\svn\02.src\CCU01_APP_RT1021\CMSIS/core_cm7.h:1911:22:__NVIC_EnableIRQ	16	static
D:\svn\02.src\CCU01_APP_RT1021\CMSIS/core_cm7.h:2041:22:__NVIC_SetPriority	16	static
D:\svn\02.src\CCU01_APP_RT1021\drivers/fsl_common_arm.h:570:24:EnableIRQ	24	static
D:\svn\02.src\CCU01_APP_RT1021\drivers/fsl_gpio.h:112:20:GPIO_PortSet	16	static
D:\svn\02.src\CCU01_APP_RT1021\drivers/fsl_gpio.h:136:20:GPIO_PortClear	16	static
../user_code/HAL/hal_uart/hal_uart.c:47:13:blCheckUsartUpdateMsg	48	static
../user_code/HAL/hal_uart/hal_uart.c:182:28:RecUpgradeData	16	static
../user_code/HAL/hal_uart/hal_uart.c:221:10:RecUartData	16	static
../user_code/HAL/hal_uart/hal_uart.c:243:19:Uart_recBinarySemaphore	16	static
../user_code/HAL/hal_uart/hal_uart.c:248:19:Uart_sendBinarySemaphore	16	static
../user_code/HAL/hal_uart/hal_uart.c:253:19:Uart_commMutexSemaphore	16	static
../user_code/HAL/hal_uart/hal_uart.c:258:13:Rs485_1_ConnPin_Enable	8	static
../user_code/HAL/hal_uart/hal_uart.c:262:13:Rs485_1_ConnPin_Disable	8	static
../user_code/HAL/hal_uart/hal_uart.c:267:13:Rs485_2_ConnPin_Enable	8	static
../user_code/HAL/hal_uart/hal_uart.c:271:13:Rs485_2_ConnPin_Disable	8	static
../user_code/HAL/hal_uart/hal_uart.c:276:13:Rs485_3_ConnPin_Enable	8	static
../user_code/HAL/hal_uart/hal_uart.c:280:13:Rs485_3_ConnPin_Disable	8	static
../user_code/HAL/hal_uart/hal_uart.c:285:13:Rs485_4_ConnPin_Enable	8	static
../user_code/HAL/hal_uart/hal_uart.c:289:13:Rs485_4_ConnPin_Disable	8	static
../user_code/HAL/hal_uart/hal_uart.c:294:6:Uart_Dma_Send	24	static
../user_code/HAL/hal_uart/hal_uart.c:339:6:LPUART_DmaCallback	32	static
../user_code/HAL/hal_uart/hal_uart.c:364:6:LPUART_IRQ_User_handle	24	static
../user_code/HAL/hal_uart/hal_uart.c:405:6:Uart_BaudRate_Reinit	16	static
../user_code/HAL/hal_uart/hal_uart.c:427:6:Uart_Dma_Init	16	static
../user_code/HAL/hal_uart/hal_uart.c:436:6:Uart_Init	16	static
../user_code/HAL/hal_uart/hal_uart.c:446:6:Hal_Uart_Init	24	static
