../user_code/APP/meter/meter.c:33:13:MeterModuleSelect	16	static
../user_code/APP/meter/meter.c:64:6:MeterUartSend	32	static
../user_code/APP/meter/meter.c:98:7:gHexToFloat	32	static
../user_code/APP/meter/meter.c:123:13:MeterComCheck	8	static
../user_code/APP/meter/meter.c:164:13:Meter_Request_Task	64	static
../user_code/APP/meter/meter.c:231:13:MeterDataProcess	24	static
../user_code/APP/meter/meter.c:279:13:Meter_Parse_Task	24	static
../user_code/APP/meter/meter.c:310:6:Meter_Init_Task	24	static
