D:\SVN_code\02.Software\01.CCU01\02.src\CCU01_DCDC\CCU01_APP_RT1021\drivers/fsl_gpio.h:112:20:GPIO_PortSet	16	static
D:\SVN_code\02.Software\01.CCU01\02.src\CCU01_DCDC\CCU01_APP_RT1021\drivers/fsl_gpio.h:136:20:GPIO_PortClear	16	static
../user_code/APP/charge_control/charge_general.c:60:30:GetSeccModelByGun	32	static
../user_code/APP/charge_control/charge_general.c:103:13:SeccModuleSelect	8	static
../user_code/APP/charge_control/charge_general.c:116:13:Send2SeccCHM	32	static
../user_code/APP/charge_control/charge_general.c:150:13:Send2SeccCRM	40	static
../user_code/APP/charge_control/charge_general.c:187:4:DECtoBCD	24	static
../user_code/APP/charge_control/charge_general.c:205:13:Send2SeccCTS	72	static
../user_code/APP/charge_control/charge_general.c:255:13:Send2SeccCML	48	static
../user_code/APP/charge_control/charge_general.c:294:13:Send2SeccCRO	32	static
../user_code/APP/charge_control/charge_general.c:329:13:Send2SeccCCS	48	static
../user_code/APP/charge_control/charge_general.c:385:13:Send2SeccCST	40	static
../user_code/APP/charge_control/charge_general.c:418:13:Send2SeccCSD	40	static
../user_code/APP/charge_control/charge_general.c:460:13:Send2SeccCEM	40	static
../user_code/APP/charge_control/charge_general.c:533:6:SeccMessageSend	24	static
../user_code/APP/charge_control/charge_general.c:572:4:AS_GetGunPrechargeStatus	16	static
../user_code/APP/charge_control/charge_general.c:587:12:GetGunStatus	16	static
../user_code/APP/charge_control/charge_general.c:597:6:CheckAnotherGunStatus	16	static
../user_code/APP/charge_control/charge_general.c:624:6:ClearChargingData	16	static
../user_code/APP/charge_control/charge_general.c:642:6:SendGunConnectAbort	32	static
../user_code/APP/charge_control/charge_general.c:675:6:SendGunRecBRMRequestPack	32	static
../user_code/APP/charge_control/charge_general.c:708:6:SendGunRecBRMEndPack	32	static
../user_code/APP/charge_control/charge_general.c:741:6:SendGunRecBCPRequestPack	32	static
../user_code/APP/charge_control/charge_general.c:774:6:SendGunRecBCPEndPack	32	static
../user_code/APP/charge_control/charge_general.c:807:6:SendGunRecBCSRequestPack	32	static
../user_code/APP/charge_control/charge_general.c:840:6:SendGunRecBCSEndPack	32	static
../user_code/APP/charge_control/charge_general.c:873:6:SendGunRecBSPRequestPack	32	static
../user_code/APP/charge_control/charge_general.c:906:6:SendGunRecBSPEndPack	32	static
../user_code/APP/charge_control/charge_general.c:939:6:SendGunRecBMVRequestPack	32	static
../user_code/APP/charge_control/charge_general.c:972:6:SendGunRecBMVEndPack	32	static
../user_code/APP/charge_control/charge_general.c:1005:6:SendGunRecBMTRequestPack	32	static
../user_code/APP/charge_control/charge_general.c:1038:6:SendGunRecBMTEndPack	32	static
../user_code/APP/charge_control/charge_general.c:1076:6:SendStopChargeMsg	24	static
../user_code/APP/charge_control/charge_general.c:1114:6:StartChargingControl	16	static
../user_code/APP/charge_control/charge_general.c:1134:6:StopChargingControl	16	static
../user_code/APP/charge_control/charge_general.c:1154:6:BmsStageSwitchCheck	16	static
../user_code/APP/charge_control/charge_general.c:1186:6:RelayControlPile	16	static
../user_code/APP/charge_control/charge_general.c:1225:6:RelayControl	16	static
../user_code/APP/charge_control/charge_general.c:1341:6:ChargeRelayOff	24	static
../user_code/APP/charge_control/charge_general.c:1366:6:StopChargeRelayControl	16	static
../user_code/APP/charge_control/charge_general.c:1386:6:StartPrechargeRelayControl	16	static
../user_code/APP/charge_control/charge_general.c:1404:6:PrechargeFailRelayControl	16	static
../user_code/APP/charge_control/charge_general.c:1422:6:PrechargeFinishRelayControl	16	static
../user_code/APP/charge_control/charge_general.c:1441:13:StartChargeRelayControl	16	static
../user_code/APP/charge_control/charge_general.c:1459:6:AS_CheckSysChargingErr	24	static
../user_code/APP/charge_control/charge_general.c:1511:13:BmsOverVolCheck	72	static
../user_code/APP/charge_control/charge_general.c:1644:13:BmsUnderVolCheck	64	static
../user_code/APP/charge_control/charge_general.c:1750:13:BmsOverCurCheck	48	static
../user_code/APP/charge_control/charge_general.c:1859:6:BmsChargingAlarmCheck	16	static
../user_code/APP/charge_control/charge_general.c:1876:17:AS_BmsHandshakeTreat	40	static
../user_code/APP/charge_control/charge_general.c:1997:13:InsulationVolBoost	56	static
../user_code/APP/charge_control/charge_general.c:2108:13:InsulationPressureRelief	48	static
../user_code/APP/charge_control/charge_general.c:2169:6:BmsInsulationCheck	48	static
../user_code/APP/charge_control/charge_general.c:2274:17:AS_BmsConfigTreat	48	static
../user_code/APP/charge_control/charge_general.c:2456:6:PrechargeFailProcess	56	static
../user_code/APP/charge_control/charge_general.c:2504:6:AS_BmsPrechargeTreat	40	static
../user_code/APP/charge_control/charge_general.c:2601:17:AS_BmsChargingTreat	40	static
../user_code/APP/charge_control/charge_general.c:2707:6:AS_BmsTimeoutTreat	40	static
../user_code/APP/charge_control/charge_general.c:2796:6:AS_BmsStopChargeTreat	40	static
../user_code/APP/charge_control/charge_general.c:2899:6:OpenLockAndAssist	32	static
../user_code/APP/charge_control/charge_general.c:2956:6:ChargeStartVoltageCheck	40	static
../user_code/APP/charge_control/charge_general.c:3002:13:ChargeEnd	24	static
../user_code/APP/charge_control/charge_general.c:3071:6:ChargeFinishProcess	24	static
../user_code/APP/charge_control/charge_general.c:3116:13:CommonChargeControl	32	static
../user_code/APP/charge_control/charge_general.c:3139:13:Charge_CanA_Control_Task	16	static
../user_code/APP/charge_control/charge_general.c:3182:13:Charge_CanB_Control_Task	16	static
../user_code/APP/charge_control/charge_general.c:3226:13:CommonCanMsgSend	32	static
../user_code/APP/charge_control/charge_general.c:3245:13:Charge_CanA_Msg_Send_Task	16	static
../user_code/APP/charge_control/charge_general.c:3263:13:Charge_CanB_Msg_Send_Task	16	static
../user_code/APP/charge_control/charge_general.c:3278:6:Charge_Init_Task	24	static
