../user_code/APP/charge_control/GB_27930_comm.c:32:13:Send2BmsCHM	32	static
../user_code/APP/charge_control/GB_27930_comm.c:61:13:Send2BmsCRM	40	static
../user_code/APP/charge_control/GB_27930_comm.c:101:13:Send2BmsCTS	72	static
../user_code/APP/charge_control/GB_27930_comm.c:151:13:Send2BmsCML	48	static
../user_code/APP/charge_control/GB_27930_comm.c:189:13:Send2BmsCRO	32	static
../user_code/APP/charge_control/GB_27930_comm.c:215:13:Send2BmsCCS	48	static
../user_code/APP/charge_control/GB_27930_comm.c:254:13:Send2BmsCST	40	static
../user_code/APP/charge_control/GB_27930_comm.c:286:13:Send2BmsCSD	40	static
../user_code/APP/charge_control/GB_27930_comm.c:324:13:Send2BmsCEM	40	static
../user_code/APP/charge_control/GB_27930_comm.c:401:13:GBCheckSysChargingErr	24	static
../user_code/APP/charge_control/GB_27930_comm.c:504:13:BmsChargingInit	32	static
../user_code/APP/charge_control/GB_27930_comm.c:610:13:GB_BmsInsulationCheck	16	static
../user_code/APP/charge_control/GB_27930_comm.c:634:24:GB_BmsHandshakeTreat	56	static
../user_code/APP/charge_control/GB_27930_comm.c:814:13:CheckBmsBatteryVol	24	static
../user_code/APP/charge_control/GB_27930_comm.c:857:6:GB_PrechargeFinishRelayControl	24	static
../user_code/APP/charge_control/GB_27930_comm.c:891:24:GB_BmsPrechargeTreat	56	static
../user_code/APP/charge_control/GB_27930_comm.c:1009:24:GB_BmsConfigTreat	56	static
../user_code/APP/charge_control/GB_27930_comm.c:1208:24:GB_BmsChargingTreat	40	static
../user_code/APP/charge_control/GB_27930_comm.c:1353:13:GB_BmsStopChargeTreat	40	static
../user_code/APP/charge_control/GB_27930_comm.c:1462:13:GB_BmsTimeoutTreat	16	static
../user_code/APP/charge_control/GB_27930_comm.c:1498:13:GBChargeControl	40	static
../user_code/APP/charge_control/GB_27930_comm.c:1762:13:GBMessageSend	24	static
../user_code/APP/charge_control/GB_27930_comm.c:1794:23:GetGBChargeModel	4	static
../user_code/APP/charge_control/GB_27930_comm.c:1799:6:GB2015Init	4	static
