../user_code/APP/rfid/HW_rfid.c:29:12:HexStrToInt	32	static
../user_code/APP/rfid/HW_rfid.c:56:13:XorChecksum	32	static
../user_code/APP/rfid/HW_rfid.c:74:13:SendFirstDataRequest	24	static
../user_code/APP/rfid/HW_rfid.c:113:13:SendSecondDataRequest	24	static
../user_code/APP/rfid/HW_rfid.c:147:13:HwRfidSearchRequest	16	static
../user_code/APP/rfid/HW_rfid.c:168:13:HwRfidHeartRequest	16	static
../user_code/APP/rfid/HW_rfid.c:183:13:RfidReadData	24	static
../user_code/APP/rfid/HW_rfid.c:237:13:HwRfidParse	32	static
../user_code/APP/rfid/HW_rfid.c:308:13:GetRfidConfig	16	static
../user_code/APP/rfid/HW_rfid.c:354:14:GetHwRfidModel	8	static
../user_code/APP/rfid/HW_rfid.c:361:6:HwRfidInit	4	static
