../user_code/APP/imd/imd.c:31:13:ImdModuleSelect	16	static
../user_code/APP/imd/imd.c:57:6:ImdUartSend	32	static
../user_code/APP/imd/imd.c:89:13:ImdComCheck	8	static
../user_code/APP/imd/imd.c:135:13:GunAImdControl	8	static
../user_code/APP/imd/imd.c:185:13:GunBImdControl	8	static
../user_code/APP/imd/imd.c:239:13:ImdDataCheck	32	static
../user_code/APP/imd/imd.c:311:13:ImdStatusParse	32	static
../user_code/APP/imd/imd.c:400:13:ImdDataProcess	24	static
../user_code/APP/imd/imd.c:443:13:Imd_Parse_Task	24	static
../user_code/APP/imd/imd.c:474:13:Imd_Request_Task	16	static
../user_code/APP/imd/imd.c:532:6:Imd_Init_Task	24	static
