../user_code/APP/cig/cig.c:38:6:CigContrlDataInput	24	static
../user_code/APP/cig/cig.c:67:13:CigUartSend	32	static
../user_code/APP/cig/cig.c:85:13:CigMsgParse	8	static
../user_code/APP/cig/cig.c:97:12:Bid2Little	24	static
../user_code/APP/cig/cig.c:108:13:CigStatusParse	16	static
../user_code/APP/cig/cig.c:135:13:CigDataParse	32	static
../user_code/APP/cig/cig.c:191:13:CigUpdateFunc	24	static
../user_code/APP/cig/cig.c:264:13:CigDataProcess	16	static
../user_code/APP/cig/cig.c:295:13:CigSendData	32	static
../user_code/APP/cig/cig.c:317:13:CigCOMControl	16	static
../user_code/APP/cig/cig.c:344:13:CigComCheck	16	static
../user_code/APP/cig/cig.c:372:13:Cig_Request_Task	24	static
../user_code/APP/cig/cig.c:466:13:Cig_Parse_GUN_Task	24	static
../user_code/APP/cig/cig.c:503:13:GB_SetGunStatus	16	static
../user_code/APP/cig/cig.c:528:13:CC1StatusCheck	32	static
../user_code/APP/cig/cig.c:635:13:GUNA_CC1_Check_Task	24	static
../user_code/APP/cig/cig.c:658:13:GUNB_CC1_Check_Task	24	static
../user_code/APP/cig/cig.c:675:6:Cig_Init_Task	24	static
