../user_code/APP/fault/emergency_fault.c:18:13:StopIoInit	4	static
../user_code/APP/fault/emergency_fault.c:22:13:DoorGuardIoInit	4	static
../user_code/APP/fault/emergency_fault.c:26:13:GunReturnCheckIoInit	4	static
../user_code/APP/fault/emergency_fault.c:30:13:WaterImmersionIoInit	4	static
../user_code/APP/fault/emergency_fault.c:35:13:AntiThunderIoInit	4	static
../user_code/APP/fault/emergency_fault.c:40:13:SmokeStatusIoInit	4	static
../user_code/APP/fault/emergency_fault.c:45:13:RunEmergencyStop	4	static
../user_code/APP/fault/emergency_fault.c:63:13:RunEmergencyGunReturnCheck	4	static
../user_code/APP/fault/emergency_fault.c:73:13:RunEmergencyDoorGuard	4	static
../user_code/APP/fault/emergency_fault.c:87:13:RunWaterImmersionCheck	4	static
../user_code/APP/fault/emergency_fault.c:101:13:RunTippingStatusCheck	4	static
../user_code/APP/fault/emergency_fault.c:115:13:RunAntiThunderCheck	4	static
../user_code/APP/fault/emergency_fault.c:129:13:Emergency_Estop_Task	16	static
../user_code/APP/fault/emergency_fault.c:141:13:Emergency_Door_Guard_Task	16	static
../user_code/APP/fault/emergency_fault.c:153:13:Emergency_Gun_Return_Check_Task	16	static
../user_code/APP/fault/emergency_fault.c:165:13:Emergency_Water_Immersion_Task	16	static
../user_code/APP/fault/emergency_fault.c:177:13:Emergency_Tipping_Status_Task	16	static
../user_code/APP/fault/emergency_fault.c:189:13:Emergency_AntiThunder_Task	16	static
../user_code/APP/fault/emergency_fault.c:206:6:Gun_Status_Check_Task	16	static
../user_code/APP/fault/emergency_fault.c:243:6:Emergency_Fault_Init_Task	24	static
