../user_code/APP/client/tcp_client.c:61:6:CheckConfig	24	static
../user_code/APP/client/tcp_client.c:72:6:CheckConfigMsg	8	static
../user_code/APP/client/tcp_client.c:163:6:TcpClose	8	static
../user_code/APP/client/tcp_client.c:185:6:CheckChargingStatus	16	static
../user_code/APP/client/tcp_client.c:209:13:MessageDebug	16	static
../user_code/APP/client/tcp_client.c:229:6:Int2Bigendian	16	static
../user_code/APP/client/tcp_client.c:243:13:Int2Smallendian	16	static
../user_code/APP/client/tcp_client.c:256:12:BigEndianToLittleEndian	24	static
../user_code/APP/client/tcp_client.c:273:12:Short2Smallendian	24	static
../user_code/APP/client/tcp_client.c:287:6:SpecialStatusSetProcess	16	static
../user_code/APP/client/tcp_client.c:307:6:TcpSendControl	16	static
../user_code/APP/client/tcp_client.c:322:4:SetAlarmFlagFunc	16	static
../user_code/APP/client/tcp_client.c:393:13:PileDefaultConfig	48	static
../user_code/APP/client/tcp_client.c:478:13:PileReadConfig	48	static
../user_code/APP/client/tcp_client.c:685:13:GetPileDefaultStatus	4	static
../user_code/APP/client/tcp_client.c:711:6:GetPileConfig	16	static
../user_code/APP/client/tcp_client.c:739:6:TcpSend	24	static
../user_code/APP/client/tcp_client.c:767:12:CCU_Data0001	72	static
../user_code/APP/client/tcp_client.c:1030:13:CCU_Send0001	8	static
../user_code/APP/client/tcp_client.c:1055:12:CCU_Data0002	32	static
../user_code/APP/client/tcp_client.c:1435:13:CCU_Send0002	8	static
../user_code/APP/client/tcp_client.c:1450:12:CCU_Data0003	32	static
../user_code/APP/client/tcp_client.c:1581:13:CCU_Send0003	8	static
../user_code/APP/client/tcp_client.c:1597:12:CCU_Data0004	40	static
../user_code/APP/client/tcp_client.c:2093:13:CCU_Send0004	8	static
../user_code/APP/client/tcp_client.c:2112:12:CCU_Data0005	32	static
../user_code/APP/client/tcp_client.c:2256:13:CCU_Send0005	8	static
../user_code/APP/client/tcp_client.c:2272:12:CCU_Data0006	32	static
../user_code/APP/client/tcp_client.c:2384:13:CCU_Send0006	8	static
../user_code/APP/client/tcp_client.c:2399:12:CCU_Data0007	32	static
../user_code/APP/client/tcp_client.c:2466:13:CCU_Send0007	8	static
../user_code/APP/client/tcp_client.c:2482:12:CCU_Data0008	32	static
../user_code/APP/client/tcp_client.c:2548:13:CCU_Send0008	8	static
../user_code/APP/client/tcp_client.c:2564:12:CCU_Data0009	40	static
../user_code/APP/client/tcp_client.c:2643:13:CCU_Send0009	8	static
../user_code/APP/client/tcp_client.c:2659:12:CCU_Data0010	32	static
../user_code/APP/client/tcp_client.c:2747:13:CCU_Send0010	8	static
../user_code/APP/client/tcp_client.c:2763:12:CCU_Data0011	32	static
../user_code/APP/client/tcp_client.c:2871:13:CCU_Send0011	8	static
../user_code/APP/client/tcp_client.c:2887:12:CCU_Data0014	32	static
../user_code/APP/client/tcp_client.c:2937:13:CCU_Send0014	8	static
../user_code/APP/client/tcp_client.c:3067:12:CCU_Data0016	40	static
../user_code/APP/client/tcp_client.c:3154:13:CCU_Send0016	8	static
../user_code/APP/client/tcp_client.c:3170:13:AnalysisMsgbody8001	32	static
../user_code/APP/client/tcp_client.c:3189:13:AnalysisMsgbody8002	32	static
../user_code/APP/client/tcp_client.c:3207:13:AnalysisMsgbody8003	24	static
../user_code/APP/client/tcp_client.c:3333:13:AnalysisMsgbody0015	24	static
../user_code/APP/client/tcp_client.c:3355:12:CCU_Data8020	32	static
../user_code/APP/client/tcp_client.c:3397:13:CCU_Send8020	16	static
../user_code/APP/client/tcp_client.c:3415:13:HandleStartCharge	40	static
../user_code/APP/client/tcp_client.c:3474:13:AnalysisMsgbody0020	32	static
../user_code/APP/client/tcp_client.c:3504:12:CCU_Data8021	32	static
../user_code/APP/client/tcp_client.c:3547:13:CCU_Send8021	16	static
../user_code/APP/client/tcp_client.c:3563:13:HandleStopCharge	24	static
../user_code/APP/client/tcp_client.c:3586:13:AnalysisMsgbody0021	24	static
../user_code/APP/client/tcp_client.c:3612:12:CCU_Data8022	32	static
../user_code/APP/client/tcp_client.c:3655:13:CCU_Send8022	16	static
../user_code/APP/client/tcp_client.c:3671:13:HandleBookCharge	24	static
../user_code/APP/client/tcp_client.c:3709:13:AnalysisMsgbody0022	24	static
../user_code/APP/client/tcp_client.c:3734:12:CCU_Data8024	32	static
../user_code/APP/client/tcp_client.c:3777:13:CCU_Send8024	8	static
../user_code/APP/client/tcp_client.c:3794:13:AnalysisMsgbody0024	24	static
../user_code/APP/client/tcp_client.c:3821:12:CCU_Data8025	32	static
../user_code/APP/client/tcp_client.c:3864:13:CCU_Send8025	16	static
../user_code/APP/client/tcp_client.c:3881:13:AnalysisMsgbody0025	128	static
../user_code/APP/client/tcp_client.c:4015:12:CCU_Data8026	32	static
../user_code/APP/client/tcp_client.c:4058:13:CCU_Send8026	16	static
../user_code/APP/client/tcp_client.c:4075:13:AnalysisMsgbody0026	32	static
../user_code/APP/client/tcp_client.c:4540:13:AnalysisMsgbody0028	16	static
../user_code/APP/client/tcp_client.c:4560:13:AnalysisMsgbody0029	16	static
../user_code/APP/client/tcp_client.c:4578:13:AnalysisMsgbody0030	24	static
../user_code/APP/client/tcp_client.c:4601:12:CCU_Data8032	32	static
../user_code/APP/client/tcp_client.c:4644:13:CCU_Send8032	8	static
../user_code/APP/client/tcp_client.c:4660:13:PCUStatusRestoreProcess	24	static
../user_code/APP/client/tcp_client.c:4680:13:HandlePCUStatus0032	24	static
../user_code/APP/client/tcp_client.c:4746:13:AnalysisMsgbody0032	24	static
../user_code/APP/client/tcp_client.c:4795:13:AnalysisMsgbody0033	24	static
../user_code/APP/client/tcp_client.c:4806:12:CCU_Data8034	24	static
../user_code/APP/client/tcp_client.c:4848:13:CCU_Send8034	8	static
../user_code/APP/client/tcp_client.c:4864:13:AnalysisMsgbody0034	24	static
../user_code/APP/client/tcp_client.c:4879:12:CCU_Data8035	24	static
../user_code/APP/client/tcp_client.c:4921:13:CCU_Send8035	16	static
../user_code/APP/client/tcp_client.c:4937:13:AnalysisMsgbody0035	32	static
../user_code/APP/client/tcp_client.c:5075:13:AnalysisMsgbody0036	16	static
../user_code/APP/client/tcp_client.c:5086:13:AnalysisMsgbody0037	24	static
../user_code/APP/client/tcp_client.c:5172:13:GUNWarnInjection	16	static
../user_code/APP/client/tcp_client.c:5200:13:GUNFaultInjection	16	static
../user_code/APP/client/tcp_client.c:5285:13:FaultInjection	56	static
../user_code/APP/client/tcp_client.c:5369:13:AnalysisMsgHead	24	static
../user_code/APP/client/tcp_client.c:5414:13:LoginTimeoutCallback	16	static
../user_code/APP/client/tcp_client.c:5419:13:HeartTimeoutCallback	16	static
../user_code/APP/client/tcp_client.c:5424:13:StartAuthTimeoutCallback	16	static
../user_code/APP/client/tcp_client.c:5429:13:ChargingTimeoutCallback	16	static
../user_code/APP/client/tcp_client.c:5446:13:StopChargeTimeoutCallback	16	static
../user_code/APP/client/tcp_client.c:5451:13:DeviceTimeoutCallback	16	static
../user_code/APP/client/tcp_client.c:5461:13:TimerInit	16	static
../user_code/APP/client/tcp_client.c:5501:13:TimerSingleStart	32	static
../user_code/APP/client/tcp_client.c:5535:13:TimerSingleStop	24	static
../user_code/APP/client/tcp_client.c:5569:13:TimerStart	24	static
../user_code/APP/client/tcp_client.c:5588:13:TimerStop	16	static
../user_code/APP/client/tcp_client.c:5612:13:SendDeviceData	8	static
../user_code/APP/client/tcp_client.c:5655:13:TcpDisconnect	24	static
../user_code/APP/client/tcp_client.c:5696:13:HeartTimeout	24	static
../user_code/APP/client/tcp_client.c:5740:13:ChargingDataTimeout	24	static
../user_code/APP/client/tcp_client.c:5782:13:AuthDataTimeout	8	static
../user_code/APP/client/tcp_client.c:5803:13:SendAuthData	8	static
../user_code/APP/client/tcp_client.c:5824:13:SendChargingData	8	static
../user_code/APP/client/tcp_client.c:5852:13:SendStopChargeData	48	static
../user_code/APP/client/tcp_client.c:5875:13:SendHeartBeat	24	static
../user_code/APP/client/tcp_client.c:5891:13:SendCCULog	8	static
../user_code/APP/client/tcp_client.c:5906:6:CommunicationParse	24	static
../user_code/APP/client/tcp_client.c:6050:6:ClearConnectStatus	4	static
../user_code/APP/client/tcp_client.c:6065:13:Tcp_Send_Task	32	static
../user_code/APP/client/tcp_client.c:6170:13:AlarmFillFunc	48	static
../user_code/APP/client/tcp_client.c:6316:13:Alarm_Fill_Task	24	static
../user_code/APP/client/tcp_client.c:6351:13:Send_Charging_Data_Task	16	static
../user_code/APP/client/tcp_client.c:6363:6:TCP_Init_Task	24	static
