../user_code/APP/cig/cig.c:35:6:CigContrlDataInput	24	static
../user_code/APP/cig/cig.c:64:13:CigUartSend	32	static
../user_code/APP/cig/cig.c:82:13:CigMsgParse	8	static
../user_code/APP/cig/cig.c:94:12:Bid2Little	24	static
../user_code/APP/cig/cig.c:105:13:CigStatusParse	16	static
../user_code/APP/cig/cig.c:132:13:CigDataParse	32	static
../user_code/APP/cig/cig.c:188:13:CigUpdateFunc	24	static
../user_code/APP/cig/cig.c:261:13:CigDataProcess	16	static
../user_code/APP/cig/cig.c:292:13:CigSendData	32	static
../user_code/APP/cig/cig.c:314:13:CigCOMControl	16	static
../user_code/APP/cig/cig.c:341:13:CigComCheck	16	static
../user_code/APP/cig/cig.c:369:13:Cig_Request_Task	24	static
../user_code/APP/cig/cig.c:463:13:Cig_Parse_GUN_Task	24	static
../user_code/APP/cig/cig.c:500:13:GB_SetGunStatus	16	static
../user_code/APP/cig/cig.c:525:13:CC1StatusCheck	32	static
../user_code/APP/cig/cig.c:632:13:GUNA_CC1_Check_Task	24	static
../user_code/APP/cig/cig.c:655:13:GUNB_CC1_Check_Task	24	static
../user_code/APP/cig/cig.c:672:6:Cig_Init_Task	24	static
