../user_code/APP/pos/BF_pos.c:40:11:Pos_Checksum	24	static
../user_code/APP/pos/BF_pos.c:55:13:Pos_JSON_Send	32	static
../user_code/APP/pos/BF_pos.c:92:6:BfPosTransactionStart	40	static
../user_code/APP/pos/BF_pos.c:158:6:BfPosTransactionCompletion	48	static
../user_code/APP/pos/BF_pos.c:240:6:BfPosTransactionReversal	32	static
../user_code/APP/pos/BF_pos.c:261:6:BfPosGetCardInfo	24	static
../user_code/APP/pos/BF_pos.c:279:6:BfPosTransactionAbort	24	static
../user_code/APP/pos/BF_pos.c:295:6:Pos_cjson_GetTerminalInfo	24	static
../user_code/APP/pos/BF_pos.c:349:13:Pos_cjson_TransactionStart	32	static
../user_code/APP/pos/BF_pos.c:428:6:Pos_cjson_TransactionCompletion	40	static
../user_code/APP/pos/BF_pos.c:506:13:Pos_cjson_TransactionReversal	32	static
../user_code/APP/pos/BF_pos.c:582:13:Pos_cjson_TransactionIncremental	40	static
../user_code/APP/pos/BF_pos.c:662:13:Pos_cjson_Abort	24	static
../user_code/APP/pos/BF_pos.c:718:13:BfPosReboot	24	static
../user_code/APP/pos/BF_pos.c:772:6:BfPosServiceBusyProcess	16	static
../user_code/APP/pos/BF_pos.c:797:13:GetCardInfo	24	static
../user_code/APP/pos/BF_pos.c:865:13:GetTerminalInfoParse	56	static
../user_code/APP/pos/BF_pos.c:927:13:GetTransactionStartParse	80	static
../user_code/APP/pos/BF_pos.c:1068:13:GetTransactionCompletionParse	48	static
../user_code/APP/pos/BF_pos.c:1153:13:GetTransactionReversalParse	32	static
../user_code/APP/pos/BF_pos.c:1189:13:GetTransactionIncrementalParse	48	static
../user_code/APP/pos/BF_pos.c:1265:13:GetCardInfoParse	56	static
../user_code/APP/pos/BF_pos.c:1361:13:Pos_cjson_Parse	72	static
../user_code/APP/pos/BF_pos.c:1493:5:DecimalFromString	24	static
../user_code/APP/pos/BF_pos.c:1504:13:BfPosHeartRequest	8	static
../user_code/APP/pos/BF_pos.c:1529:13:BfPosParse	32	static
../user_code/APP/pos/BF_pos.c:1609:13:GetBfPosModel	4	static
../user_code/APP/pos/BF_pos.c:1614:6:BfPosInit	4	static
