../user_code/APP/client/tcp_client.c:66:6:CheckConfig	24	static
../user_code/APP/client/tcp_client.c:77:6:CheckConfigMsg	8	static
../user_code/APP/client/tcp_client.c:168:6:CheckServerConfig	8	static
../user_code/APP/client/tcp_client.c:183:6:TcpClose	8	static
../user_code/APP/client/tcp_client.c:202:6:CheckChargingStatus	16	static
../user_code/APP/client/tcp_client.c:226:13:MessageDebug	16	static
../user_code/APP/client/tcp_client.c:246:6:Int2Bigendian	16	static
../user_code/APP/client/tcp_client.c:260:13:Int2Smallendian	16	static
../user_code/APP/client/tcp_client.c:273:12:BigEndianToLittleEndian	24	static
../user_code/APP/client/tcp_client.c:290:12:Short2Smallendian	24	static
../user_code/APP/client/tcp_client.c:304:6:SpecialStatusSetProcess	16	static
../user_code/APP/client/tcp_client.c:324:6:TcpSendControl	16	static
../user_code/APP/client/tcp_client.c:339:4:SetAlarmFlagFunc	16	static
../user_code/APP/client/tcp_client.c:493:13:PileReadConfig	48	static
../user_code/APP/client/tcp_client.c:692:13:GetPileDefaultStatus	4	static
../user_code/APP/client/tcp_client.c:718:6:GetPileConfig	8	static
../user_code/APP/client/tcp_client.c:747:6:TcpSend	24	static
../user_code/APP/client/tcp_client.c:775:12:CCU_Data0001	72	static
../user_code/APP/client/tcp_client.c:1033:13:CCU_Send0001	8	static
../user_code/APP/client/tcp_client.c:1058:12:CCU_Data0002	32	static
../user_code/APP/client/tcp_client.c:1429:13:CCU_Send0002	8	static
../user_code/APP/client/tcp_client.c:1444:12:CCU_Data0003	32	static
../user_code/APP/client/tcp_client.c:1575:13:CCU_Send0003	8	static
../user_code/APP/client/tcp_client.c:1591:12:CCU_Data0004	40	static
../user_code/APP/client/tcp_client.c:2045:13:CCU_Send0004	8	static
../user_code/APP/client/tcp_client.c:2064:12:CCU_Data0005	32	static
../user_code/APP/client/tcp_client.c:2208:13:CCU_Send0005	8	static
../user_code/APP/client/tcp_client.c:2224:12:CCU_Data0006	32	static
../user_code/APP/client/tcp_client.c:2336:13:CCU_Send0006	8	static
../user_code/APP/client/tcp_client.c:2351:12:CCU_Data0007	32	static
../user_code/APP/client/tcp_client.c:2418:13:CCU_Send0007	8	static
../user_code/APP/client/tcp_client.c:2434:12:CCU_Data0008	32	static
../user_code/APP/client/tcp_client.c:2500:13:CCU_Send0008	8	static
../user_code/APP/client/tcp_client.c:2516:12:CCU_Data0009	32	static
../user_code/APP/client/tcp_client.c:2583:13:CCU_Send0009	8	static
../user_code/APP/client/tcp_client.c:2599:12:CCU_Data0010	32	static
../user_code/APP/client/tcp_client.c:2687:13:CCU_Send0010	8	static
../user_code/APP/client/tcp_client.c:2703:12:CCU_Data0011	32	static
../user_code/APP/client/tcp_client.c:2811:13:CCU_Send0011	8	static
../user_code/APP/client/tcp_client.c:2827:12:CCU_Data0014	32	static
../user_code/APP/client/tcp_client.c:2877:13:CCU_Send0014	8	static
../user_code/APP/client/tcp_client.c:3007:12:CCU_Data0016	40	static
../user_code/APP/client/tcp_client.c:3094:13:CCU_Send0016	8	static
../user_code/APP/client/tcp_client.c:3110:13:AnalysisMsgbody8001	32	static
../user_code/APP/client/tcp_client.c:3129:13:AnalysisMsgbody8002	32	static
../user_code/APP/client/tcp_client.c:3147:13:AnalysisMsgbody8003	24	static
../user_code/APP/client/tcp_client.c:3273:13:AnalysisMsgbody0015	24	static
../user_code/APP/client/tcp_client.c:3295:12:CCU_Data8020	32	static
../user_code/APP/client/tcp_client.c:3337:13:CCU_Send8020	16	static
../user_code/APP/client/tcp_client.c:3353:13:AnalysisMsgbody0020	32	static
../user_code/APP/client/tcp_client.c:3465:12:CCU_Data8021	32	static
../user_code/APP/client/tcp_client.c:3508:13:CCU_Send8021	16	static
../user_code/APP/client/tcp_client.c:3524:13:AnalysisMsgbody0021	24	static
../user_code/APP/client/tcp_client.c:3576:12:CCU_Data8022	32	static
../user_code/APP/client/tcp_client.c:3619:13:CCU_Send8022	16	static
../user_code/APP/client/tcp_client.c:3636:13:AnalysisMsgbody0022	24	static
../user_code/APP/client/tcp_client.c:3706:12:CCU_Data8024	32	static
../user_code/APP/client/tcp_client.c:3749:13:CCU_Send8024	8	static
../user_code/APP/client/tcp_client.c:3766:13:AnalysisMsgbody0024	24	static
../user_code/APP/client/tcp_client.c:3793:12:CCU_Data8025	32	static
../user_code/APP/client/tcp_client.c:3836:13:CCU_Send8025	16	static
../user_code/APP/client/tcp_client.c:3853:13:AnalysisMsgbody0025	128	static
../user_code/APP/client/tcp_client.c:3987:12:CCU_Data8026	32	static
../user_code/APP/client/tcp_client.c:4030:13:CCU_Send8026	16	static
../user_code/APP/client/tcp_client.c:4047:13:AnalysisMsgbody0026	32	static
../user_code/APP/client/tcp_client.c:4512:13:AnalysisMsgbody0028	16	static
../user_code/APP/client/tcp_client.c:4529:13:AnalysisMsgbody0029	16	static
../user_code/APP/client/tcp_client.c:4547:13:AnalysisMsgbody0030	24	static
../user_code/APP/client/tcp_client.c:4570:12:CCU_Data8032	32	static
../user_code/APP/client/tcp_client.c:4613:13:CCU_Send8032	8	static
../user_code/APP/client/tcp_client.c:4629:13:PCUStatusRestoreProcess	24	static
../user_code/APP/client/tcp_client.c:4650:13:AnalysisMsgbody0032	24	static
../user_code/APP/client/tcp_client.c:4788:13:AnalysisMsgbody0033	24	static
../user_code/APP/client/tcp_client.c:4799:12:CCU_Data8034	24	static
../user_code/APP/client/tcp_client.c:4841:13:CCU_Send8034	8	static
../user_code/APP/client/tcp_client.c:4857:13:AnalysisMsgbody0034	24	static
../user_code/APP/client/tcp_client.c:4872:12:CCU_Data8035	24	static
../user_code/APP/client/tcp_client.c:4914:13:CCU_Send8035	16	static
../user_code/APP/client/tcp_client.c:4930:13:AnalysisMsgbody0035	32	static
../user_code/APP/client/tcp_client.c:5064:13:AnalysisMsgbody0036	16	static
../user_code/APP/client/tcp_client.c:5075:13:AnalysisMsgbody0037	24	static
../user_code/APP/client/tcp_client.c:5161:13:GUNWarnInjection	16	static
../user_code/APP/client/tcp_client.c:5189:13:GUNFaultInjection	16	static
../user_code/APP/client/tcp_client.c:5274:13:FaultInjection	56	static
../user_code/APP/client/tcp_client.c:5358:13:AnalysisMsgHead	24	static
../user_code/APP/client/tcp_client.c:5403:13:LoginTimeoutCallback	16	static
../user_code/APP/client/tcp_client.c:5408:13:HeartTimeoutCallback	16	static
../user_code/APP/client/tcp_client.c:5413:13:StartAuthTimeoutCallback	16	static
../user_code/APP/client/tcp_client.c:5418:13:ChargingTimeoutCallback	16	static
../user_code/APP/client/tcp_client.c:5435:13:StopChargeTimeoutCallback	16	static
../user_code/APP/client/tcp_client.c:5440:13:DeviceTimeoutCallback	16	static
../user_code/APP/client/tcp_client.c:5450:13:TimerInit	16	static
../user_code/APP/client/tcp_client.c:5490:13:TimerSingleStart	32	static
../user_code/APP/client/tcp_client.c:5524:13:TimerSingleStop	24	static
../user_code/APP/client/tcp_client.c:5558:13:TimerStart	24	static
../user_code/APP/client/tcp_client.c:5577:13:TimerStop	16	static
../user_code/APP/client/tcp_client.c:5601:13:SendDeviceData	8	static
../user_code/APP/client/tcp_client.c:5644:13:TcpDisconnect	24	static
../user_code/APP/client/tcp_client.c:5685:13:HeartTimeout	24	static
../user_code/APP/client/tcp_client.c:5729:13:ChargingDataTimeout	24	static
../user_code/APP/client/tcp_client.c:5771:13:AuthDataTimeout	8	static
../user_code/APP/client/tcp_client.c:5792:13:SendAuthData	8	static
../user_code/APP/client/tcp_client.c:5813:13:SendChargingData	8	static
../user_code/APP/client/tcp_client.c:5841:13:SendStopChargeData	48	static
../user_code/APP/client/tcp_client.c:5864:13:SendHeartBeat	24	static
../user_code/APP/client/tcp_client.c:5880:13:SendCCULog	8	static
../user_code/APP/client/tcp_client.c:5895:6:CommunicationParse	24	static
../user_code/APP/client/tcp_client.c:6039:13:Tcp_Send_Task	32	static
../user_code/APP/client/tcp_client.c:6152:13:AlarmFillFunc	48	static
../user_code/APP/client/tcp_client.c:6298:13:Alarm_Fill_Task	24	static
../user_code/APP/client/tcp_client.c:6333:13:Send_Charging_Data_Task	16	static
../user_code/APP/client/tcp_client.c:6345:6:TCP_Init_Task	24	static
