D:\svn\02.src\CCU01_APP_RT1021\CMSIS/core_cm7.h:2041:22:__NVIC_SetPriority	16	static
D:\svn\02.src\CCU01_APP_RT1021\CMSIS/mpu_armv7.h:204:22:ARM_MPU_Disable	4	static
D:\svn\02.src\CCU01_APP_RT1021\drivers/fsl_common_arm.h:788:24:DisableGlobalIRQ	16	static
D:\svn\02.src\CCU01_APP_RT1021\drivers/fsl_common_arm.h:814:20:EnableGlobalIRQ	24	static
D:\svn\02.src\CCU01_APP_RT1021\drivers/fsl_edma.h:348:20:EDMA_EnableMinorLoopMapping	16	static
D:\svn\02.src\CCU01_APP_RT1021\drivers/fsl_dmamux.h:75:20:DMAMUX_EnableChannel	16	static
D:\svn\02.src\CCU01_APP_RT1021\drivers/fsl_dmamux.h:110:20:DMAMUX_SetSource	24	static
D:\svn\02.src\CCU01_APP_RT1021\drivers/fsl_flexcan.h:1765:20:FLEXCAN_EnableMbInterrupts	40	static
D:\svn\02.src\CCU01_APP_RT1021\drivers/fsl_lpi2c.h:699:20:LPI2C_MasterEnableDMA	16	static
../board/peripherals.c:136:13:DMA0_init	8	static
../board/peripherals.c:562:13:CHARGE_CAN_A_init	8	static
../board/peripherals.c:1029:13:CHARGE_CAN_B_init	8	static
../board/peripherals.c:1194:13:LPUART1_init	16	static
../board/peripherals.c:1286:13:EXT_RTC_I2C_init	8	static
../board/peripherals.c:1415:13:ADC1_init	8	static
../board/peripherals.c:1513:13:LPUART2_init	16	static
../board/peripherals.c:1622:13:LPUART3_init	16	static
../board/peripherals.c:1731:13:LPUART4_init	16	static
../board/peripherals.c:1840:13:LPUART5_init	16	static
../board/peripherals.c:1949:13:LPUART6_init	16	static
../board/peripherals.c:2058:13:LPUART7_init	16	static
../board/peripherals.c:2167:13:LPUART8_init	16	static
../board/peripherals.c:2318:13:TMR1_init	16	static
../board/peripherals.c:2444:13:TMR2_init	16	static
../board/peripherals.c:2533:6:EEPROM_I2C_init	8	static
../board/peripherals.c:2686:13:lwIP_init	4	static
../board/peripherals.c:2698:6:BOARD_InitPeripherals	8	static
../board/peripherals.c:2728:6:BOARD_InitBootPeripherals	8	static
../board/peripherals.c:2733:6:ReconfigUart6	8	static
../board/peripherals.c:2737:6:ReconfigUart7	8	static
