D:\svn\02.src\CCU01_APP_RT1021\drivers/fsl_gpio.h:176:24:GPIO_PinRead	16	static
../user_code/APP/fault/emergency_fault.c:41:6:PileFaultCodeCheck	80	static
../user_code/APP/fault/emergency_fault.c:75:6:RecoverableWarnCodeCheck	24	static
../user_code/APP/fault/emergency_fault.c:107:6:RecoverableFaultCodeCheck	24	static
../user_code/APP/fault/emergency_fault.c:134:16:FaultCodeCheck	184	static
../user_code/APP/fault/emergency_fault.c:187:13:AlarmSemRelease	8	static
../user_code/APP/fault/emergency_fault.c:203:13:ClearBitGeneric	80	static
../user_code/APP/fault/emergency_fault.c:256:6:GunAlarmResetTest	24	static
../user_code/APP/fault/emergency_fault.c:284:6:GunAlarmReset	24	static
../user_code/APP/fault/emergency_fault.c:312:6:GunAlarmSet	72	static
../user_code/APP/fault/emergency_fault.c:383:6:PileAlarmResetTest	40	static
../user_code/APP/fault/emergency_fault.c:454:6:PileAlarmReset	40	static
../user_code/APP/fault/emergency_fault.c:526:6:PileAlarmSet	32	static
../user_code/APP/fault/emergency_fault.c:579:6:GunReturnResetAlarm	16	static
../user_code/APP/fault/emergency_fault.c:611:13:GunReturnTimeoutcheck	24	static
../user_code/APP/fault/emergency_fault.c:638:13:GunRestoreReturnCheck	16	static
../user_code/APP/fault/emergency_fault.c:659:13:GunReturnCheck	16	static
../user_code/APP/fault/emergency_fault.c:685:13:RunEmergencyGunReturnCheck	8	static
../user_code/APP/fault/emergency_fault.c:753:13:RunEmergencyScram	8	static
../user_code/APP/fault/emergency_fault.c:823:13:RunEmergencyDoorGuard	8	static
../user_code/APP/fault/emergency_fault.c:858:13:RunWaterImmersionCheck	8	static
../user_code/APP/fault/emergency_fault.c:893:13:RunHitTestCheck	8	static
../user_code/APP/fault/emergency_fault.c:928:13:RunMCBTestCheck	8	static
../user_code/APP/fault/emergency_fault.c:963:13:RunSPDCheck	8	static
../user_code/APP/fault/emergency_fault.c:998:13:RunFuseIOCheck	8	static
../user_code/APP/fault/emergency_fault.c:1072:13:PositiveTempCheck	32	static
../user_code/APP/fault/emergency_fault.c:1176:13:NegativeTempCheck	32	static
../user_code/APP/fault/emergency_fault.c:1280:13:GunTempDiffCheck	32	static
../user_code/APP/fault/emergency_fault.c:1335:13:RunGunTempCheck	8	static
../user_code/APP/fault/emergency_fault.c:1350:13:GunNegativeRelay	32	static
../user_code/APP/fault/emergency_fault.c:1466:13:GunPositiveRelay	32	static
../user_code/APP/fault/emergency_fault.c:1584:13:Assist_Power_RelayCheck	32	static
../user_code/APP/fault/emergency_fault.c:1700:13:Gun_Lock_RelayCheck	32	static
../user_code/APP/fault/emergency_fault.c:1817:13:RunCigRelayCheck	16	static
../user_code/APP/fault/emergency_fault.c:1842:13:RunHighVolRelayCheck	8	static
../user_code/APP/fault/emergency_fault.c:1850:13:Emergency_Fault_Check_Task	16	static
../user_code/APP/fault/emergency_fault.c:1892:13:Scram_Check_Task	16	static
../user_code/APP/fault/emergency_fault.c:1906:6:Emergency_Fault_Init_Task	24	static
