D:\svn\02.src\CCU01_APP_RT1021\CMSIS/core_cm7.h:1911:22:__NVIC_EnableIRQ	16	static
D:\svn\02.src\CCU01_APP_RT1021\CMSIS/core_cm7.h:2041:22:__NVIC_SetPriority	16	static
D:\svn\02.src\CCU01_APP_RT1021\drivers/fsl_common_arm.h:570:24:EnableIRQ	24	static
D:\svn\02.src\CCU01_APP_RT1021\drivers/fsl_gpio.h:112:20:GPIO_PortSet	16	static
D:\svn\02.src\CCU01_APP_RT1021\drivers/fsl_gpio.h:136:20:GPIO_PortClear	16	static
../user_code/HAL/hal_uart/hal_uart.c:48:13:blCheckUsartUpdateMsg	48	static
../user_code/HAL/hal_uart/hal_uart.c:183:28:RecUpgradeData	16	static
../user_code/HAL/hal_uart/hal_uart.c:222:10:RecUartData	16	static
../user_code/HAL/hal_uart/hal_uart.c:244:19:Uart_recBinarySemaphore	16	static
../user_code/HAL/hal_uart/hal_uart.c:249:19:Uart_sendBinarySemaphore	16	static
../user_code/HAL/hal_uart/hal_uart.c:254:19:Uart_commMutexSemaphore	16	static
../user_code/HAL/hal_uart/hal_uart.c:259:13:Rs485_1_ConnPin_Enable	8	static
../user_code/HAL/hal_uart/hal_uart.c:263:13:Rs485_1_ConnPin_Disable	8	static
../user_code/HAL/hal_uart/hal_uart.c:268:13:Rs485_2_ConnPin_Enable	8	static
../user_code/HAL/hal_uart/hal_uart.c:272:13:Rs485_2_ConnPin_Disable	8	static
../user_code/HAL/hal_uart/hal_uart.c:277:13:Rs485_3_ConnPin_Enable	8	static
../user_code/HAL/hal_uart/hal_uart.c:281:13:Rs485_3_ConnPin_Disable	8	static
../user_code/HAL/hal_uart/hal_uart.c:286:13:Rs485_4_ConnPin_Enable	8	static
../user_code/HAL/hal_uart/hal_uart.c:290:13:Rs485_4_ConnPin_Disable	8	static
../user_code/HAL/hal_uart/hal_uart.c:295:6:Uart_Dma_Send	24	static
../user_code/HAL/hal_uart/hal_uart.c:340:6:LPUART_DmaCallback	32	static
../user_code/HAL/hal_uart/hal_uart.c:365:6:LPUART_IRQ_User_handle	24	static
../user_code/HAL/hal_uart/hal_uart.c:406:6:Uart_BaudRate_Reinit	16	static
../user_code/HAL/hal_uart/hal_uart.c:428:6:Uart_Dma_Init	16	static
../user_code/HAL/hal_uart/hal_uart.c:437:6:Uart_Init	16	static
../user_code/HAL/hal_uart/hal_uart.c:447:6:Hal_Uart_Init	24	static
